Archive member included because of file (symbol)

contiki-sky.a(rimeaddr.o)     udp-sender.co (rimeaddr_copy)
contiki-sky.a(csma.o)         obj_sky/contiki-sky-main.o (csma_driver)
contiki-sky.a(contikimac.o)   obj_sky/contiki-sky-main.o (contikimac_driver)
contiki-sky.a(phase.o)        contiki-sky.a(contikimac.o) (phase_update)
contiki-sky.a(rpl-dag.o)      udp-sender.co (rpl_get_parent_ipaddr)
contiki-sky.a(rpl-icmp6.o)    contiki-sky.a(rpl-dag.o) (dao_output)
contiki-sky.a(rpl-timers.o)   contiki-sky.a(rpl-dag.o) (rpl_reset_dio_timer)
contiki-sky.a(rpl-mrhof.o)    contiki-sky.a(rpl-dag.o) (rpl_mrhof)
contiki-sky.a(process.o)      udp-sender.co (process_current)
contiki-sky.a(autostart.o)    obj_sky/contiki-sky-main.o (autostart_start)
contiki-sky.a(compower.o)     contiki-sky.a(contikimac.o) (compower_idle_activity)
contiki-sky.a(serial-line.o)  udp-sender.co (serial_line_input_byte)
contiki-sky.a(memb.o)         contiki-sky.a(csma.o) (memb_init)
contiki-sky.a(timer.o)        obj_sky/contiki-sky-main.o (timer_set)
contiki-sky.a(list.o)         contiki-sky.a(csma.o) (list_init)
contiki-sky.a(etimer.o)       obj_sky/contiki-sky-main.o (etimer_process)
contiki-sky.a(ctimer.o)       obj_sky/contiki-sky-main.o (ctimer_init)
contiki-sky.a(energest.o)     obj_sky/contiki-sky-main.o (energest_init)
contiki-sky.a(rtimer.o)       obj_sky/contiki-sky-main.o (rtimer_init)
contiki-sky.a(stimer.o)       contiki-sky.a(rpl-icmp6.o) (stimer_set)
contiki-sky.a(random.o)       obj_sky/contiki-sky-main.o (random_init)
contiki-sky.a(ringbuf.o)      contiki-sky.a(serial-line.o) (ringbuf_init)
contiki-sky.a(nbr-table.o)    contiki-sky.a(phase.o) (nbr_table_register)
contiki-sky.a(packetbuf.o)    contiki-sky.a(contikimac.o) (packetbuf_hdr_remove)
contiki-sky.a(queuebuf.o)     obj_sky/contiki-sky-main.o (queuebuf_init)
contiki-sky.a(sicslowpan.o)   obj_sky/contiki-sky-main.o (sicslowpan_driver)
contiki-sky.a(tcpip.o)        contiki-sky.a(sicslowpan.o) (tcpip_set_outputfunc)
contiki-sky.a(uip-debug.o)    udp-sender.co (uip_debug_ipaddr_print)
contiki-sky.a(uip-ds6-route.o)
                              contiki-sky.a(rpl-icmp6.o) (uip_ds6_route_nexthop)
contiki-sky.a(uip-ds6-nbr.o)  contiki-sky.a(rpl-icmp6.o) (uip_ds6_nbr_add)
contiki-sky.a(uip-ds6.o)      contiki-sky.a(tcpip.o) (uip_ds6_is_addr_onlink)
contiki-sky.a(uip-icmp6.o)    contiki-sky.a(rpl-icmp6.o) (uip_icmp6_send)
contiki-sky.a(uip-nd6.o)      contiki-sky.a(tcpip.o) (uip_nd6_ns_output)
contiki-sky.a(uip-udp-packet.)
                              udp-sender.co (uip_udp_packet_sendto)
contiki-sky.a(uip6.o)         contiki-sky.a(rpl-icmp6.o) (uip_aligned_buf)
contiki-sky.a(collect-view.o)
                              udp-sender.co (collect_view_construct_message)
contiki-sky.a(collect-view-sk)
                              contiki-sky.a(collect-view.o) (collect_view_arch_read_sensors)
contiki-sky.a(contiki-sky-pla)
                              obj_sky/contiki-sky-main.o (init_platform)
contiki-sky.a(sht11-sensor.o)
                              contiki-sky.a(collect-view-sk) (sht11_sensor)
contiki-sky.a(light-sensor.o)
                              contiki-sky.a(collect-view-sk) (light_sensor)
contiki-sky.a(battery-sensor.)
                              contiki-sky.a(collect-view-sk) (battery_sensor)
contiki-sky.a(button-sensor.o)
                              contiki-sky.a(contiki-sky-pla) (button_sensor)
contiki-sky.a(ds2411.o)       obj_sky/contiki-sky-main.o (ds2411_init)
contiki-sky.a(xmem.o)         obj_sky/contiki-sky-main.o (xmem_init)
contiki-sky.a(node-id.o)      obj_sky/contiki-sky-main.o (node_id_restore)
contiki-sky.a(sensors.o)      contiki-sky.a(button-sensor.o) (sensors_changed)
contiki-sky.a(cc2420.o)       obj_sky/contiki-sky-main.o (cc2420_set_channel)
contiki-sky.a(cc2420-arch.o)  contiki-sky.a(cc2420.o) (cc2420_arch_init)
contiki-sky.a(sky-sensors.o)  contiki-sky.a(light-sensor.o) (sky_sensors_status)
contiki-sky.a(uart1.o)        obj_sky/contiki-sky-main.o (uart1_active)
contiki-sky.a(uart1-putchar.o)
                              udp-sender.co (putchar)
contiki-sky.a(msp430.o)       contiki-sky.a(uart1.o) (msp430_add_lpm_req)
contiki-sky.a(clock.o)        contiki-sky.a(timer.o) (clock_time)
contiki-sky.a(leds.o)         obj_sky/contiki-sky-main.o (leds_init)
contiki-sky.a(leds-arch.o)    contiki-sky.a(leds.o) (leds_arch_init)
contiki-sky.a(watchdog.o)     obj_sky/contiki-sky-main.o (watchdog_start)
contiki-sky.a(rtimer-arch.o)  contiki-sky.a(rtimer.o) (rtimer_arch_init)
contiki-sky.a(mac.o)          contiki-sky.a(csma.o) (mac_call_sent_callback)
contiki-sky.a(framer-802154.o)
                              contiki-sky.a(contikimac.o) (framer_802154)
contiki-sky.a(rpl.o)          contiki-sky.a(rpl-timers.o) (rpl_purge_routes)
contiki-sky.a(rpl-ext-header.)
                              contiki-sky.a(uip6.o) (rpl_verify_header)
contiki-sky.a(sht11.o)        contiki-sky.a(sht11-sensor.o) (sht11_init)
[...]
Memory Configuration

Name             Origin             Length             Attributes
sfr              0x0000000000000000 0x0000000000000010
peripheral_8bit  0x0000000000000010 0x00000000000000f0
peripheral_16bit 0x0000000000000100 0x0000000000000100
infomem          0x0000000000001000 0x0000000000000100
infob            0x0000000000001000 0x0000000000000080
infoa            0x0000000000001080 0x0000000000000080
ram              0x0000000000001100 0x0000000000002800 xw
rom              0x0000000000004000 0x000000000000bfe0 xr
vectors          0x000000000000ffe0 0x0000000000000020
bsl              0x0000000000000000 0x0000000000000000
infoc            0x0000000000000000 0x0000000000000000
infod            0x0000000000000000 0x0000000000000000
far_rom          0x0000000000000000 0x0000000000000000
*default*        0x0000000000000000 0xffffffffffffffff

Linker script and memory map

LOAD /usr/lib/gcc/msp430/4.5.3/mmpy-16/crt0ivtbl16.o
LOAD udp-sender.co
LOAD obj_sky/collect-common.o
LOAD obj_sky/contiki-sky-main.o
LOAD contiki-sky.a
LOAD /usr/lib/gcc/msp430/4.5.3/mmpy-16/libgcc.a
LOAD /usr/lib/gcc/msp430/4.5.3/../../../../msp430/lib/mmpy-16/libc.a
LOAD /usr/lib/gcc/msp430/4.5.3/mmpy-16/libgcc.a
LOAD /usr/lib/gcc/msp430/4.5.3/mmpy-16/libcrt0.a
                0x0000000000000000                __IE1 = 0x0
                0x0000000000000002                __IFG1 = 0x2
                0x0000000000000004                __ME1 = 0x4
                0x0000000000000001                __IE2 = 0x1
                0x0000000000000003                __IFG2 = 0x3
                0x0000000000000005                __ME2 = 0x5
                0x0000000000000120                __WDTCTL = 0x120
                0x0000000000000130                __MPY = 0x130
                0x0000000000000132                __MPYS = 0x132
                0x0000000000000134                __MAC = 0x134
                0x0000000000000136                __MACS = 0x136
                0x0000000000000138                __OP2 = 0x138
                0x000000000000013a                __RESLO = 0x13a
                0x000000000000013c                __RESHI = 0x13c
                0x000000000000013e                __SUMEXT = 0x13e
                0x0000000000000020                __P1IN = 0x20
                0x0000000000000021                __P1OUT = 0x21
                0x0000000000000022                __P1DIR = 0x22
                0x0000000000000023                __P1IFG = 0x23
                0x0000000000000024                __P1IES = 0x24
                0x0000000000000025                __P1IE = 0x25
                0x0000000000000026                __P1SEL = 0x26
                0x0000000000000028                __P2IN = 0x28
                0x0000000000000029                __P2OUT = 0x29
                0x000000000000002a                __P2DIR = 0x2a
                0x000000000000002b                __P2IFG = 0x2b
                0x000000000000002c                __P2IES = 0x2c
                0x000000000000002d                __P2IE = 0x2d
                0x000000000000002e                __P2SEL = 0x2e
                0x0000000000000018                __P3IN = 0x18
                0x0000000000000019                __P3OUT = 0x19
                0x000000000000001a                __P3DIR = 0x1a
                0x000000000000001b                __P3SEL = 0x1b
                0x000000000000001c                __P4IN = 0x1c
                0x000000000000001d                __P4OUT = 0x1d
                0x000000000000001e                __P4DIR = 0x1e
                0x000000000000001f                __P4SEL = 0x1f
                0x0000000000000030                __P5IN = 0x30
                0x0000000000000031                __P5OUT = 0x31
                0x0000000000000032                __P5DIR = 0x32
                0x0000000000000033                __P5SEL = 0x33
                0x0000000000000034                __P6IN = 0x34
                0x0000000000000035                __P6OUT = 0x35
                0x0000000000000036                __P6DIR = 0x36
                0x0000000000000037                __P6SEL = 0x37
                0x0000000000000070                __U0CTL = 0x70
                0x0000000000000071                __U0TCTL = 0x71
                0x0000000000000072                __U0RCTL = 0x72
                0x0000000000000073                __U0MCTL = 0x73
                0x0000000000000074                __U0BR0 = 0x74
                0x0000000000000075                __U0BR1 = 0x75
                0x0000000000000076                __U0RXBUF = 0x76
                0x0000000000000077                __U0TXBUF = 0x77
                0x0000000000000078                __U1CTL = 0x78
                0x0000000000000079                __U1TCTL = 0x79
                0x000000000000007a                __U1RCTL = 0x7a
                0x000000000000007b                __U1MCTL = 0x7b
                0x000000000000007c                __U1BR0 = 0x7c
                0x000000000000007d                __U1BR1 = 0x7d
                0x000000000000007e                __U1RXBUF = 0x7e
                0x000000000000007f                __U1TXBUF = 0x7f
                0x0000000000000050                __I2CIE = 0x50
                0x0000000000000051                __I2CIFG = 0x51
                0x0000000000000052                __I2CNDAT = 0x52
                0x0000000000000071                __I2CTCTL = 0x71
                0x0000000000000072                __I2CDCTL = 0x72
                0x0000000000000073                __I2CPSC = 0x73
                0x0000000000000074                __I2CSCLH = 0x74
                0x0000000000000075                __I2CSCLL = 0x75
                0x0000000000000076                __I2CDRB = 0x76
                0x0000000000000076                __I2CDRW = 0x76
                0x0000000000000118                __I2COA = 0x118
                0x000000000000011a                __I2CSA = 0x11a
                0x000000000000011c                __I2CIV = 0x11c
                0x000000000000012e                __TAIV = 0x12e
                0x0000000000000160                __TACTL = 0x160
                0x0000000000000162                __TACCTL0 = 0x162
                0x0000000000000164                __TACCTL1 = 0x164
                0x0000000000000166                __TACCTL2 = 0x166
                0x0000000000000170                __TAR = 0x170
                0x0000000000000172                __TACCR0 = 0x172
                0x0000000000000174                __TACCR1 = 0x174
                0x0000000000000176                __TACCR2 = 0x176
                0x000000000000011e                __TBIV = 0x11e
                0x0000000000000180                __TBCTL = 0x180
                0x0000000000000182                __TBCCTL0 = 0x182
                0x0000000000000184                __TBCCTL1 = 0x184
                0x0000000000000186                __TBCCTL2 = 0x186
                0x0000000000000188                __TBCCTL3 = 0x188
                0x000000000000018a                __TBCCTL4 = 0x18a
                0x000000000000018c                __TBCCTL5 = 0x18c
                0x000000000000018e                __TBCCTL6 = 0x18e
                0x0000000000000190                __TBR = 0x190
                0x0000000000000192                __TBCCR0 = 0x192
                0x0000000000000194                __TBCCR1 = 0x194
                0x0000000000000196                __TBCCR2 = 0x196
                0x0000000000000198                __TBCCR3 = 0x198
                0x000000000000019a                __TBCCR4 = 0x19a
                0x000000000000019c                __TBCCR5 = 0x19c
                0x000000000000019e                __TBCCR6 = 0x19e
                0x0000000000000056                __DCOCTL = 0x56
                0x0000000000000057                __BCSCTL1 = 0x57
                0x0000000000000058                __BCSCTL2 = 0x58
                0x0000000000000055                __SVSCTL = 0x55
                0x0000000000000128                __FCTL1 = 0x128
                0x000000000000012a                __FCTL2 = 0x12a
                0x000000000000012c                __FCTL3 = 0x12c
                0x0000000000000059                __CACTL1 = 0x59
                0x000000000000005a                __CACTL2 = 0x5a
                0x000000000000005b                __CAPD = 0x5b
                0x00000000000001a0                __ADC12CTL0 = 0x1a0
                0x00000000000001a2                __ADC12CTL1 = 0x1a2
                0x00000000000001a4                __ADC12IFG = 0x1a4
                0x00000000000001a6                __ADC12IE = 0x1a6
                0x00000000000001a8                __ADC12IV = 0x1a8
                0x0000000000000140                __ADC12MEM0 = 0x140
                0x0000000000000142                __ADC12MEM1 = 0x142
                0x0000000000000144                __ADC12MEM2 = 0x144
                0x0000000000000146                __ADC12MEM3 = 0x146
                0x0000000000000148                __ADC12MEM4 = 0x148
                0x000000000000014a                __ADC12MEM5 = 0x14a
                0x000000000000014c                __ADC12MEM6 = 0x14c
                0x000000000000014e                __ADC12MEM7 = 0x14e
                0x0000000000000150                __ADC12MEM8 = 0x150
                0x0000000000000152                __ADC12MEM9 = 0x152
                0x0000000000000154                __ADC12MEM10 = 0x154
                0x0000000000000156                __ADC12MEM11 = 0x156
                0x0000000000000158                __ADC12MEM12 = 0x158
                0x000000000000015a                __ADC12MEM13 = 0x15a
                0x000000000000015c                __ADC12MEM14 = 0x15c
                0x000000000000015e                __ADC12MEM15 = 0x15e
                0x0000000000000080                __ADC12MCTL0 = 0x80
                0x0000000000000081                __ADC12MCTL1 = 0x81
                0x0000000000000082                __ADC12MCTL2 = 0x82
                0x0000000000000083                __ADC12MCTL3 = 0x83
                0x0000000000000084                __ADC12MCTL4 = 0x84
                0x0000000000000085                __ADC12MCTL5 = 0x85
                0x0000000000000086                __ADC12MCTL6 = 0x86
                0x0000000000000087                __ADC12MCTL7 = 0x87
                0x0000000000000088                __ADC12MCTL8 = 0x88
                0x0000000000000089                __ADC12MCTL9 = 0x89
                0x000000000000008a                __ADC12MCTL10 = 0x8a
                0x000000000000008b                __ADC12MCTL11 = 0x8b
                0x000000000000008c                __ADC12MCTL12 = 0x8c
                0x000000000000008d                __ADC12MCTL13 = 0x8d
                0x000000000000008e                __ADC12MCTL14 = 0x8e
                0x000000000000008f                __ADC12MCTL15 = 0x8f
                0x00000000000001c0                __DAC12_0CTL = 0x1c0
                0x00000000000001c2                __DAC12_1CTL = 0x1c2
                0x00000000000001c8                __DAC12_0DAT = 0x1c8
                0x00000000000001ca                __DAC12_1DAT = 0x1ca
                0x0000000000000122                __DMACTL0 = 0x122
                0x0000000000000124                __DMACTL1 = 0x124
                0x00000000000001e0                __DMA0CTL = 0x1e0
                0x00000000000001e8                __DMA1CTL = 0x1e8
                0x00000000000001f0                __DMA2CTL = 0x1f0
                0x00000000000001e2                __DMA0SA = 0x1e2
                0x00000000000001e4                __DMA0DA = 0x1e4
                0x00000000000001e6                __DMA0SZ = 0x1e6
                0x00000000000001ea                __DMA1SA = 0x1ea
                0x00000000000001ec                __DMA1DA = 0x1ec
                0x00000000000001ee                __DMA1SZ = 0x1ee
                0x00000000000001f2                __DMA2SA = 0x1f2
                0x00000000000001f4                __DMA2DA = 0x1f4
                0x00000000000001f6                __DMA2SZ = 0x1f6

.hash
 *(.hash)

.dynsym
 *(.dynsym)

.dynstr
 *(.dynstr)

.gnu.version
 *(.gnu.version)

.gnu.version_d
 *(.gnu.version_d)

.gnu.version_r
 *(.gnu.version_r)

.rel.init
 *(.rel.init)

.rela.init
 *(.rela.init)

.rel.text
 *(.rel.text)
 *(.rel.text.*)
 *(.rel.gnu.linkonce.t*)

.rela.text
 *(.rela.text)
 *(.rela.text.*)
 *(.rela.gnu.linkonce.t*)

.rel.fini
 *(.rel.fini)

.rela.fini
 *(.rela.fini)

.rel.rodata
 *(.rel.rodata)
 *(.rel.rodata.*)
 *(.rel.gnu.linkonce.r*)

.rela.rodata
 *(.rela.rodata)
 *(.rela.rodata.*)
 *(.rela.gnu.linkonce.r*)

.rel.data
 *(.rel.data)
 *(.rel.data.*)
 *(.rel.gnu.linkonce.d*)

.rela.data
 *(.rela.data)
 *(.rela.data.*)
 *(.rela.gnu.linkonce.d*)

.rel.ctors
 *(.rel.ctors)

.rela.ctors
 *(.rela.ctors)

.rel.dtors
 *(.rel.dtors)

.rela.dtors
 *(.rela.dtors)

.rel.got
 *(.rel.got)

.rela.got
 *(.rela.got)

.rel.bss
 *(.rel.bss)

.rela.bss
 *(.rela.bss)

.rel.plt
 *(.rel.plt)

.rela.plt
 *(.rela.plt)

.text           0x0000000000004000     0xb644
                0x0000000000004000                . = ALIGN (0x2)
 *(.init)
 *(.init0)
 .init0         0x0000000000004000        0x0 /usr/lib/gcc/msp430/4.5.3/mmpy-16/libcrt0.a(_reset_vector__.o)
                0x0000000000004000                _reset_vector__
 *(.init1)
 *(.init2)
 .init2         0x0000000000004000        0x4 /usr/lib/gcc/msp430/4.5.3/mmpy-16/libcrt0.a(__init_stack.o)
                0x0000000000004000                __init_stack
 *(.init3)
 .init3         0x0000000000004004        0xa /usr/lib/gcc/msp430/4.5.3/mmpy-16/libcrt0.a(__low_level_init.o)
                0x0000000000004004                __low_level_init
 *(.init4)
 .init4         0x000000000000400e       0x16 /usr/lib/gcc/msp430/4.5.3/mmpy-16/libcrt0.a(_copy_data.o)
                0x000000000000400e                __do_copy_data
 .init4         0x0000000000004024       0x14 /usr/lib/gcc/msp430/4.5.3/mmpy-16/libcrt0.a(_clear_bss.o)
                0x0000000000004024                __do_clear_bss
 *(.init5)
 *(.init6)
 *(.init7)
 *(.init8)
 *(.init9)
 .init9         0x0000000000004038      0x368 obj_sky/contiki-sky-main.o
                0x0000000000004038                main
 *(.fini9)
 .fini9         0x00000000000043a0        0x0 /usr/lib/gcc/msp430/4.5.3/mmpy-16/libcrt0.a(__stop_progExec__.o)
                0x00000000000043a0                __stop_progExec__
 *(.fini8)
 *(.fini7)
 *(.fini6)
 *(.fini5)
 *(.fini4)
 *(.fini3)
 *(.fini2)
 *(.fini1)
 *(.fini0)
 .fini0         0x00000000000043a0        0x6 /usr/lib/gcc/msp430/4.5.3/mmpy-16/libcrt0.a(_endless_loop__.o)
                0x00000000000043a0                _endless_loop__
 *(.fini)
                0x00000000000043a6                . = ALIGN (0x2)
                0x00000000000043a6                __ctors_start = .
 *(.ctors)
                0x00000000000043a6                __ctors_end = .
                0x00000000000043a6                __dtors_start = .
 *(.dtors)
                0x00000000000043a6                __dtors_end = .
                0x00000000000043a6                . = ALIGN (0x2)
 *(.text)
 .text          0x00000000000043a6        0x4 /usr/lib/gcc/msp430/4.5.3/mmpy-16/crt0ivtbl16.o
                0x00000000000043a6                __isr_14
                0x00000000000043a6                __isr_11
                0x00000000000043a6                __isr_2
                0x00000000000043a6                __isr_7
                0x00000000000043a6                __isr_0
                0x00000000000043a6                __isr_8
                0x00000000000043a6                __isr_3
                0x00000000000043a6                __isr_12
                0x00000000000043a6                __isr_13
                0x00000000000043a6                __isr_9
 .text          0x00000000000043aa       0xcc udp-sender.co
                0x0000000000004470                autostart_processes
 .text          0x0000000000004476       0x17 obj_sky/collect-common.o
 .text          0x000000000000448d      0x10b obj_sky/contiki-sky-main.o
 .text          0x0000000000004598        0x8 contiki-sky.a(rimeaddr.o)
                0x0000000000004598                rimeaddr_null
 .text          0x00000000000045a0       0x14 contiki-sky.a(csma.o)
                0x00000000000045a6                csma_driver
 .text          0x00000000000045b4       0x1c contiki-sky.a(contikimac.o)
                0x00000000000045c0                contikimac_driver
 .text          0x00000000000045d0        0xe contiki-sky.a(serial-line.o)
 .text          0x00000000000045de        0xc contiki-sky.a(etimer.o)
 .text          0x00000000000045ea        0xf contiki-sky.a(ctimer.o)
 *fill*         0x00000000000045f9        0x1 00
 .text          0x00000000000045fa       0x24 contiki-sky.a(sicslowpan.o)
                0x00000000000045fa                unc_llconf
                0x00000000000045fe                unc_ctxconf
                0x0000000000004602                unc_mxconf
                0x0000000000004606                llprefix
                0x0000000000004614                sicslowpan_driver
 .text          0x000000000000461e        0xd contiki-sky.a(tcpip.o)
 .text          0x000000000000462b       0x1a contiki-sky.a(uip-debug.o)
 *fill*         0x0000000000004645        0x1 00
 .text          0x0000000000004646       0x20 contiki-sky.a(uip6.o)
 .text          0x0000000000004666        0xe contiki-sky.a(sht11-sensor.o)
                0x000000000000466c                sht11_sensor
 .text          0x0000000000004674        0xe contiki-sky.a(light-sensor.o)
                0x000000000000467a                light_sensor
 .text          0x0000000000004682       0x10 contiki-sky.a(battery-sensor.)
                0x000000000000468a                battery_sensor
 .text          0x0000000000004692       0x10 contiki-sky.a(button-sensor.o)
                0x000000000000469a                button_sensor
 .text          0x00000000000046a2        0x8 contiki-sky.a(sensors.o)
 .text          0x00000000000046aa       0x22 contiki-sky.a(cc2420.o)
                0x00000000000046b8                cc2420_driver
 .text          0x00000000000046cc        0x4 contiki-sky.a(framer-802154.o)
                0x00000000000046cc                framer_802154
 .text          0x00000000000046d0        0x2 contiki-sky.a(frame802154.o)
 .text          0x00000000000046d2       0x34 /usr/lib/gcc/msp430/4.5.3/../../../../msp430/lib/mmpy-16/libc.a(memcmp.o)
                0x00000000000046d2                memcmp
 .text          0x0000000000004706      0x104 /usr/lib/gcc/msp430/4.5.3/../../../../msp430/lib/mmpy-16/libc.a(memcpy.o)
                0x0000000000004706                memcpy
 .text          0x000000000000480a      0x104 /usr/lib/gcc/msp430/4.5.3/../../../../msp430/lib/mmpy-16/libc.a(memmove.o)
                0x000000000000480a                memmove
 .text          0x000000000000490e       0x66 /usr/lib/gcc/msp430/4.5.3/../../../../msp430/lib/mmpy-16/libc.a(memset.o)
                0x000000000000490e                memset
 .text          0x0000000000004974       0x20 /usr/lib/gcc/msp430/4.5.3/../../../../msp430/lib/mmpy-16/libc.a(printf.o)
                0x0000000000004974                printf
                0x0000000000004986                vprintf
 .text          0x0000000000004994      0x476 /usr/lib/gcc/msp430/4.5.3/../../../../msp430/lib/mmpy-16/libc.a(vuprintf.o)
                0x0000000000004aa0                vuprintf
 .text          0x0000000000004e0a       0x2c /usr/lib/gcc/msp430/4.5.3/../../../../msp430/lib/mmpy-16/libc.a(puts.o)
                0x0000000000004e0a                puts
 .text          0x0000000000004e36      0x134 /usr/lib/gcc/msp430/4.5.3/../../../../msp430/lib/mmpy-16/libc.a(rand.o)
                0x0000000000004e36                rand_r
                0x0000000000004eca                rand
                0x0000000000004f60                srand
                0x0000000000004f6a                . = ALIGN (0x2)
 *(.text.*)
 .text.process_thread_udp_client_process
                0x0000000000004f6a      0x184 udp-sender.co
 .text.collect_common_send
                0x00000000000050ee      0x2b0 udp-sender.co
                0x00000000000050ee                collect_common_send
 .text.collect_common_net_init
                0x000000000000539e        0xe udp-sender.co
                0x000000000000539e                collect_common_net_init
 .text.process_thread_collect_common_process
                0x00000000000053ac       0x80 obj_sky/collect-common.o
 .text.rimeaddr_copy
                0x000000000000542c        0x8 contiki-sky.a(rimeaddr.o)
                0x000000000000542c                rimeaddr_copy
 .text.rimeaddr_cmp
                0x0000000000005434       0x12 contiki-sky.a(rimeaddr.o)
                0x0000000000005434                rimeaddr_cmp
 .text.rimeaddr_set_node_addr
                0x0000000000005446        0xc contiki-sky.a(rimeaddr.o)
                0x0000000000005446                rimeaddr_set_node_addr
 .text.input_packet
                0x0000000000005452        0x6 contiki-sky.a(csma.o)
 .text.on       0x0000000000005458        0x6 contiki-sky.a(csma.o)
 .text.off      0x000000000000545e        0x6 contiki-sky.a(csma.o)
 .text.channel_check_interval
                0x0000000000005464        0xc contiki-sky.a(csma.o)
 .text.transmit_packet_list
                0x0000000000005470       0x24 contiki-sky.a(csma.o)
 .text.send_packet
                0x0000000000005494      0x166 contiki-sky.a(csma.o)
 .text.free_packet
                0x00000000000055fa       0x94 contiki-sky.a(csma.o)
 .text.packet_sent
                0x000000000000568e      0x12a contiki-sky.a(csma.o)
 .text.init     0x00000000000057b8       0x1a contiki-sky.a(csma.o)
 .text.on       0x00000000000057d2       0x16 contiki-sky.a(contikimac.o)
 .text.off      0x00000000000057e8       0x1e contiki-sky.a(contikimac.o)
 .text.recv_burst_off
                0x0000000000005806        0xa contiki-sky.a(contikimac.o)
 .text.turn_off
                0x0000000000005810       0x20 contiki-sky.a(contikimac.o)
 .text.duty_cycle
                0x0000000000005830        0x6 contiki-sky.a(contikimac.o)
 .text.turn_on  0x0000000000005836       0x30 contiki-sky.a(contikimac.o)
 .text.schedule_powercycle_fixed
                0x0000000000005866       0x40 contiki-sky.a(contikimac.o)
 .text.powercycle_turn_radio_off
                0x00000000000058a6       0x2c contiki-sky.a(contikimac.o)
 .text.powercycle
                0x00000000000058d2      0x1c0 contiki-sky.a(contikimac.o)
 .text.input_packet
                0x0000000000005a92      0x108 contiki-sky.a(contikimac.o)
 .text.send_packet
                0x0000000000005b9a      0x2ba contiki-sky.a(contikimac.o)
 .text.qsend_list
                0x0000000000005e54       0x86 contiki-sky.a(contikimac.o)
 .text.qsend_packet
                0x0000000000005eda       0x28 contiki-sky.a(contikimac.o)
 .text.init     0x0000000000005f02       0x2e contiki-sky.a(contikimac.o)
 .text.send_packet
                0x0000000000005f30       0x44 contiki-sky.a(phase.o)
 .text.phase_update
                0x0000000000005f74       0x90 contiki-sky.a(phase.o)
                0x0000000000005f74                phase_update
 .text.phase_wait
                0x0000000000006004      0x112 contiki-sky.a(phase.o)
                0x0000000000006004                phase_wait
 .text.phase_init
                0x0000000000006116       0x14 contiki-sky.a(phase.o)
                0x0000000000006116                phase_init
 .text.lollipop_greater_than
                0x000000000000612a       0x44 contiki-sky.a(rpl-dag.o)
 .text.find_parent_any_dag_any_instance
                0x000000000000616e       0x14 contiki-sky.a(rpl-dag.o)
 .text.rpl_set_preferred_parent
                0x0000000000006182       0x30 contiki-sky.a(rpl-dag.o)
 .text.set_ip_from_prefix
                0x00000000000061b2       0x3a contiki-sky.a(rpl-dag.o)
 .text.check_prefix
                0x00000000000061ec       0x7c contiki-sky.a(rpl-dag.o)
 .text.rpl_dag_init
                0x0000000000006268        0xe contiki-sky.a(rpl-dag.o)
                0x0000000000006268                rpl_dag_init
 .text.rpl_get_parent_ipaddr
                0x0000000000006276       0x10 contiki-sky.a(rpl-dag.o)
                0x0000000000006276                rpl_get_parent_ipaddr
 .text.rpl_set_prefix
                0x0000000000006286       0x90 contiki-sky.a(rpl-dag.o)
                0x0000000000006286                rpl_set_prefix
 .text.rpl_set_default_route
                0x0000000000006316       0x62 contiki-sky.a(rpl-dag.o)
                0x0000000000006316                rpl_set_default_route
 .text.rpl_alloc_instance
                0x0000000000006378       0x2c contiki-sky.a(rpl-dag.o)
                0x0000000000006378                rpl_alloc_instance
 .text.rpl_add_parent
                0x00000000000063a4       0x38 contiki-sky.a(rpl-dag.o)
                0x00000000000063a4                rpl_add_parent
 .text.rpl_find_parent
                0x00000000000063dc       0x1a contiki-sky.a(rpl-dag.o)
                0x00000000000063dc                rpl_find_parent
 .text.rpl_find_parent_any_dag
                0x00000000000063f6       0x26 contiki-sky.a(rpl-dag.o)
                0x00000000000063f6                rpl_find_parent_any_dag
 .text.rpl_select_parent
                0x000000000000641c       0x5c contiki-sky.a(rpl-dag.o)
                0x000000000000641c                rpl_select_parent
 .text.rpl_select_dag
                0x0000000000006478      0x1b4 contiki-sky.a(rpl-dag.o)
                0x0000000000006478                rpl_select_dag
 .text.rpl_nullify_parent
                0x000000000000662c       0x4e contiki-sky.a(rpl-dag.o)
                0x000000000000662c                rpl_nullify_parent
 .text.rpl_remove_parent
                0x000000000000667a       0x16 contiki-sky.a(rpl-dag.o)
                0x000000000000667a                rpl_remove_parent
 .text.remove_parents.clone.2
                0x0000000000006690       0x32 contiki-sky.a(rpl-dag.o)
 .text.rpl_free_dag
                0x00000000000066c2       0x36 contiki-sky.a(rpl-dag.o)
                0x00000000000066c2                rpl_free_dag
 .text.rpl_free_instance
                0x00000000000066f8       0x5c contiki-sky.a(rpl-dag.o)
                0x00000000000066f8                rpl_free_instance
 .text.rpl_move_parent
                0x0000000000006754       0x6e contiki-sky.a(rpl-dag.o)
                0x0000000000006754                rpl_move_parent
 .text.rpl_get_any_dag
                0x00000000000067c2       0x18 contiki-sky.a(rpl-dag.o)
                0x00000000000067c2                rpl_get_any_dag
 .text.rpl_get_instance
                0x00000000000067da       0x16 contiki-sky.a(rpl-dag.o)
                0x00000000000067da                rpl_get_instance
 .text.get_dag  0x00000000000067f0       0x5c contiki-sky.a(rpl-dag.o)
 .text.rpl_alloc_dag
                0x000000000000684c       0x6a contiki-sky.a(rpl-dag.o)
                0x000000000000684c                rpl_alloc_dag
 .text.rpl_repair_root
                0x00000000000068b6       0x4c contiki-sky.a(rpl-dag.o)
                0x00000000000068b6                rpl_repair_root
 .text.rpl_find_of
                0x0000000000006902       0x10 contiki-sky.a(rpl-dag.o)
                0x0000000000006902                rpl_find_of
 .text.rpl_join_instance
                0x0000000000006912      0x142 contiki-sky.a(rpl-dag.o)
                0x0000000000006912                rpl_join_instance
 .text.rpl_local_repair
                0x0000000000006a54       0x7a contiki-sky.a(rpl-dag.o)
                0x0000000000006a54                rpl_local_repair
 .text.rpl_process_parent_event
                0x0000000000006ace       0x88 contiki-sky.a(rpl-dag.o)
                0x0000000000006ace                rpl_process_parent_event
 .text.rpl_recalculate_ranks
                0x0000000000006b56       0x42 contiki-sky.a(rpl-dag.o)
                0x0000000000006b56                rpl_recalculate_ranks
 .text.rpl_add_dag
                0x0000000000006b98      0x116 contiki-sky.a(rpl-dag.o)
                0x0000000000006b98                rpl_add_dag
 .text.rpl_process_dio
                0x0000000000006cae      0x272 contiki-sky.a(rpl-dag.o)
                0x0000000000006cae                rpl_process_dio
 .text.get32    0x0000000000006f20       0x46 contiki-sky.a(rpl-icmp6.o)
 .text.set32    0x0000000000006f66       0x3c contiki-sky.a(rpl-icmp6.o)
 .text.get16    0x0000000000006fa2        0xe contiki-sky.a(rpl-icmp6.o)
 .text.set16    0x0000000000006fb0       0x10 contiki-sky.a(rpl-icmp6.o)
 .text.dis_output
                0x0000000000006fc0       0x50 contiki-sky.a(rpl-icmp6.o)
                0x0000000000006fc0                dis_output
 .text.dio_output
                0x0000000000007010      0x29e contiki-sky.a(rpl-icmp6.o)
                0x0000000000007010                dio_output
 .text.dao_output_target
                0x00000000000072ae       0xde contiki-sky.a(rpl-icmp6.o)
                0x00000000000072ae                dao_output_target
 .text.dao_output
                0x000000000000738c       0x7a contiki-sky.a(rpl-icmp6.o)
                0x000000000000738c                dao_output
 .text.dao_ack_output
                0x0000000000007406       0x3c contiki-sky.a(rpl-icmp6.o)
                0x0000000000007406                dao_ack_output
 .text.uip_rpl_input
                0x0000000000007442      0x548 contiki-sky.a(rpl-icmp6.o)
                0x0000000000007442                uip_rpl_input
 .text.new_dio_interval
                0x000000000000798a       0xb8 contiki-sky.a(rpl-timers.o)
 .text.handle_dao_timer
                0x0000000000007a42       0x50 contiki-sky.a(rpl-timers.o)
 .text.handle_dio_timer
                0x0000000000007a92       0x82 contiki-sky.a(rpl-timers.o)
 .text.handle_periodic_timer
                0x0000000000007b14       0x2e contiki-sky.a(rpl-timers.o)
 .text.rpl_reset_periodic_timer
                0x0000000000007b42       0x56 contiki-sky.a(rpl-timers.o)
                0x0000000000007b42                rpl_reset_periodic_timer
 .text.rpl_reset_dio_timer
                0x0000000000007b98       0x18 contiki-sky.a(rpl-timers.o)
                0x0000000000007b98                rpl_reset_dio_timer
 .text.rpl_schedule_dao
                0x0000000000007bb0       0x48 contiki-sky.a(rpl-timers.o)
                0x0000000000007bb0                rpl_schedule_dao
 .text.reset    0x0000000000007bf8        0x2 contiki-sky.a(rpl-mrhof.o)
 .text.neighbor_link_callback
                0x0000000000007bfa       0x7e contiki-sky.a(rpl-mrhof.o)
 .text.calculate_rank
                0x0000000000007c78       0x30 contiki-sky.a(rpl-mrhof.o)
 .text.best_dag
                0x0000000000007ca8       0x34 contiki-sky.a(rpl-mrhof.o)
 .text.best_parent
                0x0000000000007cdc       0x52 contiki-sky.a(rpl-mrhof.o)
 .text.update_metric_container
                0x0000000000007d2e        0x6 contiki-sky.a(rpl-mrhof.o)
 .text.call_process
                0x0000000000007d34       0x4c contiki-sky.a(process.o)
 .text.exit_process
                0x0000000000007d80       0x94 contiki-sky.a(process.o)
 .text.do_poll  0x0000000000007e14       0x30 contiki-sky.a(process.o)
 .text.process_alloc_event
                0x0000000000007e44        0xe contiki-sky.a(process.o)
                0x0000000000007e44                process_alloc_event
 .text.process_init
                0x0000000000007e52       0x1c contiki-sky.a(process.o)
                0x0000000000007e52                process_init
 .text.process_run
                0x0000000000007e6e       0x9c contiki-sky.a(process.o)
                0x0000000000007e6e                process_run
 .text.process_nevents
                0x0000000000007f0a        0xc contiki-sky.a(process.o)
                0x0000000000007f0a                process_nevents
 .text.process_post
                0x0000000000007f16       0x54 contiki-sky.a(process.o)
                0x0000000000007f16                process_post
 .text.process_post_synch
                0x0000000000007f6a       0x12 contiki-sky.a(process.o)
                0x0000000000007f6a                process_post_synch
 .text.process_start
                0x0000000000007f7c       0x32 contiki-sky.a(process.o)
                0x0000000000007f7c                process_start
 .text.process_poll
                0x0000000000007fae       0x1a contiki-sky.a(process.o)
                0x0000000000007fae                process_poll
 .text.autostart_start
                0x0000000000007fc8       0x18 contiki-sky.a(autostart.o)
                0x0000000000007fc8                autostart_start
 .text.compower_accumulate
                0x0000000000007fe0       0x72 contiki-sky.a(compower.o)
                0x0000000000007fe0                compower_accumulate
 .text.compower_clear
                0x0000000000008052       0x12 contiki-sky.a(compower.o)
                0x0000000000008052                compower_clear
 .text.compower_attrconv
                0x0000000000008064       0x10 contiki-sky.a(compower.o)
                0x0000000000008064                compower_attrconv
 .text.process_thread_serial_line_process
                0x0000000000008074       0xa6 contiki-sky.a(serial-line.o)
 .text.serial_line_input_byte
                0x000000000000811a       0x46 contiki-sky.a(serial-line.o)
                0x000000000000811a                serial_line_input_byte
 .text.serial_line_init
                0x0000000000008160       0x1c contiki-sky.a(serial-line.o)
                0x0000000000008160                serial_line_init
 .text.memb_init
                0x000000000000817c       0x36 contiki-sky.a(memb.o)
                0x000000000000817c                memb_init
 .text.memb_alloc
                0x00000000000081b2       0x3e contiki-sky.a(memb.o)
                0x00000000000081b2                memb_alloc
 .text.memb_free
                0x00000000000081f0       0x3a contiki-sky.a(memb.o)
                0x00000000000081f0                memb_free
 .text.memb_inmemb
                0x000000000000822a       0x2e contiki-sky.a(memb.o)
                0x000000000000822a                memb_inmemb
 .text.timer_set
                0x0000000000008258       0x1c contiki-sky.a(timer.o)
                0x0000000000008258                timer_set
 .text.timer_reset
                0x0000000000008274        0xe contiki-sky.a(timer.o)
                0x0000000000008274                timer_reset
 .text.timer_restart
                0x0000000000008282       0x14 contiki-sky.a(timer.o)
                0x0000000000008282                timer_restart
 .text.timer_expired
                0x0000000000008296       0x2e contiki-sky.a(timer.o)
                0x0000000000008296                timer_expired
 .text.list_init
                0x00000000000082c4        0x6 contiki-sky.a(list.o)
                0x00000000000082c4                list_init
 .text.list_head
                0x00000000000082ca        0x4 contiki-sky.a(list.o)
                0x00000000000082ca                list_head
 .text.list_tail
                0x00000000000082ce       0x14 contiki-sky.a(list.o)
                0x00000000000082ce                list_tail
 .text.list_remove
                0x00000000000082e2       0x2e contiki-sky.a(list.o)
                0x00000000000082e2                list_remove
 .text.list_push
                0x0000000000008310       0x1a contiki-sky.a(list.o)
                0x0000000000008310                list_push
 .text.list_add
                0x000000000000832a       0x2a contiki-sky.a(list.o)
                0x000000000000832a                list_add
 .text.list_length
                0x0000000000008354       0x10 contiki-sky.a(list.o)
                0x0000000000008354                list_length
 .text.list_item_next
                0x0000000000008364        0x8 contiki-sky.a(list.o)
                0x0000000000008364                list_item_next
 .text.update_time
                0x000000000000836c       0x78 contiki-sky.a(etimer.o)
 .text.etimer_request_poll
                0x00000000000083e4        0xa contiki-sky.a(etimer.o)
                0x00000000000083e4                etimer_request_poll
 .text.process_thread_etimer_process
                0x00000000000083ee       0xce contiki-sky.a(etimer.o)
 .text.add_timer
                0x00000000000084bc       0x40 contiki-sky.a(etimer.o)
 .text.etimer_set
                0x00000000000084fc       0x12 contiki-sky.a(etimer.o)
                0x00000000000084fc                etimer_set
 .text.etimer_reset
                0x000000000000850e       0x12 contiki-sky.a(etimer.o)
                0x000000000000850e                etimer_reset
 .text.etimer_restart
                0x0000000000008520       0x12 contiki-sky.a(etimer.o)
                0x0000000000008520                etimer_restart
 .text.etimer_expired
                0x0000000000008532        0xe contiki-sky.a(etimer.o)
                0x0000000000008532                etimer_expired
 .text.etimer_expiration_time
                0x0000000000008540       0x14 contiki-sky.a(etimer.o)
                0x0000000000008540                etimer_expiration_time
 .text.etimer_pending
                0x0000000000008554        0xe contiki-sky.a(etimer.o)
                0x0000000000008554                etimer_pending
 .text.etimer_next_expiration_time
                0x0000000000008562       0x16 contiki-sky.a(etimer.o)
                0x0000000000008562                etimer_next_expiration_time
 .text.etimer_stop
                0x0000000000008578       0x3c contiki-sky.a(etimer.o)
                0x0000000000008578                etimer_stop
 .text.process_thread_ctimer_process
                0x00000000000085b4       0xa4 contiki-sky.a(ctimer.o)
 .text.ctimer_init
                0x0000000000008658       0x18 contiki-sky.a(ctimer.o)
                0x0000000000008658                ctimer_init
 .text.ctimer_set
                0x0000000000008670       0x5a contiki-sky.a(ctimer.o)
                0x0000000000008670                ctimer_set
 .text.ctimer_reset
                0x00000000000086ca       0x3a contiki-sky.a(ctimer.o)
                0x00000000000086ca                ctimer_reset
 .text.ctimer_stop
                0x0000000000008704       0x28 contiki-sky.a(ctimer.o)
                0x0000000000008704                ctimer_stop
 .text.energest_init
                0x000000000000872c       0x2a contiki-sky.a(energest.o)
                0x000000000000872c                energest_init
 .text.energest_type_time
                0x0000000000008756       0x44 contiki-sky.a(energest.o)
                0x0000000000008756                energest_type_time
 .text.energest_type_set
                0x000000000000879a        0xe contiki-sky.a(energest.o)
                0x000000000000879a                energest_type_set
 .text.energest_flush
                0x00000000000087a8       0x4a contiki-sky.a(energest.o)
                0x00000000000087a8                energest_flush
 .text.rtimer_init
                0x00000000000087f2        0x6 contiki-sky.a(rtimer.o)
                0x00000000000087f2                rtimer_init
 .text.rtimer_set
                0x00000000000087f8       0x24 contiki-sky.a(rtimer.o)
                0x00000000000087f8                rtimer_set
 .text.rtimer_run_next
                0x000000000000881c       0x26 contiki-sky.a(rtimer.o)
                0x000000000000881c                rtimer_run_next
 .text.stimer_set
                0x0000000000008842       0x1c contiki-sky.a(stimer.o)
                0x0000000000008842                stimer_set
 .text.stimer_expired
                0x000000000000885e       0x42 contiki-sky.a(stimer.o)
                0x000000000000885e                stimer_expired
 .text.random_init
                0x00000000000088a0        0x6 contiki-sky.a(random.o)
                0x00000000000088a0                random_init
 .text.random_rand
                0x00000000000088a6        0x6 contiki-sky.a(random.o)
                0x00000000000088a6                random_rand
 .text.ringbuf_init
                0x00000000000088ac       0x14 contiki-sky.a(ringbuf.o)
                0x00000000000088ac                ringbuf_init
 .text.ringbuf_put
                0x00000000000088c0       0x3c contiki-sky.a(ringbuf.o)
                0x00000000000088c0                ringbuf_put
 .text.ringbuf_get
                0x00000000000088fc       0x32 contiki-sky.a(ringbuf.o)
                0x00000000000088fc                ringbuf_get
 .text.index_from_key
                0x000000000000892e       0xb4 contiki-sky.a(nbr-table.o)
 .text.item_from_key
                0x00000000000089e2       0x38 contiki-sky.a(nbr-table.o)
 .text.key_from_item
                0x0000000000008a1a       0x3a contiki-sky.a(nbr-table.o)
 .text.nbr_set_bit
                0x0000000000008a54       0x6e contiki-sky.a(nbr-table.o)
 .text.index_from_lladdr
                0x0000000000008ac2       0x42 contiki-sky.a(nbr-table.o)
 .text.nbr_get_bit.clone.0
                0x0000000000008b04       0x40 contiki-sky.a(nbr-table.o)
 .text.nbr_table_register
                0x0000000000008b44       0x26 contiki-sky.a(nbr-table.o)
                0x0000000000008b44                nbr_table_register
 .text.nbr_table_next
                0x0000000000008b6a       0x36 contiki-sky.a(nbr-table.o)
                0x0000000000008b6a                nbr_table_next
 .text.nbr_table_head
                0x0000000000008ba0       0x36 contiki-sky.a(nbr-table.o)
                0x0000000000008ba0                nbr_table_head
 .text.nbr_table_add_lladdr
                0x0000000000008bd6      0x13e contiki-sky.a(nbr-table.o)
                0x0000000000008bd6                nbr_table_add_lladdr
 .text.nbr_table_get_from_lladdr
                0x0000000000008d14       0x4c contiki-sky.a(nbr-table.o)
                0x0000000000008d14                nbr_table_get_from_lladdr
 .text.nbr_table_remove
                0x0000000000008d60       0x32 contiki-sky.a(nbr-table.o)
                0x0000000000008d60                nbr_table_remove
 .text.nbr_table_lock
                0x0000000000008d92       0x10 contiki-sky.a(nbr-table.o)
                0x0000000000008d92                nbr_table_lock
 .text.nbr_table_unlock
                0x0000000000008da2       0x10 contiki-sky.a(nbr-table.o)
                0x0000000000008da2                nbr_table_unlock
 .text.nbr_table_get_lladdr
                0x0000000000008db2        0xc contiki-sky.a(nbr-table.o)
                0x0000000000008db2                nbr_table_get_lladdr
 .text.packetbuf_copyto_hdr
                0x0000000000008dbe       0x1c contiki-sky.a(packetbuf.o)
                0x0000000000008dbe                packetbuf_copyto_hdr
 .text.packetbuf_copyto
                0x0000000000008dda       0x52 contiki-sky.a(packetbuf.o)
                0x0000000000008dda                packetbuf_copyto
 .text.packetbuf_hdr_remove
                0x0000000000008e2c        0x6 contiki-sky.a(packetbuf.o)
                0x0000000000008e2c                packetbuf_hdr_remove
 .text.packetbuf_hdrreduce
                0x0000000000008e32       0x1a contiki-sky.a(packetbuf.o)
                0x0000000000008e32                packetbuf_hdrreduce
 .text.packetbuf_set_datalen
                0x0000000000008e4c        0x6 contiki-sky.a(packetbuf.o)
                0x0000000000008e4c                packetbuf_set_datalen
 .text.packetbuf_dataptr
                0x0000000000008e52        0xa contiki-sky.a(packetbuf.o)
                0x0000000000008e52                packetbuf_dataptr
 .text.packetbuf_hdrptr
                0x0000000000008e5c        0xa contiki-sky.a(packetbuf.o)
                0x0000000000008e5c                packetbuf_hdrptr
 .text.packetbuf_is_reference
                0x0000000000008e66        0xe contiki-sky.a(packetbuf.o)
                0x0000000000008e66                packetbuf_is_reference
 .text.packetbuf_compact
                0x0000000000008e74       0x48 contiki-sky.a(packetbuf.o)
                0x0000000000008e74                packetbuf_compact
 .text.packetbuf_reference_ptr
                0x0000000000008ebc        0x6 contiki-sky.a(packetbuf.o)
                0x0000000000008ebc                packetbuf_reference_ptr
 .text.packetbuf_datalen
                0x0000000000008ec2        0x6 contiki-sky.a(packetbuf.o)
                0x0000000000008ec2                packetbuf_datalen
 .text.packetbuf_totlen
                0x0000000000008ec8       0x10 contiki-sky.a(packetbuf.o)
                0x0000000000008ec8                packetbuf_totlen
 .text.packetbuf_hdralloc
                0x0000000000008ed8       0x2e contiki-sky.a(packetbuf.o)
                0x0000000000008ed8                packetbuf_hdralloc
 .text.packetbuf_attr_clear
                0x0000000000008f06       0x32 contiki-sky.a(packetbuf.o)
                0x0000000000008f06                packetbuf_attr_clear
 .text.packetbuf_clear
                0x0000000000008f38       0x20 contiki-sky.a(packetbuf.o)
                0x0000000000008f38                packetbuf_clear
 .text.packetbuf_copyfrom
                0x0000000000008f58       0x2e contiki-sky.a(packetbuf.o)
                0x0000000000008f58                packetbuf_copyfrom
 .text.packetbuf_attr_copyto
                0x0000000000008f86       0x22 contiki-sky.a(packetbuf.o)
                0x0000000000008f86                packetbuf_attr_copyto
 .text.packetbuf_attr_copyfrom
                0x0000000000008fa8       0x24 contiki-sky.a(packetbuf.o)
                0x0000000000008fa8                packetbuf_attr_copyfrom
 .text.queuebuf_init
                0x0000000000008fcc       0x1a contiki-sky.a(queuebuf.o)
                0x0000000000008fcc                queuebuf_init
 .text.queuebuf_new_from_packetbuf
                0x0000000000008fe6       0x80 contiki-sky.a(queuebuf.o)
                0x0000000000008fe6                queuebuf_new_from_packetbuf
 .text.queuebuf_update_attr_from_packetbuf
                0x0000000000009066       0x12 contiki-sky.a(queuebuf.o)
                0x0000000000009066                queuebuf_update_attr_from_packetbuf
 .text.queuebuf_free
                0x0000000000009078       0x46 contiki-sky.a(queuebuf.o)
                0x0000000000009078                queuebuf_free
 .text.queuebuf_to_packetbuf
                0x00000000000090be       0x70 contiki-sky.a(queuebuf.o)
                0x00000000000090be                queuebuf_to_packetbuf
 .text.queuebuf_attr
                0x000000000000912e        0xe contiki-sky.a(queuebuf.o)
                0x000000000000912e                queuebuf_attr
 .text.set_packet_attrs
                0x000000000000913c       0x44 contiki-sky.a(sicslowpan.o)
 .text.addr_context_lookup_by_number
                0x0000000000009180       0x36 contiki-sky.a(sicslowpan.o)
 .text.compress_addr_64
                0x00000000000091b6       0x92 contiki-sky.a(sicslowpan.o)
 .text.uncompress_addr
                0x0000000000009248       0xae contiki-sky.a(sicslowpan.o)
 .text.input    0x00000000000092f6      0x646 contiki-sky.a(sicslowpan.o)
 .text.sicslowpan_init
                0x000000000000993c       0x26 contiki-sky.a(sicslowpan.o)
                0x000000000000993c                sicslowpan_init
 .text.addr_context_lookup_by_prefix
                0x0000000000009962       0x4c contiki-sky.a(sicslowpan.o)
 .text.send_packet
                0x00000000000099ae       0x1a contiki-sky.a(sicslowpan.o)
 .text.output   0x00000000000099c8      0x6ea contiki-sky.a(sicslowpan.o)
 .text.packet_sent
                0x000000000000a0b2       0x22 contiki-sky.a(sicslowpan.o)
 .text.start_periodic_tcp_timer
                0x000000000000a0d4       0x16 contiki-sky.a(tcpip.o)
 .text.tcpip_output
                0x000000000000a0ea       0x10 contiki-sky.a(tcpip.o)
                0x000000000000a0ea                tcpip_output
 .text.tcpip_set_outputfunc
                0x000000000000a0fa        0x6 contiki-sky.a(tcpip.o)
                0x000000000000a0fa                tcpip_set_outputfunc
 .text.udp_new  0x000000000000a100       0x1a contiki-sky.a(tcpip.o)
                0x000000000000a100                udp_new
 .text.tcpip_input
                0x000000000000a11a       0x16 contiki-sky.a(tcpip.o)
                0x000000000000a11a                tcpip_input
 .text.tcpip_ipv6_output
                0x000000000000a130      0x166 contiki-sky.a(tcpip.o)
                0x000000000000a130                tcpip_ipv6_output
 .text.process_thread_tcpip_process
                0x000000000000a296      0x1d8 contiki-sky.a(tcpip.o)
 .text.tcpip_uipcall
                0x000000000000a46e       0x7c contiki-sky.a(tcpip.o)
                0x000000000000a46e                tcpip_uipcall
 .text.uip_debug_ipaddr_print
                0x000000000000a4ea       0x82 contiki-sky.a(uip-debug.o)
                0x000000000000a4ea                uip_debug_ipaddr_print
 .text.call_route_callback
                0x000000000000a56c       0x54 contiki-sky.a(uip-ds6-route.o)
 .text.uip_ds6_route_init
                0x000000000000a5c0       0x2e contiki-sky.a(uip-ds6-route.o)
                0x000000000000a5c0                uip_ds6_route_init
 .text.uip_ds6_route_nexthop
                0x000000000000a5ee       0x16 contiki-sky.a(uip-ds6-route.o)
                0x000000000000a5ee                uip_ds6_route_nexthop
 .text.uip_ds6_route_head
                0x000000000000a604       0x26 contiki-sky.a(uip-ds6-route.o)
                0x000000000000a604                uip_ds6_route_head
 .text.uip_ds6_route_next
                0x000000000000a62a       0x3a contiki-sky.a(uip-ds6-route.o)
                0x000000000000a62a                uip_ds6_route_next
 .text.uip_ds6_route_lookup
                0x000000000000a664       0x5a contiki-sky.a(uip-ds6-route.o)
                0x000000000000a664                uip_ds6_route_lookup
 .text.uip_ds6_route_add
                0x000000000000a6be       0xba contiki-sky.a(uip-ds6-route.o)
                0x000000000000a6be                uip_ds6_route_add
 .text.uip_ds6_route_rm
                0x000000000000a778       0x60 contiki-sky.a(uip-ds6-route.o)
                0x000000000000a778                uip_ds6_route_rm
 .text.rm_routelist
                0x000000000000a7d8       0x30 contiki-sky.a(uip-ds6-route.o)
 .text.rm_routelist_callback
                0x000000000000a808        0x6 contiki-sky.a(uip-ds6-route.o)
 .text.uip_ds6_defrt_rm
                0x000000000000a80e       0x48 contiki-sky.a(uip-ds6-route.o)
                0x000000000000a80e                uip_ds6_defrt_rm
 .text.uip_ds6_defrt_lookup
                0x000000000000a856       0x36 contiki-sky.a(uip-ds6-route.o)
                0x000000000000a856                uip_ds6_defrt_lookup
 .text.uip_ds6_defrt_add
                0x000000000000a88c       0x74 contiki-sky.a(uip-ds6-route.o)
                0x000000000000a88c                uip_ds6_defrt_add
 .text.uip_ds6_defrt_choose
                0x000000000000a900       0x3a contiki-sky.a(uip-ds6-route.o)
                0x000000000000a900                uip_ds6_defrt_choose
 .text.uip_ds6_defrt_periodic
                0x000000000000a93a       0x38 contiki-sky.a(uip-ds6-route.o)
                0x000000000000a93a                uip_ds6_defrt_periodic
 .text.uip_ds6_nbr_rm
                0x000000000000a972       0x1a contiki-sky.a(uip-ds6-nbr.o)
                0x000000000000a972                uip_ds6_nbr_rm
 .text.uip_ds6_neighbors_init
                0x000000000000a98c        0xe contiki-sky.a(uip-ds6-nbr.o)
                0x000000000000a98c                uip_ds6_neighbors_init
 .text.uip_ds6_nbr_add
                0x000000000000a99a       0x60 contiki-sky.a(uip-ds6-nbr.o)
                0x000000000000a99a                uip_ds6_nbr_add
 .text.uip_ds6_nbr_get_ll
                0x000000000000a9fa        0xc contiki-sky.a(uip-ds6-nbr.o)
                0x000000000000a9fa                uip_ds6_nbr_get_ll
 .text.uip_ds6_nbr_lookup
                0x000000000000aa06       0x40 contiki-sky.a(uip-ds6-nbr.o)
                0x000000000000aa06                uip_ds6_nbr_lookup
 .text.uip_ds6_nbr_ll_lookup
                0x000000000000aa46        0xc contiki-sky.a(uip-ds6-nbr.o)
                0x000000000000aa46                uip_ds6_nbr_ll_lookup
 .text.uip_ds6_nbr_ipaddr_from_lladdr
                0x000000000000aa52        0x6 contiki-sky.a(uip-ds6-nbr.o)
                0x000000000000aa52                uip_ds6_nbr_ipaddr_from_lladdr
 .text.uip_ds6_nbr_lladdr_from_ipaddr
                0x000000000000aa58       0x10 contiki-sky.a(uip-ds6-nbr.o)
                0x000000000000aa58                uip_ds6_nbr_lladdr_from_ipaddr
 .text.uip_ds6_link_neighbor_callback
                0x000000000000aa68       0x2a contiki-sky.a(uip-ds6-nbr.o)
                0x000000000000aa68                uip_ds6_link_neighbor_callback
 .text.uip_ds6_neighbor_periodic
                0x000000000000aa92      0x114 contiki-sky.a(uip-ds6-nbr.o)
                0x000000000000aa92                uip_ds6_neighbor_periodic
 .text.uip_ds6_list_loop
                0x000000000000aba6       0x82 contiki-sky.a(uip-ds6.o)
                0x000000000000aba6                uip_ds6_list_loop
 .text.uip_ds6_prefix_add
                0x000000000000ac28       0x80 contiki-sky.a(uip-ds6.o)
                0x000000000000ac28                uip_ds6_prefix_add
 .text.uip_ds6_is_addr_onlink
                0x000000000000aca8       0x50 contiki-sky.a(uip-ds6.o)
                0x000000000000aca8                uip_ds6_is_addr_onlink
 .text.uip_ds6_addr_lookup
                0x000000000000acf8       0x2a contiki-sky.a(uip-ds6.o)
                0x000000000000acf8                uip_ds6_addr_lookup
 .text.uip_ds6_get_link_local
                0x000000000000ad22       0x3e contiki-sky.a(uip-ds6.o)
                0x000000000000ad22                uip_ds6_get_link_local
 .text.uip_ds6_maddr_add
                0x000000000000ad60       0x4c contiki-sky.a(uip-ds6.o)
                0x000000000000ad60                uip_ds6_maddr_add
 .text.uip_ds6_addr_add
                0x000000000000adac       0xca contiki-sky.a(uip-ds6.o)
                0x000000000000adac                uip_ds6_addr_add
 .text.uip_ds6_maddr_lookup
                0x000000000000ae76       0x2a contiki-sky.a(uip-ds6.o)
                0x000000000000ae76                uip_ds6_maddr_lookup
 .text.uip_ds6_addr_rm
                0x000000000000aea0       0x54 contiki-sky.a(uip-ds6.o)
                0x000000000000aea0                uip_ds6_addr_rm
 .text.uip_ds6_periodic
                0x000000000000aef4       0x4a contiki-sky.a(uip-ds6.o)
                0x000000000000aef4                uip_ds6_periodic
 .text.uip_ds6_set_addr_iid
                0x000000000000af3e       0x14 contiki-sky.a(uip-ds6.o)
                0x000000000000af3e                uip_ds6_set_addr_iid
 .text.get_match_length
                0x000000000000af52       0x46 contiki-sky.a(uip-ds6.o)
                0x000000000000af52                get_match_length
 .text.uip_ds6_select_src
                0x000000000000af98       0xaa contiki-sky.a(uip-ds6.o)
                0x000000000000af98                uip_ds6_select_src
 .text.uip_ds6_compute_reachable_time
                0x000000000000b042       0x4a contiki-sky.a(uip-ds6.o)
                0x000000000000b042                uip_ds6_compute_reachable_time
 .text.uip_ds6_init
                0x000000000000b08c      0x15a contiki-sky.a(uip-ds6.o)
                0x000000000000b08c                uip_ds6_init
 .text.uip_icmp6_echo_request_input
                0x000000000000b1e6      0x122 contiki-sky.a(uip-icmp6.o)
                0x000000000000b1e6                uip_icmp6_echo_request_input
 .text.uip_icmp6_error_output
                0x000000000000b308      0x16a contiki-sky.a(uip-icmp6.o)
                0x000000000000b308                uip_icmp6_error_output
 .text.uip_icmp6_send
                0x000000000000b472       0x94 contiki-sky.a(uip-icmp6.o)
                0x000000000000b472                uip_icmp6_send
 .text.create_llao
                0x000000000000b506       0x2c contiki-sky.a(uip-nd6.o)
 .text.uip_nd6_ns_input
                0x000000000000b532      0x236 contiki-sky.a(uip-nd6.o)
                0x000000000000b532                uip_nd6_ns_input
 .text.uip_nd6_ns_output
                0x000000000000b768      0x16c contiki-sky.a(uip-nd6.o)
                0x000000000000b768                uip_nd6_ns_output
 .text.uip_nd6_na_input
                0x000000000000b8d4      0x1b8 contiki-sky.a(uip-nd6.o)
                0x000000000000b8d4                uip_nd6_na_input
 .text.uip_udp_packet_send
                0x000000000000ba8c       0x2e contiki-sky.a(uip-udp-packet.)
                0x000000000000ba8c                uip_udp_packet_send
 .text.uip_udp_packet_sendto
                0x000000000000baba       0x66 contiki-sky.a(uip-udp-packet.)
                0x000000000000baba                uip_udp_packet_sendto
 .text.chksum   0x000000000000bb20       0x34 contiki-sky.a(uip6.o)
 .text.upper_layer_chksum
                0x000000000000bb54       0x54 contiki-sky.a(uip6.o)
 .text.ext_hdr_options_process
                0x000000000000bba8       0xe0 contiki-sky.a(uip6.o)
 .text.uip_add32
                0x000000000000bc88       0x72 contiki-sky.a(uip6.o)
                0x000000000000bc88                uip_add32
 .text.uip_add_rcv_nxt
                0x000000000000bcfa       0x2e contiki-sky.a(uip6.o)
 .text.uip_icmp6chksum
                0x000000000000bd28        0xa contiki-sky.a(uip6.o)
                0x000000000000bd28                uip_icmp6chksum
 .text.uip_tcpchksum
                0x000000000000bd32        0xa contiki-sky.a(uip6.o)
                0x000000000000bd32                uip_tcpchksum
 .text.uip_udpchksum
                0x000000000000bd3c        0xa contiki-sky.a(uip6.o)
                0x000000000000bd3c                uip_udpchksum
 .text.uip_init
                0x000000000000bd46       0x6c contiki-sky.a(uip6.o)
                0x000000000000bd46                uip_init
 .text.remove_ext_hdr
                0x000000000000bdb2       0x58 contiki-sky.a(uip6.o)
                0x000000000000bdb2                remove_ext_hdr
 .text.uip_udp_new
                0x000000000000be0a       0xee contiki-sky.a(uip6.o)
                0x000000000000be0a                uip_udp_new
 .text.uip_unlisten
                0x000000000000bef8       0x32 contiki-sky.a(uip6.o)
                0x000000000000bef8                uip_unlisten
 .text.uip_process
                0x000000000000bf2a      0xece contiki-sky.a(uip6.o)
                0x000000000000bf2a                uip_process
 .text.uip_htonl
                0x000000000000cdf8       0x3e contiki-sky.a(uip6.o)
                0x000000000000cdf8                uip_htonl
 .text.collect_view_construct_message
                0x000000000000ce36      0x15a contiki-sky.a(collect-view.o)
                0x000000000000ce36                collect_view_construct_message
 .text.collect_view_arch_read_sensors
                0x000000000000cf90       0x98 contiki-sky.a(collect-view-sk)
                0x000000000000cf90                collect_view_arch_read_sensors
 .text.init_platform
                0x000000000000d028        0xc contiki-sky.a(contiki-sky-pla)
                0x000000000000d028                init_platform
 .text.status   0x000000000000d034       0x1a contiki-sky.a(sht11-sensor.o)
 .text.configure
                0x000000000000d04e       0x40 contiki-sky.a(sht11-sensor.o)
 .text.value    0x000000000000d08e       0x30 contiki-sky.a(sht11-sensor.o)
 .text.value    0x000000000000d0be       0x1a contiki-sky.a(light-sensor.o)
 .text.status   0x000000000000d0d8        0xc contiki-sky.a(light-sensor.o)
 .text.configure
                0x000000000000d0e4       0x10 contiki-sky.a(light-sensor.o)
 .text.value    0x000000000000d0f4        0x6 contiki-sky.a(battery-sensor.)
 .text.status   0x000000000000d0fa        0xc contiki-sky.a(battery-sensor.)
 .text.configure
                0x000000000000d106       0x12 contiki-sky.a(battery-sensor.)
 .text.status   0x000000000000d118       0x16 contiki-sky.a(button-sensor.o)
 .text.configure
                0x000000000000d12e       0x4a contiki-sky.a(button-sensor.o)
 .text.value    0x000000000000d178       0x26 contiki-sky.a(button-sensor.o)
 .text.irq_p2   0x000000000000d19e       0x92 contiki-sky.a(button-sensor.o)
                0x000000000000d19e                irq_p2
                0x000000000000d19e                __isr_1
 .text.crc8_add
                0x000000000000d230       0x1a contiki-sky.a(ds2411.o)
 .text.owreadb  0x000000000000d24a       0x56 contiki-sky.a(ds2411.o)
 .text.ds2411_init
                0x000000000000d2a0      0x10a contiki-sky.a(ds2411.o)
                0x000000000000d2a0                ds2411_init
 .text.wait_ready
                0x000000000000d3aa       0x4e contiki-sky.a(xmem.o)
 .text.xmem_init
                0x000000000000d3f8       0x3c contiki-sky.a(xmem.o)
                0x000000000000d3f8                xmem_init
 .text.xmem_pread
                0x000000000000d434       0xdc contiki-sky.a(xmem.o)
                0x000000000000d434                xmem_pread
 .text.node_id_restore
                0x000000000000d510       0x38 contiki-sky.a(node-id.o)
                0x000000000000d510                node_id_restore
 .text.get_sensor_index
                0x000000000000d548       0x22 contiki-sky.a(sensors.o)
 .text.process_thread_sensors_process
                0x000000000000d56a       0xc2 contiki-sky.a(sensors.o)
 .text.sensors_changed
                0x000000000000d62c       0x14 contiki-sky.a(sensors.o)
                0x000000000000d62c                sensors_changed
 .text.strobe   0x000000000000d640       0x1e contiki-sky.a(cc2420.o)
 .text.status   0x000000000000d65e       0x24 contiki-sky.a(cc2420.o)
 .text.getreg   0x000000000000d682       0x50 contiki-sky.a(cc2420.o)
 .text.setreg   0x000000000000d6d2       0x48 contiki-sky.a(cc2420.o)
 .text.set_txpower
                0x000000000000d71a       0x2a contiki-sky.a(cc2420.o)
 .text.cc2420_receiving_packet
                0x000000000000d744       0x10 contiki-sky.a(cc2420.o)
 .text.pending_packet
                0x000000000000d754        0x8 contiki-sky.a(cc2420.o)
 .text.on       0x000000000000d75c       0x46 contiki-sky.a(cc2420.o)
 .text.flushrx  0x000000000000d7a2       0x74 contiki-sky.a(cc2420.o)
 .text.off      0x000000000000d816       0x78 contiki-sky.a(cc2420.o)
 .text.RELEASE_LOCK
                0x000000000000d88e       0x28 contiki-sky.a(cc2420.o)
 .text.cc2420_prepare
                0x000000000000d8b6       0x82 contiki-sky.a(cc2420.o)
 .text.cc2420_on
                0x000000000000d938       0x22 contiki-sky.a(cc2420.o)
                0x000000000000d938                cc2420_on
 .text.cc2420_off
                0x000000000000d95a       0x30 contiki-sky.a(cc2420.o)
                0x000000000000d95a                cc2420_off
 .text.cc2420_cca
                0x000000000000d98a       0x7a contiki-sky.a(cc2420.o)
 .text.getrxdata
                0x000000000000da04       0x4e contiki-sky.a(cc2420.o)
 .text.cc2420_read
                0x000000000000da52       0xe6 contiki-sky.a(cc2420.o)
 .text.process_thread_cc2420_process
                0x000000000000db38       0x50 contiki-sky.a(cc2420.o)
 .text.cc2420_set_channel
                0x000000000000db88       0x7a contiki-sky.a(cc2420.o)
                0x000000000000db88                cc2420_set_channel
 .text.cc2420_set_pan_addr
                0x000000000000dc02      0x13a contiki-sky.a(cc2420.o)
                0x000000000000dc02                cc2420_set_pan_addr
 .text.cc2420_init
                0x000000000000dd3c       0xd4 contiki-sky.a(cc2420.o)
                0x000000000000dd3c                cc2420_init
 .text.cc2420_interrupt
                0x000000000000de10       0x20 contiki-sky.a(cc2420.o)
                0x000000000000de10                cc2420_interrupt
 .text.cc2420_set_txpower
                0x000000000000de30        0xe contiki-sky.a(cc2420.o)
                0x000000000000de30                cc2420_set_txpower
 .text.cc2420_get_txpower
                0x000000000000de3e       0x1e contiki-sky.a(cc2420.o)
                0x000000000000de3e                cc2420_get_txpower
 .text.cc2420_transmit
                0x000000000000de5c      0x1a4 contiki-sky.a(cc2420.o)
 .text.cc2420_send
                0x000000000000e000       0x12 contiki-sky.a(cc2420.o)
 .text.cc2420_port1_interrupt
                0x000000000000e012       0x6a contiki-sky.a(cc2420-arch.o)
                0x000000000000e012                __isr_4
                0x000000000000e012                cc2420_port1_interrupt
 .text.cc2420_arch_init
                0x000000000000e07c       0x1a contiki-sky.a(cc2420-arch.o)
                0x000000000000e07c                cc2420_arch_init
 .text.sky_sensors_status
                0x000000000000e096       0x3c contiki-sky.a(sky-sensors.o)
                0x000000000000e096                sky_sensors_status
 .text.sky_sensors_configure
                0x000000000000e0d2       0xf6 contiki-sky.a(sky-sensors.o)
                0x000000000000e0d2                sky_sensors_configure
 .text.handle_rxdma_timer
                0x000000000000e1c8       0x42 contiki-sky.a(uart1.o)
 .text.uart1_active
                0x000000000000e20a       0x18 contiki-sky.a(uart1.o)
                0x000000000000e20a                uart1_active
 .text.uart1_set_input
                0x000000000000e222       0x20 contiki-sky.a(uart1.o)
                0x000000000000e222                uart1_set_input
 .text.uart1_writeb
                0x000000000000e242       0x1a contiki-sky.a(uart1.o)
                0x000000000000e242                uart1_writeb
 .text.uart1_init
                0x000000000000e25c       0xee contiki-sky.a(uart1.o)
                0x000000000000e25c                uart1_init
 .text.putchar  0x000000000000e34a        0xe contiki-sky.a(uart1-putchar.o)
                0x000000000000e34a                putchar
 .text.msp430_init_dco
                0x000000000000e358       0x74 contiki-sky.a(msp430.o)
                0x000000000000e358                msp430_init_dco
 .text.msp430_add_lpm_req
                0x000000000000e3cc        0xa contiki-sky.a(msp430.o)
                0x000000000000e3cc                msp430_add_lpm_req
 .text.msp430_cpu_init
                0x000000000000e3d6       0x2a contiki-sky.a(msp430.o)
                0x000000000000e3d6                msp430_cpu_init
 .text.splhigh_
                0x000000000000e400        0x8 contiki-sky.a(msp430.o)
                0x000000000000e400                splhigh_
 .text.msp430_sync_dco
                0x000000000000e408       0x60 contiki-sky.a(msp430.o)
                0x000000000000e408                msp430_sync_dco
 .text.timera1  0x000000000000e468       0xee contiki-sky.a(clock.o)
                0x000000000000e468                __isr_5
                0x000000000000e468                timera1
 .text.clock_time
                0x000000000000e556       0x1a contiki-sky.a(clock.o)
                0x000000000000e556                clock_time
 .text.clock_init
                0x000000000000e570       0x28 contiki-sky.a(clock.o)
                0x000000000000e570                clock_init
 .text.clock_delay
                0x000000000000e598        0xc contiki-sky.a(clock.o)
                0x000000000000e598                clock_delay
 .text.clock_wait
                0x000000000000e5a4       0x36 contiki-sky.a(clock.o)
                0x000000000000e5a4                clock_wait
 .text.clock_seconds
                0x000000000000e5da       0x1a contiki-sky.a(clock.o)
                0x000000000000e5da                clock_seconds
 .text.show_leds
                0x000000000000e5f4      0x10c contiki-sky.a(leds.o)
 .text.leds_init
                0x000000000000e700        0xe contiki-sky.a(leds.o)
                0x000000000000e700                leds_init
 .text.leds_on  0x000000000000e70e       0x14 contiki-sky.a(leds.o)
                0x000000000000e70e                leds_on
 .text.leds_off
                0x000000000000e722       0x14 contiki-sky.a(leds.o)
                0x000000000000e722                leds_off
 .text.leds_arch_init
                0x000000000000e736        0xe contiki-sky.a(leds-arch.o)
                0x000000000000e736                leds_arch_init
 .text.leds_arch_set
                0x000000000000e744       0x3a contiki-sky.a(leds-arch.o)
                0x000000000000e744                leds_arch_set
 .text.watchdog_interrupt
                0x000000000000e77e        0x6 contiki-sky.a(watchdog.o)
                0x000000000000e77e                __isr_10
                0x000000000000e77e                watchdog_interrupt
 .text.watchdog_start
                0x000000000000e784       0x14 contiki-sky.a(watchdog.o)
                0x000000000000e784                watchdog_start
 .text.watchdog_periodic
                0x000000000000e798       0x12 contiki-sky.a(watchdog.o)
                0x000000000000e798                watchdog_periodic
 .text.watchdog_stop
                0x000000000000e7aa       0x16 contiki-sky.a(watchdog.o)
                0x000000000000e7aa                watchdog_stop
 .text.watchdog_init
                0x000000000000e7c0       0x14 contiki-sky.a(watchdog.o)
                0x000000000000e7c0                watchdog_init
 .text.rtimer_arch_init
                0x000000000000e7d4        0xe contiki-sky.a(rtimer-arch.o)
                0x000000000000e7d4                rtimer_arch_init
 .text.rtimer_arch_now
                0x000000000000e7e2        0xe contiki-sky.a(rtimer-arch.o)
                0x000000000000e7e2                rtimer_arch_now
 .text.timera0  0x000000000000e7f0       0x76 contiki-sky.a(rtimer-arch.o)
                0x000000000000e7f0                __isr_6
                0x000000000000e7f0                timera0
 .text.rtimer_arch_schedule
                0x000000000000e866        0x6 contiki-sky.a(rtimer-arch.o)
                0x000000000000e866                rtimer_arch_schedule
 .text.mac_call_sent_callback
                0x000000000000e86c       0x14 contiki-sky.a(mac.o)
                0x000000000000e86c                mac_call_sent_callback
 .text.parse    0x000000000000e880       0xa8 contiki-sky.a(framer-802154.o)
 .text.create   0x000000000000e928      0x10a contiki-sky.a(framer-802154.o)
 .text.rpl_purge_routes
                0x000000000000ea32       0x96 contiki-sky.a(rpl.o)
                0x000000000000ea32                rpl_purge_routes
 .text.rpl_remove_routes
                0x000000000000eac8       0x22 contiki-sky.a(rpl.o)
                0x000000000000eac8                rpl_remove_routes
 .text.rpl_remove_routes_by_nexthop
                0x000000000000eaea       0x46 contiki-sky.a(rpl.o)
                0x000000000000eaea                rpl_remove_routes_by_nexthop
 .text.rpl_add_route
                0x000000000000eb30       0x46 contiki-sky.a(rpl.o)
                0x000000000000eb30                rpl_add_route
 .text.rpl_link_neighbor_callback
                0x000000000000eb76       0x6a contiki-sky.a(rpl.o)
                0x000000000000eb76                rpl_link_neighbor_callback
 .text.rpl_ipv6_neighbor_callback
                0x000000000000ebe0       0x1e contiki-sky.a(rpl.o)
                0x000000000000ebe0                rpl_ipv6_neighbor_callback
 .text.rpl_init
                0x000000000000ebfe       0x40 contiki-sky.a(rpl.o)
                0x000000000000ebfe                rpl_init
 .text.rpl_verify_header
                0x000000000000ec3e       0xae contiki-sky.a(rpl-ext-header.)
                0x000000000000ec3e                rpl_verify_header
 .text.rpl_update_header_empty
                0x000000000000ecec       0xf8 contiki-sky.a(rpl-ext-header.)
                0x000000000000ecec                rpl_update_header_empty
 .text.rpl_update_header_final
                0x000000000000ede4       0x84 contiki-sky.a(rpl-ext-header.)
                0x000000000000ede4                rpl_update_header_final
 .text.rpl_invert_header
                0x000000000000ee68       0x5c contiki-sky.a(rpl-ext-header.)
                0x000000000000ee68                rpl_invert_header
 .text.rpl_insert_header
                0x000000000000eec4       0x18 contiki-sky.a(rpl-ext-header.)
                0x000000000000eec4                rpl_insert_header
 .text.rev8bits
                0x000000000000eedc       0x2c contiki-sky.a(sht11.o)
 .text.crc8_add
                0x000000000000ef08       0x1c contiki-sky.a(sht11.o)
 .text.sstart   0x000000000000ef24       0x3e contiki-sky.a(sht11.o)
 .text.swrite   0x000000000000ef62       0x52 contiki-sky.a(sht11.o)
 .text.sread    0x000000000000efb4       0x4e contiki-sky.a(sht11.o)
 .text.sreset   0x000000000000f002       0x2a contiki-sky.a(sht11.o)
 .text.scmd     0x000000000000f02c       0x98 contiki-sky.a(sht11.o)
 .text.sht11_init
                0x000000000000f0c4       0x1a contiki-sky.a(sht11.o)
                0x000000000000f0c4                sht11_init
 .text.sht11_off
                0x000000000000f0de       0x14 contiki-sky.a(sht11.o)
                0x000000000000f0de                sht11_off
 .text.sht11_temp
                0x000000000000f0f2        0xa contiki-sky.a(sht11.o)
                0x000000000000f0f2                sht11_temp
 .text.sht11_humidity
                0x000000000000f0fc        0xa contiki-sky.a(sht11.o)
                0x000000000000f0fc                sht11_humidity
 .text.sht11_sreg
                0x000000000000f106       0x54 contiki-sky.a(sht11.o)
                0x000000000000f106                sht11_sreg
 .text.spi_init
                0x000000000000f15a       0x32 contiki-sky.a(spi.o)
                0x000000000000f15a                spi_init
 .text.field_len
                0x000000000000f18c       0x98 contiki-sky.a(frame802154.o)
 .text.frame802154_hdrlen
                0x000000000000f224       0x2e contiki-sky.a(frame802154.o)
                0x000000000000f224                frame802154_hdrlen
 .text.frame802154_create
                0x000000000000f252      0x16c contiki-sky.a(frame802154.o)
                0x000000000000f252                frame802154_create
 .text.frame802154_parse
                0x000000000000f3be      0x19e contiki-sky.a(frame802154.o)
                0x000000000000f3be                frame802154_parse
 .text.libgcc   0x000000000000f55c       0x20 /usr/lib/gcc/msp430/4.5.3/mmpy-16/libgcc.a(_mulsi3.o)
                0x000000000000f55c                __mulsi3
 .text.libgcc   0x000000000000f57c       0x1c /usr/lib/gcc/msp430/4.5.3/mmpy-16/libgcc.a(_udivmodhi4.o)
                0x000000000000f57c                __udivmodhi4
 .text.libgcc   0x000000000000f598       0x36 /usr/lib/gcc/msp430/4.5.3/mmpy-16/libgcc.a(_divmodhi4.o)
                0x000000000000f598                __divmodhi4
 .text.libgcc   0x000000000000f5ce       0x2a /usr/lib/gcc/msp430/4.5.3/mmpy-16/libgcc.a(_udivmodsi4.o)
                0x000000000000f5ce                __udivmodsi4
 .text.libgcc   0x000000000000f5f8       0x4a /usr/lib/gcc/msp430/4.5.3/mmpy-16/libgcc.a(_divmodsi4.o)
                0x000000000000f5f8                __divmodsi4
 .text.crt0     0x000000000000f642        0x2 /usr/lib/gcc/msp430/4.5.3/mmpy-16/libcrt0.a(_unexpected_.o)
                0x000000000000f642                _unexpected_

.rodata         0x000000000000f644        0x0
                0x000000000000f644                . = ALIGN (0x2)
 *(.rodata .rodata.* .gnu.linkonce.r.*)
                0x000000000000f644                . = ALIGN (0x2)
                0x000000000000f644                _etext = .

.data           0x0000000000001100       0xe2 load address 0x000000000000f644
                0x0000000000001100                . = ALIGN (0x2)
                0x0000000000001100                PROVIDE (__data_start, .)
 *(.data)
 .data          0x0000000000001100        0xc udp-sender.co
                0x0000000000001100                parent_etx
                0x0000000000001102                udp_client_process
 .data          0x000000000000110c        0xc obj_sky/collect-common.o
                0x000000000000110c                collect_common_process
 .data          0x0000000000001118       0x18 contiki-sky.a(csma.o)
 .data          0x0000000000001130       0x10 contiki-sky.a(phase.o)
 .data          0x0000000000001140        0x8 contiki-sky.a(rpl-dag.o)
 .data          0x0000000000001148        0x1 contiki-sky.a(rpl-icmp6.o)
 *fill*         0x0000000000001149        0x1 00
 .data          0x000000000000114a        0xe contiki-sky.a(rpl-mrhof.o)
                0x000000000000114a                rpl_mrhof
 .data          0x0000000000001158        0xa contiki-sky.a(serial-line.o)
                0x0000000000001158                serial_line_process
 .data          0x0000000000001162        0xa contiki-sky.a(etimer.o)
                0x0000000000001162                etimer_process
 .data          0x000000000000116c        0xa contiki-sky.a(ctimer.o)
                0x000000000000116c                ctimer_process
 .data          0x0000000000001176        0x8 contiki-sky.a(nbr-table.o)
 .data          0x000000000000117e       0x18 contiki-sky.a(queuebuf.o)
 .data          0x0000000000001196        0xa contiki-sky.a(tcpip.o)
                0x0000000000001196                tcpip_process
 .data          0x00000000000011a0       0x18 contiki-sky.a(uip-ds6-route.o)
 .data          0x00000000000011b8        0xa contiki-sky.a(uip-ds6-nbr.o)
                0x00000000000011b8                ds6_neighbors
 .data          0x00000000000011c2        0x4 contiki-sky.a(contiki-sky-pla)
                0x00000000000011c2                sensors
 .data          0x00000000000011c6        0x1 contiki-sky.a(sht11-sensor.o)
 *fill*         0x00000000000011c7        0x1 00
 .data          0x00000000000011c8        0xa contiki-sky.a(sensors.o)
                0x00000000000011c8                sensors_process
 .data          0x00000000000011d2        0xa contiki-sky.a(cc2420.o)
                0x00000000000011d2                cc2420_process
 .data          0x00000000000011dc        0x2 contiki-sky.a(msp430.o)
 .data          0x00000000000011de        0x4 /usr/lib/gcc/msp430/4.5.3/../../../../msp430/lib/mmpy-16/libc.a(rand.o)
 *(SORT(.data.*))
                0x00000000000011e2                . = ALIGN (0x2)
 *(.gnu.linkonce.d*)
                0x00000000000011e2                . = ALIGN (0x2)
                0x00000000000011e2                _edata = .
                0x000000000000f644                PROVIDE (__data_load_start, LOADADDR (.data))
                0x00000000000000e2                PROVIDE (__data_size, SIZEOF (.data))

.bss            0x00000000000011e2     0x1d26 load address 0x000000000000f726
                0x00000000000011e2                PROVIDE (__bss_start, .)
 *(.bss)
 .bss           0x00000000000011e2       0x1e udp-sender.co
 .bss           0x0000000000001200       0x18 obj_sky/collect-common.o
 .bss           0x0000000000001218        0xc obj_sky/contiki-sky-main.o
 .bss           0x0000000000001224       0xc2 contiki-sky.a(csma.o)
 .bss           0x00000000000012e6       0xd8 contiki-sky.a(contikimac.o)
 .bss           0x00000000000013be      0x1d8 contiki-sky.a(phase.o)
 .bss           0x0000000000001596       0xc8 contiki-sky.a(rpl-dag.o)
 .bss           0x000000000000165e       0x18 contiki-sky.a(rpl-timers.o)
 .bss           0x0000000000001676       0x42 contiki-sky.a(process.o)
                0x0000000000001676                process_list
                0x0000000000001678                process_current
 .bss           0x00000000000016b8        0x8 contiki-sky.a(compower.o)
 .bss           0x00000000000016c0      0x10a contiki-sky.a(serial-line.o)
 .bss           0x00000000000017ca        0x6 contiki-sky.a(etimer.o)
 .bss           0x00000000000017d0        0x4 contiki-sky.a(ctimer.o)
 .bss           0x00000000000017d4        0x2 contiki-sky.a(rtimer.o)
 .bss           0x00000000000017d6      0x118 contiki-sky.a(nbr-table.o)
 .bss           0x00000000000018ee       0xba contiki-sky.a(packetbuf.o)
 .bss           0x00000000000019a8      0x71e contiki-sky.a(queuebuf.o)
 .bss           0x00000000000020c6      0x122 contiki-sky.a(sicslowpan.o)
 .bss           0x00000000000021e8       0x36 contiki-sky.a(tcpip.o)
 .bss           0x000000000000221e      0x2fc contiki-sky.a(uip-ds6-route.o)
 .bss           0x000000000000251a      0x2d0 contiki-sky.a(uip-ds6-nbr.o)
 .bss           0x00000000000027ea       0x18 contiki-sky.a(uip-ds6.o)
 .bss           0x0000000000002802       0x10 contiki-sky.a(uip-icmp6.o)
 .bss           0x0000000000002812        0xa contiki-sky.a(uip-nd6.o)
 .bss           0x000000000000281c       0x10 contiki-sky.a(uip6.o)
                0x000000000000281c                uip_ext_bitmap
                0x000000000000281e                uip_ext_len
                0x0000000000002820                uip_ext_opt_offset
 .bss           0x000000000000282c       0x10 contiki-sky.a(collect-view.o)
 .bss           0x000000000000283c        0x8 contiki-sky.a(button-sensor.o)
 .bss           0x0000000000002844        0x2 contiki-sky.a(node-id.o)
                0x0000000000002844                node_id
 .bss           0x0000000000002846        0x6 contiki-sky.a(sensors.o)
 .bss           0x000000000000284c        0xa contiki-sky.a(cc2420.o)
 .bss           0x0000000000002856        0x4 contiki-sky.a(sky-sensors.o)
 .bss           0x000000000000285a       0x9a contiki-sky.a(uart1.o)
 .bss           0x00000000000028f4        0xa contiki-sky.a(clock.o)
 .bss           0x00000000000028fe        0x2 contiki-sky.a(leds.o)
 .bss           0x0000000000002900        0x2 contiki-sky.a(watchdog.o)
 .bss           0x0000000000002902        0x2 contiki-sky.a(framer-802154.o)
 *(SORT(.bss.*))
 *(COMMON)
 COMMON         0x0000000000002904        0x8 contiki-sky.a(rimeaddr.o)
                0x0000000000002904                rimeaddr_node_addr
 COMMON         0x000000000000290c       0xbe contiki-sky.a(rpl-dag.o)
                0x000000000000290c                default_instance
                0x000000000000290e                instance_table
 COMMON         0x00000000000029ca        0x1 contiki-sky.a(process.o)
                0x00000000000029ca                process_maxevents
 *fill*         0x00000000000029cb        0x1 00
 COMMON         0x00000000000029cc        0x8 contiki-sky.a(compower.o)
                0x00000000000029cc                compower_idle_activity
 COMMON         0x00000000000029d4        0x1 contiki-sky.a(serial-line.o)
                0x00000000000029d4                serial_line_event_message
 *fill*         0x00000000000029d5        0x1 00
 COMMON         0x00000000000029d6       0x56 contiki-sky.a(energest.o)
                0x00000000000029d6                energest_total_time
                0x0000000000002a06                energest_total_count
                0x0000000000002a08                energest_current_mode
                0x0000000000002a14                energest_current_time
 COMMON         0x0000000000002a2c       0x50 contiki-sky.a(packetbuf.o)
                0x0000000000002a2c                packetbuf_addrs
                0x0000000000002a4c                packetbuf_attrs
 COMMON         0x0000000000002a7c        0x8 contiki-sky.a(sicslowpan.o)
                0x0000000000002a7c                frag_sender
 COMMON         0x0000000000002a84        0x1 contiki-sky.a(tcpip.o)
                0x0000000000002a84                tcpip_event
 *fill*         0x0000000000002a85        0x1 00
 COMMON         0x0000000000002a86      0x15c contiki-sky.a(uip-ds6.o)
                0x0000000000002a86                uip_ds6_timer_ra
                0x0000000000002a8e                uip_ds6_if
                0x0000000000002b7a                uip_ds6_netif_addr_list_offset
                0x0000000000002b7b                uip_ds6_addr_size
                0x0000000000002b7c                uip_ds6_prefix_list
                0x0000000000002bd6                uip_ds6_timer_periodic
 COMMON         0x0000000000002be2      0x304 contiki-sky.a(uip6.o)
                0x0000000000002be2                uip_len
                0x0000000000002be4                uip_sappdata
                0x0000000000002be6                uip_acc32
                0x0000000000002bea                uip_lladdr
                0x0000000000002bf2                uip_aligned_buf
                0x0000000000002ce2                uip_flags
                0x0000000000002ce4                uip_next_hdr
                0x0000000000002ce6                uip_udp_conn
                0x0000000000002ce8                uip_appdata
                0x0000000000002cea                uip_conn
                0x0000000000002cec                uip_conns
                0x0000000000002d9c                uip_listenports
                0x0000000000002dac                uip_slen
                0x0000000000002dae                uip_udp_conns
 COMMON         0x0000000000002ee6        0x2 contiki-sky.a(contiki-sky-pla)
                0x0000000000002ee6                sensors_flags
 COMMON         0x0000000000002ee8        0x8 contiki-sky.a(ds2411.o)
                0x0000000000002ee8                ds2411_id
 COMMON         0x0000000000002ef0        0x1 contiki-sky.a(sensors.o)
                0x0000000000002ef0                sensors_event
 *fill*         0x0000000000002ef1        0x1 00
 COMMON         0x0000000000002ef2       0x14 contiki-sky.a(cc2420.o)
                0x0000000000002ef2                cc2420_last_rssi
                0x0000000000002ef4                cc2420_packets_read
                0x0000000000002ef6                cc2420_packets_seen
                0x0000000000002ef8                cc2420_sfd_start_time
                0x0000000000002efa                cc2420_time_of_departure
                0x0000000000002efc                cc2420_time_of_arrival
                0x0000000000002efe                cc2420_last_correlation
                0x0000000000002f00                cc2420_authority_level_of_sender
                0x0000000000002f02                cc2420_sfd_counter
                0x0000000000002f04                cc2420_sfd_end_time
 COMMON         0x0000000000002f06        0x2 contiki-sky.a(msp430.o)
                0x0000000000002f06                msp430_dco_required
                0x0000000000002f08                PROVIDE (__bss_end, .)
                0x0000000000002f08                _end = .
                0x0000000000001d26                PROVIDE (__bss_size, SIZEOF (.bss))

.noinit         0x0000000000002f08        0x0 load address 0x000000000000f726
                0x0000000000002f08                PROVIDE (__noinit_start, .)
 *(.noinit)
 *(.noinit.*)
 *(COMMON)
                0x0000000000002f08                PROVIDE (__noinit_end, .)
                0x0000000000002f08                _end = .

.infomem        0x0000000000001000        0x0
 *(.infomem)
                0x0000000000001000                . = ALIGN (0x2)
 *(.infomem.*)

.infomemnobits  0x0000000000001000        0x0
                0x0000000000001000                . = ALIGN (0x2)
 *(.infomemnobits)
                0x0000000000001000                . = ALIGN (0x2)
 *(.infomemnobits.*)

.vectors        0x000000000000ffe0       0x20
                0x000000000000ffe0                PROVIDE (__vectors_start, .)
 *(.vectors*)
 .vectors       0x000000000000ffe0       0x20 /usr/lib/gcc/msp430/4.5.3/mmpy-16/crt0ivtbl16.o
                0x000000000000ffe0                __ivtbl_16
                0x0000000000010000                _vectors_end = .

.fartext        0x0000000000000000        0x0
                0x0000000000000000                . = ALIGN (0x2)
 *(.fartext)
                0x0000000000000000                . = ALIGN (0x2)
 *(.fartext.*)
                0x0000000000000000                _efartext = .

.profiler
 *(.profiler)

.stab
 *(.stab)

.stabstr
 *(.stabstr)

.stab.excl
 *(.stab.excl)

.stab.exclstr
 *(.stab.exclstr)

.stab.index
 *(.stab.index)

.stab.indexstr
 *(.stab.indexstr)

.comment
 *(.comment)

.debug
 *(.debug)

.line
 *(.line)

.debug_srcinfo
 *(.debug_srcinfo)

.debug_sfnames
 *(.debug_sfnames)

.debug_aranges  0x0000000000000000      0x17c
 *(.debug_aranges)
 .debug_aranges
                0x0000000000000000       0x14 /usr/lib/gcc/msp430/4.5.3/mmpy-16/libgcc.a(_mulsi3.o)
 .debug_aranges
                0x0000000000000014       0x14 /usr/lib/gcc/msp430/4.5.3/mmpy-16/libgcc.a(_udivmodhi4.o)
 .debug_aranges
                0x0000000000000028       0x14 /usr/lib/gcc/msp430/4.5.3/mmpy-16/libgcc.a(_divmodhi4.o)
 .debug_aranges
                0x000000000000003c       0x14 /usr/lib/gcc/msp430/4.5.3/mmpy-16/libgcc.a(_udivmodsi4.o)
 .debug_aranges
                0x0000000000000050       0x14 /usr/lib/gcc/msp430/4.5.3/mmpy-16/libgcc.a(_divmodsi4.o)
 .debug_aranges
                0x0000000000000064       0x14 /usr/lib/gcc/msp430/4.5.3/../../../../msp430/lib/mmpy-16/libc.a(memcmp.o)
 .debug_aranges
                0x0000000000000078       0x14 /usr/lib/gcc/msp430/4.5.3/../../../../msp430/lib/mmpy-16/libc.a(memcpy.o)
 .debug_aranges
                0x000000000000008c       0x14 /usr/lib/gcc/msp430/4.5.3/../../../../msp430/lib/mmpy-16/libc.a(memmove.o)
 .debug_aranges
                0x00000000000000a0       0x14 /usr/lib/gcc/msp430/4.5.3/../../../../msp430/lib/mmpy-16/libc.a(memset.o)
 .debug_aranges
                0x00000000000000b4       0x14 /usr/lib/gcc/msp430/4.5.3/../../../../msp430/lib/mmpy-16/libc.a(printf.o)
 .debug_aranges
                0x00000000000000c8       0x14 /usr/lib/gcc/msp430/4.5.3/../../../../msp430/lib/mmpy-16/libc.a(vuprintf.o)
 .debug_aranges
                0x00000000000000dc       0x14 /usr/lib/gcc/msp430/4.5.3/../../../../msp430/lib/mmpy-16/libc.a(puts.o)
 .debug_aranges
                0x00000000000000f0       0x14 /usr/lib/gcc/msp430/4.5.3/../../../../msp430/lib/mmpy-16/libc.a(rand.o)
 .debug_aranges
                0x0000000000000104       0x14 /usr/lib/gcc/msp430/4.5.3/mmpy-16/libcrt0.a(__init_stack.o)
 .debug_aranges
                0x0000000000000118       0x14 /usr/lib/gcc/msp430/4.5.3/mmpy-16/libcrt0.a(__low_level_init.o)
 .debug_aranges
                0x000000000000012c       0x14 /usr/lib/gcc/msp430/4.5.3/mmpy-16/libcrt0.a(_copy_data.o)
 .debug_aranges
                0x0000000000000140       0x14 /usr/lib/gcc/msp430/4.5.3/mmpy-16/libcrt0.a(_clear_bss.o)
 .debug_aranges
                0x0000000000000154       0x14 /usr/lib/gcc/msp430/4.5.3/mmpy-16/libcrt0.a(_endless_loop__.o)
 .debug_aranges
                0x0000000000000168       0x14 /usr/lib/gcc/msp430/4.5.3/mmpy-16/libcrt0.a(_unexpected_.o)

.debug_pubnames
                0x0000000000000000      0x108
 *(.debug_pubnames)
 .debug_pubnames
                0x0000000000000000       0x1d /usr/lib/gcc/msp430/4.5.3/../../../../msp430/lib/mmpy-16/libc.a(memcmp.o)
 .debug_pubnames
                0x000000000000001d       0x1d /usr/lib/gcc/msp430/4.5.3/../../../../msp430/lib/mmpy-16/libc.a(memcpy.o)
 .debug_pubnames
                0x000000000000003a       0x1e /usr/lib/gcc/msp430/4.5.3/../../../../msp430/lib/mmpy-16/libc.a(memmove.o)
 .debug_pubnames
                0x0000000000000058       0x1d /usr/lib/gcc/msp430/4.5.3/../../../../msp430/lib/mmpy-16/libc.a(memset.o)
 .debug_pubnames
                0x0000000000000075       0x29 /usr/lib/gcc/msp430/4.5.3/../../../../msp430/lib/mmpy-16/libc.a(printf.o)
 .debug_pubnames
                0x000000000000009e       0x1f /usr/lib/gcc/msp430/4.5.3/../../../../msp430/lib/mmpy-16/libc.a(vuprintf.o)
 .debug_pubnames
                0x00000000000000bd       0x1b /usr/lib/gcc/msp430/4.5.3/../../../../msp430/lib/mmpy-16/libc.a(puts.o)
 .debug_pubnames
                0x00000000000000d8       0x30 /usr/lib/gcc/msp430/4.5.3/../../../../msp430/lib/mmpy-16/libc.a(rand.o)

.debug_info     0x0000000000000000     0x1310
 *(.debug_info)
 .debug_info    0x0000000000000000       0xd7 /usr/lib/gcc/msp430/4.5.3/mmpy-16/libgcc.a(_mulsi3.o)
 .debug_info    0x00000000000000d7       0xd7 /usr/lib/gcc/msp430/4.5.3/mmpy-16/libgcc.a(_udivmodhi4.o)
 .debug_info    0x00000000000001ae       0xd7 /usr/lib/gcc/msp430/4.5.3/mmpy-16/libgcc.a(_divmodhi4.o)
 .debug_info    0x0000000000000285       0xd7 /usr/lib/gcc/msp430/4.5.3/mmpy-16/libgcc.a(_udivmodsi4.o)
 .debug_info    0x000000000000035c       0xd7 /usr/lib/gcc/msp430/4.5.3/mmpy-16/libgcc.a(_divmodsi4.o)
 .debug_info    0x0000000000000433       0xe2 /usr/lib/gcc/msp430/4.5.3/../../../../msp430/lib/mmpy-16/libc.a(memcmp.o)
 .debug_info    0x0000000000000515      0x111 /usr/lib/gcc/msp430/4.5.3/../../../../msp430/lib/mmpy-16/libc.a(memcpy.o)
 .debug_info    0x0000000000000626      0x111 /usr/lib/gcc/msp430/4.5.3/../../../../msp430/lib/mmpy-16/libc.a(memmove.o)
 .debug_info    0x0000000000000737       0xfe /usr/lib/gcc/msp430/4.5.3/../../../../msp430/lib/mmpy-16/libc.a(memset.o)
 .debug_info    0x0000000000000835      0x103 /usr/lib/gcc/msp430/4.5.3/../../../../msp430/lib/mmpy-16/libc.a(printf.o)
 .debug_info    0x0000000000000938      0x3b5 /usr/lib/gcc/msp430/4.5.3/../../../../msp430/lib/mmpy-16/libc.a(vuprintf.o)
 .debug_info    0x0000000000000ced       0x96 /usr/lib/gcc/msp430/4.5.3/../../../../msp430/lib/mmpy-16/libc.a(puts.o)
 .debug_info    0x0000000000000d83      0x137 /usr/lib/gcc/msp430/4.5.3/../../../../msp430/lib/mmpy-16/libc.a(rand.o)
 .debug_info    0x0000000000000eba       0xb9 /usr/lib/gcc/msp430/4.5.3/mmpy-16/libcrt0.a(__init_stack.o)
 .debug_info    0x0000000000000f73       0xb9 /usr/lib/gcc/msp430/4.5.3/mmpy-16/libcrt0.a(__low_level_init.o)
 .debug_info    0x000000000000102c       0xb9 /usr/lib/gcc/msp430/4.5.3/mmpy-16/libcrt0.a(_copy_data.o)
 .debug_info    0x00000000000010e5       0xb9 /usr/lib/gcc/msp430/4.5.3/mmpy-16/libcrt0.a(_clear_bss.o)
 .debug_info    0x000000000000119e       0xb9 /usr/lib/gcc/msp430/4.5.3/mmpy-16/libcrt0.a(_endless_loop__.o)