Archive member included because of file (symbol)

contiki-sky.a(rimeaddr.o)     obj_sky/contiki-sky-main.o (rimeaddr_copy)
contiki-sky.a(rime.o)         obj_sky/contiki-sky-main.o (rime_driver)
contiki-sky.a(announcement.o)
                              contiki-sky.a(rime.o) (announcement_init)
contiki-sky.a(broadcast-annou)
                              contiki-sky.a(rime.o) (broadcast_announcement_init)
contiki-sky.a(broadcast.o)    contiki-sky.a(broadcast-annou) (broadcast_open)
contiki-sky.a(abc.o)          contiki-sky.a(broadcast.o) (abc_open)
contiki-sky.a(chameleon.o)    contiki-sky.a(rime.o) (chameleon_init)
contiki-sky.a(channel.o)      contiki-sky.a(chameleon.o) (channel_init)
contiki-sky.a(chameleon-bitop)
                              contiki-sky.a(chameleon.o) (chameleon_bitopt)
contiki-sky.a(csma.o)         obj_sky/contiki-sky-main.o (csma_driver)
contiki-sky.a(contikimac.o)   obj_sky/contiki-sky-main.o (contikimac_driver)
contiki-sky.a(phase.o)        contiki-sky.a(contikimac.o) (phase_update)
contiki-sky.a(process.o)      obj_sky/contiki-sky-main.o (process_init)
contiki-sky.a(autostart.o)    obj_sky/contiki-sky-main.o (autostart_start)
contiki-sky.a(compower.o)     contiki-sky.a(contikimac.o) (compower_idle_activity)
contiki-sky.a(serial-line.o)  obj_sky/contiki-sky-main.o (serial_line_input_byte)
contiki-sky.a(memb.o)         contiki-sky.a(csma.o) (memb_init)
contiki-sky.a(timer.o)        obj_sky/contiki-sky-main.o (timer_set)
contiki-sky.a(list.o)         contiki-sky.a(announcement.o) (list_init)
contiki-sky.a(etimer.o)       obj_sky/contiki-sky-main.o (etimer_process)
contiki-sky.a(ctimer.o)       obj_sky/contiki-sky-main.o (ctimer_init)
contiki-sky.a(energest.o)     obj_sky/contiki-sky-main.o (energest_init)
contiki-sky.a(rtimer.o)       obj_sky/contiki-sky-main.o (rtimer_init)
contiki-sky.a(random.o)       obj_sky/contiki-sky-main.o (random_init)
contiki-sky.a(ringbuf.o)      contiki-sky.a(serial-line.o) (ringbuf_init)
contiki-sky.a(nbr-table.o)    contiki-sky.a(phase.o) (nbr_table_register)
contiki-sky.a(packetbuf.o)    contiki-sky.a(contikimac.o) (packetbuf_hdr_remove)
contiki-sky.a(queuebuf.o)     contiki-sky.a(rime.o) (queuebuf_init)
contiki-sky.a(contiki-sky-pla)
                              obj_sky/contiki-sky-main.o (init_platform)
contiki-sky.a(button-sensor.o)
                              contiki-sky.a(contiki-sky-pla) (button_sensor)
contiki-sky.a(ds2411.o)       obj_sky/contiki-sky-main.o (ds2411_init)
contiki-sky.a(xmem.o)         obj_sky/contiki-sky-main.o (xmem_init)
contiki-sky.a(node-id.o)      obj_sky/contiki-sky-main.o (node_id_restore)
contiki-sky.a(sensors.o)      contiki-sky.a(button-sensor.o) (sensors_changed)
contiki-sky.a(cc2420.o)       obj_sky/contiki-sky-main.o (cc2420_set_channel)
contiki-sky.a(cc2420-arch.o)  contiki-sky.a(cc2420.o) (cc2420_arch_init)
contiki-sky.a(uart1.o)        obj_sky/contiki-sky-main.o (uart1_active)
contiki-sky.a(uart1-putchar.o)
                              obj_sky/contiki-sky-main.o (putchar)
contiki-sky.a(msp430.o)       contiki-sky.a(uart1.o) (msp430_add_lpm_req)
contiki-sky.a(clock.o)        contiki-sky.a(timer.o) (clock_time)
contiki-sky.a(leds.o)         obj_sky/contiki-sky-main.o (leds_init)
contiki-sky.a(leds-arch.o)    contiki-sky.a(leds.o) (leds_arch_init)
contiki-sky.a(watchdog.o)     obj_sky/contiki-sky-main.o (watchdog_start)
contiki-sky.a(rtimer-arch.o)  contiki-sky.a(rtimer.o) (rtimer_arch_init)
contiki-sky.a(mac.o)          contiki-sky.a(csma.o) (mac_call_sent_callback)
contiki-sky.a(framer-802154.o)
                              contiki-sky.a(contikimac.o) (framer_802154)
contiki-sky.a(spi.o)          contiki-sky.a(xmem.o) (spi_init)
contiki-sky.a(frame802154.o)  contiki-sky.a(framer-802154.o) (frame802154_hdrlen)
/usr/lib/gcc/msp430/4.5.3/mmpy-16/libgcc.a(_mulsi3.o)
                              contiki-sky.a(csma.o) (__mulsi3)
/usr/lib/gcc/msp430/4.5.3/mmpy-16/libgcc.a(_udivmodhi4.o)
                              contiki-sky.a(phase.o) (__udivmodhi4)
/usr/lib/gcc/msp430/4.5.3/mmpy-16/libgcc.a(_divmodhi4.o)
                              contiki-sky.a(nbr-table.o) (__divmodhi4)
/usr/lib/gcc/msp430/4.5.3/mmpy-16/libgcc.a(_udivmodsi4.o)
                              obj_sky/contiki-sky-main.o (__udivmodsi4)
/usr/lib/gcc/msp430/4.5.3/../../../../msp430/lib/mmpy-16/libc.a(strncmp.o)
                              contiki-sky.a(sensors.o) (strncmp)
/usr/lib/gcc/msp430/4.5.3/../../../../msp430/lib/mmpy-16/libc.a(memcmp.o)
                              contiki-sky.a(rimeaddr.o) (memcmp)
/usr/lib/gcc/msp430/4.5.3/../../../../msp430/lib/mmpy-16/libc.a(memcpy.o)
                              contiki-sky.a(broadcast-annou) (memcpy)
/usr/lib/gcc/msp430/4.5.3/../../../../msp430/lib/mmpy-16/libc.a(memset.o)
                              obj_sky/contiki-sky-main.o (memset)
/usr/lib/gcc/msp430/4.5.3/../../../../msp430/lib/mmpy-16/libc.a(printf.o)
                              obj_sky/contiki-sky-main.o (printf)
[...]
Memory Configuration

Name             Origin             Length             Attributes
sfr              0x0000000000000000 0x0000000000000010
peripheral_8bit  0x0000000000000010 0x00000000000000f0
peripheral_16bit 0x0000000000000100 0x0000000000000100
infomem          0x0000000000001000 0x0000000000000100
infob            0x0000000000001000 0x0000000000000080
infoa            0x0000000000001080 0x0000000000000080
ram              0x0000000000001100 0x0000000000002800 xw
rom              0x0000000000004000 0x000000000000bfe0 xr
vectors          0x000000000000ffe0 0x0000000000000020
bsl              0x0000000000000000 0x0000000000000000
infoc            0x0000000000000000 0x0000000000000000
infod            0x0000000000000000 0x0000000000000000
far_rom          0x0000000000000000 0x0000000000000000
*default*        0x0000000000000000 0xffffffffffffffff

Linker script and memory map

LOAD /usr/lib/gcc/msp430/4.5.3/mmpy-16/crt0ivtbl16.o
LOAD hello-world.co
LOAD obj_sky/contiki-sky-main.o
LOAD contiki-sky.a
LOAD /usr/lib/gcc/msp430/4.5.3/mmpy-16/libgcc.a
LOAD /usr/lib/gcc/msp430/4.5.3/../../../../msp430/lib/mmpy-16/libc.a
LOAD /usr/lib/gcc/msp430/4.5.3/mmpy-16/libgcc.a
LOAD /usr/lib/gcc/msp430/4.5.3/mmpy-16/libcrt0.a
                0x0000000000000000                __IE1 = 0x0
                0x0000000000000002                __IFG1 = 0x2
                0x0000000000000004                __ME1 = 0x4
                0x0000000000000001                __IE2 = 0x1
                0x0000000000000003                __IFG2 = 0x3
                0x0000000000000005                __ME2 = 0x5
                0x0000000000000120                __WDTCTL = 0x120
                0x0000000000000130                __MPY = 0x130
                0x0000000000000132                __MPYS = 0x132
                0x0000000000000134                __MAC = 0x134
                0x0000000000000136                __MACS = 0x136
                0x0000000000000138                __OP2 = 0x138
                0x000000000000013a                __RESLO = 0x13a
                0x000000000000013c                __RESHI = 0x13c
                0x000000000000013e                __SUMEXT = 0x13e
                0x0000000000000020                __P1IN = 0x20
                0x0000000000000021                __P1OUT = 0x21
                0x0000000000000022                __P1DIR = 0x22
                0x0000000000000023                __P1IFG = 0x23
                0x0000000000000024                __P1IES = 0x24
                0x0000000000000025                __P1IE = 0x25
                0x0000000000000026                __P1SEL = 0x26
                0x0000000000000028                __P2IN = 0x28
                0x0000000000000029                __P2OUT = 0x29
                0x000000000000002a                __P2DIR = 0x2a
                0x000000000000002b                __P2IFG = 0x2b
                0x000000000000002c                __P2IES = 0x2c
                0x000000000000002d                __P2IE = 0x2d
                0x000000000000002e                __P2SEL = 0x2e
                0x0000000000000018                __P3IN = 0x18
                0x0000000000000019                __P3OUT = 0x19
                0x000000000000001a                __P3DIR = 0x1a
                0x000000000000001b                __P3SEL = 0x1b
                0x000000000000001c                __P4IN = 0x1c
                0x000000000000001d                __P4OUT = 0x1d
                0x000000000000001e                __P4DIR = 0x1e
                0x000000000000001f                __P4SEL = 0x1f
                0x0000000000000030                __P5IN = 0x30
                0x0000000000000031                __P5OUT = 0x31
                0x0000000000000032                __P5DIR = 0x32
                0x0000000000000033                __P5SEL = 0x33
                0x0000000000000034                __P6IN = 0x34
                0x0000000000000035                __P6OUT = 0x35
                0x0000000000000036                __P6DIR = 0x36
                0x0000000000000037                __P6SEL = 0x37
                0x0000000000000070                __U0CTL = 0x70
                0x0000000000000071                __U0TCTL = 0x71
                0x0000000000000072                __U0RCTL = 0x72
                0x0000000000000073                __U0MCTL = 0x73
                0x0000000000000074                __U0BR0 = 0x74
                0x0000000000000075                __U0BR1 = 0x75
                0x0000000000000076                __U0RXBUF = 0x76
                0x0000000000000077                __U0TXBUF = 0x77
                0x0000000000000078                __U1CTL = 0x78
                0x0000000000000079                __U1TCTL = 0x79
                0x000000000000007a                __U1RCTL = 0x7a
                0x000000000000007b                __U1MCTL = 0x7b
                0x000000000000007c                __U1BR0 = 0x7c
                0x000000000000007d                __U1BR1 = 0x7d
                0x000000000000007e                __U1RXBUF = 0x7e
                0x000000000000007f                __U1TXBUF = 0x7f
                0x0000000000000050                __I2CIE = 0x50
                0x0000000000000051                __I2CIFG = 0x51
                0x0000000000000052                __I2CNDAT = 0x52
                0x0000000000000071                __I2CTCTL = 0x71
                0x0000000000000072                __I2CDCTL = 0x72
                0x0000000000000073                __I2CPSC = 0x73
                0x0000000000000074                __I2CSCLH = 0x74
                0x0000000000000075                __I2CSCLL = 0x75
                0x0000000000000076                __I2CDRB = 0x76
                0x0000000000000076                __I2CDRW = 0x76
                0x0000000000000118                __I2COA = 0x118
                0x000000000000011a                __I2CSA = 0x11a
                0x000000000000011c                __I2CIV = 0x11c
                0x000000000000012e                __TAIV = 0x12e
                0x0000000000000160                __TACTL = 0x160
                0x0000000000000162                __TACCTL0 = 0x162
                0x0000000000000164                __TACCTL1 = 0x164
                0x0000000000000166                __TACCTL2 = 0x166
                0x0000000000000170                __TAR = 0x170
                0x0000000000000172                __TACCR0 = 0x172
                0x0000000000000174                __TACCR1 = 0x174
                0x0000000000000176                __TACCR2 = 0x176
                0x000000000000011e                __TBIV = 0x11e
                0x0000000000000180                __TBCTL = 0x180
                0x0000000000000182                __TBCCTL0 = 0x182
                0x0000000000000184                __TBCCTL1 = 0x184
                0x0000000000000186                __TBCCTL2 = 0x186
                0x0000000000000188                __TBCCTL3 = 0x188
                0x000000000000018a                __TBCCTL4 = 0x18a
                0x000000000000018c                __TBCCTL5 = 0x18c
                0x000000000000018e                __TBCCTL6 = 0x18e
                0x0000000000000190                __TBR = 0x190
                0x0000000000000192                __TBCCR0 = 0x192
                0x0000000000000194                __TBCCR1 = 0x194
                0x0000000000000196                __TBCCR2 = 0x196
                0x0000000000000198                __TBCCR3 = 0x198
                0x000000000000019a                __TBCCR4 = 0x19a
                0x000000000000019c                __TBCCR5 = 0x19c
                0x000000000000019e                __TBCCR6 = 0x19e
                0x0000000000000056                __DCOCTL = 0x56
                0x0000000000000057                __BCSCTL1 = 0x57
                0x0000000000000058                __BCSCTL2 = 0x58
                0x0000000000000055                __SVSCTL = 0x55
                0x0000000000000128                __FCTL1 = 0x128
                0x000000000000012a                __FCTL2 = 0x12a
                0x000000000000012c                __FCTL3 = 0x12c
                0x0000000000000059                __CACTL1 = 0x59
                0x000000000000005a                __CACTL2 = 0x5a
                0x000000000000005b                __CAPD = 0x5b
                0x00000000000001a0                __ADC12CTL0 = 0x1a0
                0x00000000000001a2                __ADC12CTL1 = 0x1a2
                0x00000000000001a4                __ADC12IFG = 0x1a4
                0x00000000000001a6                __ADC12IE = 0x1a6
                0x00000000000001a8                __ADC12IV = 0x1a8
                0x0000000000000140                __ADC12MEM0 = 0x140
                0x0000000000000142                __ADC12MEM1 = 0x142
                0x0000000000000144                __ADC12MEM2 = 0x144
                0x0000000000000146                __ADC12MEM3 = 0x146
                0x0000000000000148                __ADC12MEM4 = 0x148
                0x000000000000014a                __ADC12MEM5 = 0x14a
                0x000000000000014c                __ADC12MEM6 = 0x14c
                0x000000000000014e                __ADC12MEM7 = 0x14e
                0x0000000000000150                __ADC12MEM8 = 0x150
                0x0000000000000152                __ADC12MEM9 = 0x152
                0x0000000000000154                __ADC12MEM10 = 0x154
                0x0000000000000156                __ADC12MEM11 = 0x156
                0x0000000000000158                __ADC12MEM12 = 0x158
                0x000000000000015a                __ADC12MEM13 = 0x15a
                0x000000000000015c                __ADC12MEM14 = 0x15c
                0x000000000000015e                __ADC12MEM15 = 0x15e
                0x0000000000000080                __ADC12MCTL0 = 0x80
                0x0000000000000081                __ADC12MCTL1 = 0x81
                0x0000000000000082                __ADC12MCTL2 = 0x82
                0x0000000000000083                __ADC12MCTL3 = 0x83
                0x0000000000000084                __ADC12MCTL4 = 0x84
                0x0000000000000085                __ADC12MCTL5 = 0x85
                0x0000000000000086                __ADC12MCTL6 = 0x86
                0x0000000000000087                __ADC12MCTL7 = 0x87
                0x0000000000000088                __ADC12MCTL8 = 0x88
                0x0000000000000089                __ADC12MCTL9 = 0x89
                0x000000000000008a                __ADC12MCTL10 = 0x8a
                0x000000000000008b                __ADC12MCTL11 = 0x8b
                0x000000000000008c                __ADC12MCTL12 = 0x8c
                0x000000000000008d                __ADC12MCTL13 = 0x8d
                0x000000000000008e                __ADC12MCTL14 = 0x8e
                0x000000000000008f                __ADC12MCTL15 = 0x8f
                0x00000000000001c0                __DAC12_0CTL = 0x1c0
                0x00000000000001c2                __DAC12_1CTL = 0x1c2
                0x00000000000001c8                __DAC12_0DAT = 0x1c8
                0x00000000000001ca                __DAC12_1DAT = 0x1ca
                0x0000000000000122                __DMACTL0 = 0x122
                0x0000000000000124                __DMACTL1 = 0x124
                0x00000000000001e0                __DMA0CTL = 0x1e0
                0x00000000000001e8                __DMA1CTL = 0x1e8
                0x00000000000001f0                __DMA2CTL = 0x1f0
                0x00000000000001e2                __DMA0SA = 0x1e2
                0x00000000000001e4                __DMA0DA = 0x1e4
                0x00000000000001e6                __DMA0SZ = 0x1e6
                0x00000000000001ea                __DMA1SA = 0x1ea
                0x00000000000001ec                __DMA1DA = 0x1ec
                0x00000000000001ee                __DMA1SZ = 0x1ee
                0x00000000000001f2                __DMA2SA = 0x1f2
                0x00000000000001f4                __DMA2DA = 0x1f4
                0x00000000000001f6                __DMA2SZ = 0x1f6

.hash
 *(.hash)

.dynsym
 *(.dynsym)

.dynstr
 *(.dynstr)

.gnu.version
 *(.gnu.version)

.gnu.version_d
 *(.gnu.version_d)

.gnu.version_r
 *(.gnu.version_r)

.rel.init
 *(.rel.init)

.rela.init
 *(.rela.init)

.rel.text
 *(.rel.text)
 *(.rel.text.*)
 *(.rel.gnu.linkonce.t*)

.rela.text
 *(.rela.text)
 *(.rela.text.*)
 *(.rela.gnu.linkonce.t*)

.rel.fini
 *(.rel.fini)

.rela.fini
 *(.rela.fini)

.rel.rodata
 *(.rel.rodata)
 *(.rel.rodata.*)
 *(.rel.gnu.linkonce.r*)

.rela.rodata
 *(.rela.rodata)
 *(.rela.rodata.*)
 *(.rela.gnu.linkonce.r*)

.rel.data
 *(.rel.data)
 *(.rel.data.*)
 *(.rel.gnu.linkonce.d*)

.rela.data
 *(.rela.data)
 *(.rela.data.*)
 *(.rela.gnu.linkonce.d*)

.rel.ctors
 *(.rel.ctors)

.rela.ctors
 *(.rela.ctors)

.rel.dtors
 *(.rel.dtors)

.rela.dtors
 *(.rela.dtors)

.rel.got
 *(.rel.got)

.rela.got
 *(.rela.got)

.rel.bss
 *(.rel.bss)

.rela.bss
 *(.rela.bss)

.rel.plt
 *(.rel.plt)

.rela.plt
 *(.rela.plt)

.text           0x0000000000004000     0x4fd0
                0x0000000000004000                . = ALIGN (0x2)
 *(.init)
 *(.init0)
 .init0         0x0000000000004000        0x0 /usr/lib/gcc/msp430/4.5.3/mmpy-16/libcrt0.a(_reset_vector__.o)
                0x0000000000004000                _reset_vector__
 *(.init1)
 *(.init2)
 .init2         0x0000000000004000        0x4 /usr/lib/gcc/msp430/4.5.3/mmpy-16/libcrt0.a(__init_stack.o)
                0x0000000000004000                __init_stack
 *(.init3)
 .init3         0x0000000000004004        0xa /usr/lib/gcc/msp430/4.5.3/mmpy-16/libcrt0.a(__low_level_init.o)
                0x0000000000004004                __low_level_init
 *(.init4)
 .init4         0x000000000000400e       0x16 /usr/lib/gcc/msp430/4.5.3/mmpy-16/libcrt0.a(_copy_data.o)
                0x000000000000400e                __do_copy_data
 .init4         0x0000000000004024       0x14 /usr/lib/gcc/msp430/4.5.3/mmpy-16/libcrt0.a(_clear_bss.o)
                0x0000000000004024                __do_clear_bss
 *(.init5)
 *(.init6)
 *(.init7)
 *(.init8)
 *(.init9)
 .init9         0x0000000000004038      0x302 obj_sky/contiki-sky-main.o
                0x0000000000004038                main
 *(.fini9)
 .fini9         0x000000000000433a        0x0 /usr/lib/gcc/msp430/4.5.3/mmpy-16/libcrt0.a(__stop_progExec__.o)
                0x000000000000433a                __stop_progExec__
 *(.fini8)
 *(.fini7)
 *(.fini6)
 *(.fini5)
 *(.fini4)
 *(.fini3)
 *(.fini2)
 *(.fini1)
 *(.fini0)
 .fini0         0x000000000000433a        0x6 /usr/lib/gcc/msp430/4.5.3/mmpy-16/libcrt0.a(_endless_loop__.o)
                0x000000000000433a                _endless_loop__
 *(.fini)
                0x0000000000004340                . = ALIGN (0x2)
                0x0000000000004340                __ctors_start = .
 *(.ctors)
                0x0000000000004340                __ctors_end = .
                0x0000000000004340                __dtors_start = .
 *(.dtors)
                0x0000000000004340                __dtors_end = .
                0x0000000000004340                . = ALIGN (0x2)
 *(.text)
 .text          0x0000000000004340        0x4 /usr/lib/gcc/msp430/4.5.3/mmpy-16/crt0ivtbl16.o
                0x0000000000004340                __isr_14
                0x0000000000004340                __isr_11
                0x0000000000004340                __isr_2
                0x0000000000004340                __isr_7
                0x0000000000004340                __isr_0
                0x0000000000004340                __isr_8
                0x0000000000004340                __isr_3
                0x0000000000004340                __isr_12
                0x0000000000004340                __isr_13
                0x0000000000004340                __isr_9
 .text          0x0000000000004344       0x26 hello-world.co
                0x0000000000004366                autostart_processes
 .text          0x000000000000436a       0xd4 obj_sky/contiki-sky-main.o
 .text          0x000000000000443e        0x2 contiki-sky.a(rimeaddr.o)
                0x000000000000443e                rimeaddr_null
 .text          0x0000000000004440        0xc contiki-sky.a(rime.o)
                0x0000000000004446                rime_driver
 .text          0x000000000000444c        0x4 contiki-sky.a(broadcast-annou)
 .text          0x0000000000004450        0x8 contiki-sky.a(broadcast.o)
 .text          0x0000000000004458        0x2 contiki-sky.a(abc.o)
 .text          0x000000000000445a       0x10 contiki-sky.a(chameleon-bitop)
                0x000000000000445a                chameleon_bitopt
 .text          0x000000000000446a       0x14 contiki-sky.a(csma.o)
                0x0000000000004470                csma_driver
 .text          0x000000000000447e       0x1c contiki-sky.a(contikimac.o)
                0x000000000000448a                contikimac_driver
 .text          0x000000000000449a        0xe contiki-sky.a(serial-line.o)
 .text          0x00000000000044a8        0xc contiki-sky.a(etimer.o)
 .text          0x00000000000044b4        0xf contiki-sky.a(ctimer.o)
 *fill*         0x00000000000044c3        0x1 00
 .text          0x00000000000044c4       0x10 contiki-sky.a(button-sensor.o)
                0x00000000000044cc                button_sensor
 .text          0x00000000000044d4        0x8 contiki-sky.a(sensors.o)
 .text          0x00000000000044dc       0x22 contiki-sky.a(cc2420.o)
                0x00000000000044ea                cc2420_driver
 .text          0x00000000000044fe        0x4 contiki-sky.a(framer-802154.o)
                0x00000000000044fe                framer_802154
 .text          0x0000000000004502        0x2 contiki-sky.a(frame802154.o)
 .text          0x0000000000004504       0x34 /usr/lib/gcc/msp430/4.5.3/../../../../msp430/lib/mmpy-16/libc.a(memcmp.o)
                0x0000000000004504                memcmp
 .text          0x0000000000004538      0x104 /usr/lib/gcc/msp430/4.5.3/../../../../msp430/lib/mmpy-16/libc.a(memcpy.o)
                0x0000000000004538                memcpy
 .text          0x000000000000463c       0x66 /usr/lib/gcc/msp430/4.5.3/../../../../msp430/lib/mmpy-16/libc.a(memset.o)
                0x000000000000463c                memset
 .text          0x00000000000046a2       0x20 /usr/lib/gcc/msp430/4.5.3/../../../../msp430/lib/mmpy-16/libc.a(printf.o)
                0x00000000000046a2                printf
                0x00000000000046b4                vprintf
 .text          0x00000000000046c2      0x476 /usr/lib/gcc/msp430/4.5.3/../../../../msp430/lib/mmpy-16/libc.a(vuprintf.o)
                0x00000000000047ce                vuprintf
 .text          0x0000000000004b38       0x2c /usr/lib/gcc/msp430/4.5.3/../../../../msp430/lib/mmpy-16/libc.a(puts.o)
                0x0000000000004b38                puts
 .text          0x0000000000004b64      0x134 /usr/lib/gcc/msp430/4.5.3/../../../../msp430/lib/mmpy-16/libc.a(rand.o)
                0x0000000000004b64                rand_r
                0x0000000000004bf8                rand
                0x0000000000004c8e                srand
                0x0000000000004c98                . = ALIGN (0x2)
 *(.text.*)
 .text.process_thread_hello_world_process
                0x0000000000004c98       0x1e hello-world.co
 .text.rimeaddr_copy
                0x0000000000004cb6        0x6 contiki-sky.a(rimeaddr.o)
                0x0000000000004cb6                rimeaddr_copy
 .text.rimeaddr_cmp
                0x0000000000004cbc       0x12 contiki-sky.a(rimeaddr.o)
                0x0000000000004cbc                rimeaddr_cmp
 .text.rimeaddr_set_node_addr
                0x0000000000004cce        0xc contiki-sky.a(rimeaddr.o)
                0x0000000000004cce                rimeaddr_set_node_addr
 .text.input    0x0000000000004cda       0x3a contiki-sky.a(rime.o)
 .text.init     0x0000000000004d14       0x2e contiki-sky.a(rime.o)
 .text.packet_sent
                0x0000000000004d42       0x44 contiki-sky.a(rime.o)
 .text.rime_output
                0x0000000000004d86       0x20 contiki-sky.a(rime.o)
                0x0000000000004d86                rime_output
 .text.announcement_init
                0x0000000000004da6        0xa contiki-sky.a(announcement.o)
                0x0000000000004da6                announcement_init
 .text.announcement_register_observer_callback
                0x0000000000004db0        0x6 contiki-sky.a(announcement.o)
                0x0000000000004db0                announcement_register_observer_callback
 .text.announcement_list
                0x0000000000004db6        0xa contiki-sky.a(announcement.o)
                0x0000000000004db6                announcement_list
 .text.announcement_heard
                0x0000000000004dc0       0x42 contiki-sky.a(announcement.o)
                0x0000000000004dc0                announcement_heard
 .text.adv_packet_sent
                0x0000000000004e02        0x2 contiki-sky.a(broadcast-annou)
 .text.adv_packet_received
                0x0000000000004e04       0x6c contiki-sky.a(broadcast-annou)
 .text.set_timers
                0x0000000000004e70       0x60 contiki-sky.a(broadcast-annou)
 .text.new_announcement
                0x0000000000004ed0       0x18 contiki-sky.a(broadcast-annou)
 .text.send_timer
                0x0000000000004ee8       0x38 contiki-sky.a(broadcast-annou)
 .text.send_adv
                0x0000000000004f20       0x66 contiki-sky.a(broadcast-annou)
 .text.broadcast_announcement_init
                0x0000000000004f86       0x48 contiki-sky.a(broadcast-annou)
                0x0000000000004f86                broadcast_announcement_init
 .text.sent_by_abc
                0x0000000000004fce       0x10 contiki-sky.a(broadcast.o)
 .text.recv_from_abc
                0x0000000000004fde       0x26 contiki-sky.a(broadcast.o)
 .text.broadcast_open
                0x0000000000005004       0x2a contiki-sky.a(broadcast.o)
                0x0000000000005004                broadcast_open
 .text.broadcast_send
                0x000000000000502e       0x1a contiki-sky.a(broadcast.o)
                0x000000000000502e                broadcast_send
 .text.abc_open
                0x0000000000005048       0x26 contiki-sky.a(abc.o)
                0x0000000000005048                abc_open
 .text.abc_send
                0x000000000000506e        0x6 contiki-sky.a(abc.o)
                0x000000000000506e                abc_send
 .text.abc_input
                0x0000000000005074        0xe contiki-sky.a(abc.o)
                0x0000000000005074                abc_input
 .text.abc_sent
                0x0000000000005082       0x10 contiki-sky.a(abc.o)
                0x0000000000005082                abc_sent
 .text.chameleon_init
                0x0000000000005092        0x6 contiki-sky.a(chameleon.o)
                0x0000000000005092                chameleon_init
 .text.chameleon_parse
                0x0000000000005098       0x10 contiki-sky.a(chameleon.o)
                0x0000000000005098                chameleon_parse
 .text.chameleon_create
                0x00000000000050a8       0x1c contiki-sky.a(chameleon.o)
                0x00000000000050a8                chameleon_create
 .text.chameleon_hdrsize
                0x00000000000050c4        0x6 contiki-sky.a(chameleon.o)
                0x00000000000050c4                chameleon_hdrsize
 .text.channel_init
                0x00000000000050ca        0xa contiki-sky.a(channel.o)
                0x00000000000050ca                channel_init
 .text.channel_open
                0x00000000000050d4       0x10 contiki-sky.a(channel.o)
                0x00000000000050d4                channel_open
 .text.channel_lookup
                0x00000000000050e4       0x20 contiki-sky.a(channel.o)
                0x00000000000050e4                channel_lookup
 .text.channel_set_attributes
                0x0000000000005104       0x24 contiki-sky.a(channel.o)
                0x0000000000005104                channel_set_attributes
 .text.header_size
                0x0000000000005128       0x16 contiki-sky.a(chameleon-bitop)
 .text.get_bits_in_byte
                0x000000000000513e       0x30 contiki-sky.a(chameleon-bitop)
                0x000000000000513e                get_bits_in_byte
 .text.get_bits
                0x000000000000516e       0xaa contiki-sky.a(chameleon-bitop)
                0x000000000000516e                get_bits
 .text.unpack_header
                0x0000000000005218       0xde contiki-sky.a(chameleon-bitop)
 .text.set_bits_in_byte
                0x00000000000052f6       0x26 contiki-sky.a(chameleon-bitop)
                0x00000000000052f6                set_bits_in_byte
 .text.set_bits
                0x000000000000531c       0xb0 contiki-sky.a(chameleon-bitop)
                0x000000000000531c                set_bits
 .text.pack_header
                0x00000000000053cc       0xb8 contiki-sky.a(chameleon-bitop)
 .text.input_packet
                0x0000000000005484        0x6 contiki-sky.a(csma.o)
 .text.on       0x000000000000548a        0x6 contiki-sky.a(csma.o)
 .text.off      0x0000000000005490        0x6 contiki-sky.a(csma.o)
 .text.channel_check_interval
                0x0000000000005496        0xc contiki-sky.a(csma.o)
 .text.transmit_packet_list
                0x00000000000054a2       0x24 contiki-sky.a(csma.o)
 .text.send_packet
                0x00000000000054c6      0x164 contiki-sky.a(csma.o)
 .text.free_packet
                0x000000000000562a       0x90 contiki-sky.a(csma.o)
 .text.packet_sent
                0x00000000000056ba      0x128 contiki-sky.a(csma.o)
 .text.init     0x00000000000057e2       0x1a contiki-sky.a(csma.o)
 .text.on       0x00000000000057fc       0x16 contiki-sky.a(contikimac.o)
 .text.off      0x0000000000005812       0x1e contiki-sky.a(contikimac.o)
 .text.recv_burst_off
                0x0000000000005830        0xa contiki-sky.a(contikimac.o)
 .text.turn_off
                0x000000000000583a       0x20 contiki-sky.a(contikimac.o)
 .text.duty_cycle
                0x000000000000585a        0x6 contiki-sky.a(contikimac.o)
 .text.turn_on  0x0000000000005860       0x30 contiki-sky.a(contikimac.o)
 .text.schedule_powercycle_fixed
                0x0000000000005890       0x40 contiki-sky.a(contikimac.o)
 .text.powercycle_turn_radio_off
                0x00000000000058d0       0x2c contiki-sky.a(contikimac.o)
 .text.powercycle
                0x00000000000058fc      0x1c0 contiki-sky.a(contikimac.o)
 .text.input_packet
                0x0000000000005abc      0x118 contiki-sky.a(contikimac.o)
 .text.send_packet
                0x0000000000005bd4      0x2e2 contiki-sky.a(contikimac.o)
 .text.qsend_list
                0x0000000000005eb6       0x86 contiki-sky.a(contikimac.o)
 .text.qsend_packet
                0x0000000000005f3c       0x28 contiki-sky.a(contikimac.o)
 .text.init     0x0000000000005f64       0x2e contiki-sky.a(contikimac.o)
 .text.send_packet
                0x0000000000005f92       0x44 contiki-sky.a(phase.o)
 .text.phase_update
                0x0000000000005fd6       0x90 contiki-sky.a(phase.o)
                0x0000000000005fd6                phase_update
 .text.phase_wait
                0x0000000000006066      0x112 contiki-sky.a(phase.o)
                0x0000000000006066                phase_wait
 .text.phase_init
                0x0000000000006178       0x14 contiki-sky.a(phase.o)
                0x0000000000006178                phase_init
 .text.call_process
                0x000000000000618c       0x4c contiki-sky.a(process.o)
 .text.exit_process
                0x00000000000061d8       0x94 contiki-sky.a(process.o)
 .text.do_poll  0x000000000000626c       0x30 contiki-sky.a(process.o)
 .text.process_alloc_event
                0x000000000000629c        0xe contiki-sky.a(process.o)
                0x000000000000629c                process_alloc_event
 .text.process_init
                0x00000000000062aa       0x1c contiki-sky.a(process.o)
                0x00000000000062aa                process_init
 .text.process_run
                0x00000000000062c6       0x9c contiki-sky.a(process.o)
                0x00000000000062c6                process_run
 .text.process_nevents
                0x0000000000006362        0xc contiki-sky.a(process.o)
                0x0000000000006362                process_nevents
 .text.process_post
                0x000000000000636e       0x54 contiki-sky.a(process.o)
                0x000000000000636e                process_post
 .text.process_post_synch
                0x00000000000063c2       0x12 contiki-sky.a(process.o)
                0x00000000000063c2                process_post_synch
 .text.process_start
                0x00000000000063d4       0x32 contiki-sky.a(process.o)
                0x00000000000063d4                process_start
 .text.process_poll
                0x0000000000006406       0x1a contiki-sky.a(process.o)
                0x0000000000006406                process_poll
 .text.autostart_start
                0x0000000000006420       0x18 contiki-sky.a(autostart.o)
                0x0000000000006420                autostart_start
 .text.compower_accumulate
                0x0000000000006438       0x72 contiki-sky.a(compower.o)
                0x0000000000006438                compower_accumulate
 .text.compower_clear
                0x00000000000064aa       0x12 contiki-sky.a(compower.o)
                0x00000000000064aa                compower_clear
 .text.compower_attrconv
                0x00000000000064bc       0x10 contiki-sky.a(compower.o)
                0x00000000000064bc                compower_attrconv
 .text.process_thread_serial_line_process
                0x00000000000064cc       0xa6 contiki-sky.a(serial-line.o)
 .text.serial_line_input_byte
                0x0000000000006572       0x46 contiki-sky.a(serial-line.o)
                0x0000000000006572                serial_line_input_byte
 .text.serial_line_init
                0x00000000000065b8       0x1c contiki-sky.a(serial-line.o)
                0x00000000000065b8                serial_line_init
 .text.memb_init
                0x00000000000065d4       0x36 contiki-sky.a(memb.o)
                0x00000000000065d4                memb_init
 .text.memb_alloc
                0x000000000000660a       0x3e contiki-sky.a(memb.o)
                0x000000000000660a                memb_alloc
 .text.memb_free
                0x0000000000006648       0x3a contiki-sky.a(memb.o)
                0x0000000000006648                memb_free
 .text.memb_inmemb
                0x0000000000006682       0x2e contiki-sky.a(memb.o)
                0x0000000000006682                memb_inmemb
 .text.timer_set
                0x00000000000066b0       0x1c contiki-sky.a(timer.o)
                0x00000000000066b0                timer_set
 .text.timer_reset
                0x00000000000066cc        0xe contiki-sky.a(timer.o)
                0x00000000000066cc                timer_reset
 .text.timer_expired
                0x00000000000066da       0x2e contiki-sky.a(timer.o)
                0x00000000000066da                timer_expired
 .text.list_init
                0x0000000000006708        0x6 contiki-sky.a(list.o)
                0x0000000000006708                list_init
 .text.list_head
                0x000000000000670e        0x4 contiki-sky.a(list.o)
                0x000000000000670e                list_head
 .text.list_tail
                0x0000000000006712       0x14 contiki-sky.a(list.o)
                0x0000000000006712                list_tail
 .text.list_remove
                0x0000000000006726       0x2e contiki-sky.a(list.o)
                0x0000000000006726                list_remove
 .text.list_push
                0x0000000000006754       0x1a contiki-sky.a(list.o)
                0x0000000000006754                list_push
 .text.list_add
                0x000000000000676e       0x2a contiki-sky.a(list.o)
                0x000000000000676e                list_add
 .text.list_length
                0x0000000000006798       0x10 contiki-sky.a(list.o)
                0x0000000000006798                list_length
 .text.list_item_next
                0x00000000000067a8        0x8 contiki-sky.a(list.o)
                0x00000000000067a8                list_item_next
 .text.update_time
                0x00000000000067b0       0x78 contiki-sky.a(etimer.o)
 .text.etimer_request_poll
                0x0000000000006828        0xa contiki-sky.a(etimer.o)
                0x0000000000006828                etimer_request_poll
 .text.process_thread_etimer_process
                0x0000000000006832       0xce contiki-sky.a(etimer.o)
 .text.add_timer
                0x0000000000006900       0x40 contiki-sky.a(etimer.o)
 .text.etimer_set
                0x0000000000006940       0x12 contiki-sky.a(etimer.o)
                0x0000000000006940                etimer_set
 .text.etimer_reset
                0x0000000000006952       0x12 contiki-sky.a(etimer.o)
                0x0000000000006952                etimer_reset
 .text.etimer_pending
                0x0000000000006964        0xe contiki-sky.a(etimer.o)
                0x0000000000006964                etimer_pending
 .text.etimer_next_expiration_time
                0x0000000000006972       0x16 contiki-sky.a(etimer.o)
                0x0000000000006972                etimer_next_expiration_time
 .text.etimer_stop
                0x0000000000006988       0x3c contiki-sky.a(etimer.o)
                0x0000000000006988                etimer_stop
 .text.process_thread_ctimer_process
                0x00000000000069c4       0xa4 contiki-sky.a(ctimer.o)
 .text.ctimer_init
                0x0000000000006a68       0x18 contiki-sky.a(ctimer.o)
                0x0000000000006a68                ctimer_init
 .text.ctimer_set
                0x0000000000006a80       0x5a contiki-sky.a(ctimer.o)
                0x0000000000006a80                ctimer_set
 .text.ctimer_reset
                0x0000000000006ada       0x3a contiki-sky.a(ctimer.o)
                0x0000000000006ada                ctimer_reset
 .text.ctimer_stop
                0x0000000000006b14       0x28 contiki-sky.a(ctimer.o)
                0x0000000000006b14                ctimer_stop
 .text.energest_init
                0x0000000000006b3c       0x2a contiki-sky.a(energest.o)
                0x0000000000006b3c                energest_init
 .text.energest_type_time
                0x0000000000006b66       0x44 contiki-sky.a(energest.o)
                0x0000000000006b66                energest_type_time
 .text.energest_type_set
                0x0000000000006baa        0xe contiki-sky.a(energest.o)
                0x0000000000006baa                energest_type_set
 .text.energest_flush
                0x0000000000006bb8       0x4a contiki-sky.a(energest.o)
                0x0000000000006bb8                energest_flush
 .text.rtimer_init
                0x0000000000006c02        0x6 contiki-sky.a(rtimer.o)
                0x0000000000006c02                rtimer_init
 .text.rtimer_set
                0x0000000000006c08       0x24 contiki-sky.a(rtimer.o)
                0x0000000000006c08                rtimer_set
 .text.rtimer_run_next
                0x0000000000006c2c       0x26 contiki-sky.a(rtimer.o)
                0x0000000000006c2c                rtimer_run_next
 .text.random_init
                0x0000000000006c52        0x6 contiki-sky.a(random.o)
                0x0000000000006c52                random_init
 .text.random_rand
                0x0000000000006c58        0x6 contiki-sky.a(random.o)
                0x0000000000006c58                random_rand
 .text.ringbuf_init
                0x0000000000006c5e       0x14 contiki-sky.a(ringbuf.o)
                0x0000000000006c5e                ringbuf_init
 .text.ringbuf_put
                0x0000000000006c72       0x3c contiki-sky.a(ringbuf.o)
                0x0000000000006c72                ringbuf_put
 .text.ringbuf_get
                0x0000000000006cae       0x32 contiki-sky.a(ringbuf.o)
                0x0000000000006cae                ringbuf_get
 .text.index_from_key
                0x0000000000006ce0       0x34 contiki-sky.a(nbr-table.o)
 .text.item_from_key
                0x0000000000006d14       0x38 contiki-sky.a(nbr-table.o)
 .text.nbr_set_bit
                0x0000000000006d4c       0x6e contiki-sky.a(nbr-table.o)
 .text.index_from_lladdr
                0x0000000000006dba       0x42 contiki-sky.a(nbr-table.o)
 .text.nbr_get_bit.clone.0
                0x0000000000006dfc       0x40 contiki-sky.a(nbr-table.o)
 .text.nbr_table_register
                0x0000000000006e3c       0x26 contiki-sky.a(nbr-table.o)
                0x0000000000006e3c                nbr_table_register
 .text.nbr_table_add_lladdr
                0x0000000000006e62      0x13e contiki-sky.a(nbr-table.o)
                0x0000000000006e62                nbr_table_add_lladdr
 .text.nbr_table_get_from_lladdr
                0x0000000000006fa0       0x4c contiki-sky.a(nbr-table.o)
                0x0000000000006fa0                nbr_table_get_from_lladdr
 .text.nbr_table_remove
                0x0000000000006fec       0x32 contiki-sky.a(nbr-table.o)
                0x0000000000006fec                nbr_table_remove
 .text.packetbuf_copyto_hdr
                0x000000000000701e       0x1c contiki-sky.a(packetbuf.o)
                0x000000000000701e                packetbuf_copyto_hdr
 .text.packetbuf_copyto
                0x000000000000703a       0x52 contiki-sky.a(packetbuf.o)
                0x000000000000703a                packetbuf_copyto
 .text.packetbuf_hdr_remove
                0x000000000000708c        0x6 contiki-sky.a(packetbuf.o)
                0x000000000000708c                packetbuf_hdr_remove
 .text.packetbuf_hdrreduce
                0x0000000000007092       0x1a contiki-sky.a(packetbuf.o)
                0x0000000000007092                packetbuf_hdrreduce
 .text.packetbuf_set_datalen
                0x00000000000070ac        0x6 contiki-sky.a(packetbuf.o)
                0x00000000000070ac                packetbuf_set_datalen
 .text.packetbuf_dataptr
                0x00000000000070b2        0xa contiki-sky.a(packetbuf.o)
                0x00000000000070b2                packetbuf_dataptr
 .text.packetbuf_hdrptr
                0x00000000000070bc        0xa contiki-sky.a(packetbuf.o)
                0x00000000000070bc                packetbuf_hdrptr
 .text.packetbuf_is_reference
                0x00000000000070c6        0xe contiki-sky.a(packetbuf.o)
                0x00000000000070c6                packetbuf_is_reference
 .text.packetbuf_compact
                0x00000000000070d4       0x48 contiki-sky.a(packetbuf.o)
                0x00000000000070d4                packetbuf_compact
 .text.packetbuf_reference_ptr
                0x000000000000711c        0x6 contiki-sky.a(packetbuf.o)
                0x000000000000711c                packetbuf_reference_ptr
 .text.packetbuf_datalen
                0x0000000000007122        0x6 contiki-sky.a(packetbuf.o)
                0x0000000000007122                packetbuf_datalen
 .text.packetbuf_totlen
                0x0000000000007128       0x10 contiki-sky.a(packetbuf.o)
                0x0000000000007128                packetbuf_totlen
 .text.packetbuf_hdralloc
                0x0000000000007138       0x2e contiki-sky.a(packetbuf.o)
                0x0000000000007138                packetbuf_hdralloc
 .text.packetbuf_attr_clear
                0x0000000000007166       0x2e contiki-sky.a(packetbuf.o)
                0x0000000000007166                packetbuf_attr_clear
 .text.packetbuf_clear
                0x0000000000007194       0x20 contiki-sky.a(packetbuf.o)
                0x0000000000007194                packetbuf_clear
 .text.packetbuf_copyfrom
                0x00000000000071b4       0x2e contiki-sky.a(packetbuf.o)
                0x00000000000071b4                packetbuf_copyfrom
 .text.packetbuf_attr_copyto
                0x00000000000071e2       0x20 contiki-sky.a(packetbuf.o)
                0x00000000000071e2                packetbuf_attr_copyto
 .text.packetbuf_attr_copyfrom
                0x0000000000007202       0x2c contiki-sky.a(packetbuf.o)
                0x0000000000007202                packetbuf_attr_copyfrom
 .text.queuebuf_init
                0x000000000000722e       0x1a contiki-sky.a(queuebuf.o)
                0x000000000000722e                queuebuf_init
 .text.queuebuf_new_from_packetbuf
                0x0000000000007248       0x80 contiki-sky.a(queuebuf.o)
                0x0000000000007248                queuebuf_new_from_packetbuf
 .text.queuebuf_update_attr_from_packetbuf
                0x00000000000072c8       0x12 contiki-sky.a(queuebuf.o)
                0x00000000000072c8                queuebuf_update_attr_from_packetbuf
 .text.queuebuf_free
                0x00000000000072da       0x46 contiki-sky.a(queuebuf.o)
                0x00000000000072da                queuebuf_free
 .text.queuebuf_to_packetbuf
                0x0000000000007320       0x70 contiki-sky.a(queuebuf.o)
                0x0000000000007320                queuebuf_to_packetbuf
 .text.queuebuf_attr
                0x0000000000007390        0xe contiki-sky.a(queuebuf.o)
                0x0000000000007390                queuebuf_attr
 .text.init_platform
                0x000000000000739e        0xc contiki-sky.a(contiki-sky-pla)
                0x000000000000739e                init_platform
 .text.status   0x00000000000073aa       0x16 contiki-sky.a(button-sensor.o)
 .text.configure
                0x00000000000073c0       0x4a contiki-sky.a(button-sensor.o)
 .text.value    0x000000000000740a       0x26 contiki-sky.a(button-sensor.o)
 .text.irq_p2   0x0000000000007430       0x92 contiki-sky.a(button-sensor.o)
                0x0000000000007430                irq_p2
                0x0000000000007430                __isr_1
 .text.crc8_add
                0x00000000000074c2       0x1a contiki-sky.a(ds2411.o)
 .text.owreadb  0x00000000000074dc       0x56 contiki-sky.a(ds2411.o)
 .text.ds2411_init
                0x0000000000007532      0x10a contiki-sky.a(ds2411.o)
                0x0000000000007532                ds2411_init
 .text.wait_ready
                0x000000000000763c       0x4e contiki-sky.a(xmem.o)
 .text.xmem_init
                0x000000000000768a       0x3c contiki-sky.a(xmem.o)
                0x000000000000768a                xmem_init
 .text.xmem_pread
                0x00000000000076c6       0xdc contiki-sky.a(xmem.o)
                0x00000000000076c6                xmem_pread
 .text.node_id_restore
                0x00000000000077a2       0x38 contiki-sky.a(node-id.o)
                0x00000000000077a2                node_id_restore
 .text.get_sensor_index
                0x00000000000077da       0x22 contiki-sky.a(sensors.o)
 .text.process_thread_sensors_process
                0x00000000000077fc       0xc2 contiki-sky.a(sensors.o)
 .text.sensors_changed
                0x00000000000078be       0x14 contiki-sky.a(sensors.o)
                0x00000000000078be                sensors_changed
 .text.strobe   0x00000000000078d2       0x1e contiki-sky.a(cc2420.o)
 .text.status   0x00000000000078f0       0x24 contiki-sky.a(cc2420.o)
 .text.getreg   0x0000000000007914       0x50 contiki-sky.a(cc2420.o)
 .text.setreg   0x0000000000007964       0x48 contiki-sky.a(cc2420.o)
 .text.set_txpower
                0x00000000000079ac       0x2a contiki-sky.a(cc2420.o)
 .text.cc2420_receiving_packet
                0x00000000000079d6       0x10 contiki-sky.a(cc2420.o)
 .text.pending_packet
                0x00000000000079e6        0x8 contiki-sky.a(cc2420.o)
 .text.on       0x00000000000079ee       0x46 contiki-sky.a(cc2420.o)
 .text.flushrx  0x0000000000007a34       0x74 contiki-sky.a(cc2420.o)
 .text.off      0x0000000000007aa8       0x78 contiki-sky.a(cc2420.o)
 .text.RELEASE_LOCK
                0x0000000000007b20       0x28 contiki-sky.a(cc2420.o)
 .text.cc2420_prepare
                0x0000000000007b48       0x82 contiki-sky.a(cc2420.o)
 .text.cc2420_on
                0x0000000000007bca       0x22 contiki-sky.a(cc2420.o)
                0x0000000000007bca                cc2420_on
 .text.cc2420_off
                0x0000000000007bec       0x30 contiki-sky.a(cc2420.o)
                0x0000000000007bec                cc2420_off
 .text.cc2420_cca
                0x0000000000007c1c       0x7a contiki-sky.a(cc2420.o)
 .text.getrxdata
                0x0000000000007c96       0x4e contiki-sky.a(cc2420.o)
 .text.cc2420_read
                0x0000000000007ce4       0xe6 contiki-sky.a(cc2420.o)
 .text.process_thread_cc2420_process
                0x0000000000007dca       0x50 contiki-sky.a(cc2420.o)
 .text.cc2420_set_channel
                0x0000000000007e1a       0x7a contiki-sky.a(cc2420.o)
                0x0000000000007e1a                cc2420_set_channel
 .text.cc2420_set_pan_addr
                0x0000000000007e94      0x13a contiki-sky.a(cc2420.o)
                0x0000000000007e94                cc2420_set_pan_addr
 .text.cc2420_init
                0x0000000000007fce       0xd4 contiki-sky.a(cc2420.o)
                0x0000000000007fce                cc2420_init
 .text.cc2420_interrupt
                0x00000000000080a2       0x20 contiki-sky.a(cc2420.o)
                0x00000000000080a2                cc2420_interrupt
 .text.cc2420_get_txpower
                0x00000000000080c2       0x1e contiki-sky.a(cc2420.o)
                0x00000000000080c2                cc2420_get_txpower
 .text.cc2420_transmit
                0x00000000000080e0      0x1a4 contiki-sky.a(cc2420.o)
 .text.cc2420_send
                0x0000000000008284       0x12 contiki-sky.a(cc2420.o)
 .text.cc2420_port1_interrupt
                0x0000000000008296       0x6a contiki-sky.a(cc2420-arch.o)
                0x0000000000008296                __isr_4
                0x0000000000008296                cc2420_port1_interrupt
 .text.cc2420_arch_init
                0x0000000000008300       0x1a contiki-sky.a(cc2420-arch.o)
                0x0000000000008300                cc2420_arch_init
 .text.handle_rxdma_timer
                0x000000000000831a       0x42 contiki-sky.a(uart1.o)
 .text.uart1_active
                0x000000000000835c       0x18 contiki-sky.a(uart1.o)
                0x000000000000835c                uart1_active
 .text.uart1_set_input
                0x0000000000008374       0x20 contiki-sky.a(uart1.o)
                0x0000000000008374                uart1_set_input
 .text.uart1_writeb
                0x0000000000008394       0x1a contiki-sky.a(uart1.o)
                0x0000000000008394                uart1_writeb
 .text.uart1_init
                0x00000000000083ae       0xee contiki-sky.a(uart1.o)
                0x00000000000083ae                uart1_init
 .text.putchar  0x000000000000849c        0xe contiki-sky.a(uart1-putchar.o)
                0x000000000000849c                putchar
 .text.msp430_init_dco
                0x00000000000084aa       0x74 contiki-sky.a(msp430.o)
                0x00000000000084aa                msp430_init_dco
 .text.msp430_add_lpm_req
                0x000000000000851e        0xa contiki-sky.a(msp430.o)
                0x000000000000851e                msp430_add_lpm_req
 .text.msp430_cpu_init
                0x0000000000008528       0x2a contiki-sky.a(msp430.o)
                0x0000000000008528                msp430_cpu_init
 .text.splhigh_
                0x0000000000008552        0x8 contiki-sky.a(msp430.o)
                0x0000000000008552                splhigh_
 .text.msp430_sync_dco
                0x000000000000855a       0x60 contiki-sky.a(msp430.o)
                0x000000000000855a                msp430_sync_dco
 .text.timera1  0x00000000000085ba       0xee contiki-sky.a(clock.o)
                0x00000000000085ba                __isr_5
                0x00000000000085ba                timera1
 .text.clock_time
                0x00000000000086a8       0x1a contiki-sky.a(clock.o)
                0x00000000000086a8                clock_time
 .text.clock_init
                0x00000000000086c2       0x28 contiki-sky.a(clock.o)
                0x00000000000086c2                clock_init
 .text.clock_delay
                0x00000000000086ea        0xc contiki-sky.a(clock.o)
                0x00000000000086ea                clock_delay
 .text.show_leds
                0x00000000000086f6      0x10c contiki-sky.a(leds.o)
 .text.leds_init
                0x0000000000008802        0xe contiki-sky.a(leds.o)
                0x0000000000008802                leds_init
 .text.leds_on  0x0000000000008810       0x14 contiki-sky.a(leds.o)
                0x0000000000008810                leds_on
 .text.leds_off
                0x0000000000008824       0x14 contiki-sky.a(leds.o)
                0x0000000000008824                leds_off
 .text.leds_arch_init
                0x0000000000008838        0xe contiki-sky.a(leds-arch.o)
                0x0000000000008838                leds_arch_init
 .text.leds_arch_set
                0x0000000000008846       0x3a contiki-sky.a(leds-arch.o)
                0x0000000000008846                leds_arch_set
 .text.watchdog_interrupt
                0x0000000000008880        0x6 contiki-sky.a(watchdog.o)
                0x0000000000008880                __isr_10
                0x0000000000008880                watchdog_interrupt
 .text.watchdog_start
                0x0000000000008886       0x14 contiki-sky.a(watchdog.o)
                0x0000000000008886                watchdog_start
 .text.watchdog_periodic
                0x000000000000889a       0x12 contiki-sky.a(watchdog.o)
                0x000000000000889a                watchdog_periodic
 .text.watchdog_stop
                0x00000000000088ac       0x16 contiki-sky.a(watchdog.o)
                0x00000000000088ac                watchdog_stop
 .text.watchdog_init
                0x00000000000088c2       0x14 contiki-sky.a(watchdog.o)
                0x00000000000088c2                watchdog_init
 .text.rtimer_arch_init
                0x00000000000088d6        0xe contiki-sky.a(rtimer-arch.o)
                0x00000000000088d6                rtimer_arch_init
 .text.rtimer_arch_now
                0x00000000000088e4        0xe contiki-sky.a(rtimer-arch.o)
                0x00000000000088e4                rtimer_arch_now
 .text.timera0  0x00000000000088f2       0x76 contiki-sky.a(rtimer-arch.o)
                0x00000000000088f2                __isr_6
                0x00000000000088f2                timera0
 .text.rtimer_arch_schedule
                0x0000000000008968        0x6 contiki-sky.a(rtimer-arch.o)
                0x0000000000008968                rtimer_arch_schedule
 .text.mac_call_sent_callback
                0x000000000000896e       0x14 contiki-sky.a(mac.o)
                0x000000000000896e                mac_call_sent_callback
 .text.parse    0x0000000000008982       0xa8 contiki-sky.a(framer-802154.o)
 .text.create   0x0000000000008a2a      0x106 contiki-sky.a(framer-802154.o)
 .text.spi_init
                0x0000000000008b30       0x32 contiki-sky.a(spi.o)
                0x0000000000008b30                spi_init
 .text.field_len
                0x0000000000008b62       0x98 contiki-sky.a(frame802154.o)
 .text.frame802154_hdrlen
                0x0000000000008bfa       0x2e contiki-sky.a(frame802154.o)
                0x0000000000008bfa                frame802154_hdrlen
 .text.frame802154_create
                0x0000000000008c28      0x16c contiki-sky.a(frame802154.o)
                0x0000000000008c28                frame802154_create
 .text.frame802154_parse
                0x0000000000008d94      0x19e contiki-sky.a(frame802154.o)
                0x0000000000008d94                frame802154_parse
 .text.libgcc   0x0000000000008f32       0x20 /usr/lib/gcc/msp430/4.5.3/mmpy-16/libgcc.a(_mulsi3.o)
                0x0000000000008f32                __mulsi3
 .text.libgcc   0x0000000000008f52       0x1c /usr/lib/gcc/msp430/4.5.3/mmpy-16/libgcc.a(_udivmodhi4.o)
                0x0000000000008f52                __udivmodhi4
 .text.libgcc   0x0000000000008f6e       0x36 /usr/lib/gcc/msp430/4.5.3/mmpy-16/libgcc.a(_divmodhi4.o)
                0x0000000000008f6e                __divmodhi4
 .text.libgcc   0x0000000000008fa4       0x2a /usr/lib/gcc/msp430/4.5.3/mmpy-16/libgcc.a(_udivmodsi4.o)
                0x0000000000008fa4                __udivmodsi4
 .text.crt0     0x0000000000008fce        0x2 /usr/lib/gcc/msp430/4.5.3/mmpy-16/libcrt0.a(_unexpected_.o)
                0x0000000000008fce                _unexpected_

.rodata         0x0000000000008fd0        0x0
                0x0000000000008fd0                . = ALIGN (0x2)
 *(.rodata .rodata.* .gnu.linkonce.r.*)
                0x0000000000008fd0                . = ALIGN (0x2)
                0x0000000000008fd0                _etext = .

.data           0x0000000000001100       0x8e load address 0x0000000000008fd0
                0x0000000000001100                . = ALIGN (0x2)
                0x0000000000001100                PROVIDE (__data_start, .)
 *(.data)
 .data          0x0000000000001100        0xa hello-world.co
                0x0000000000001100                hello_world_process
 .data          0x000000000000110a       0x18 contiki-sky.a(csma.o)
 .data          0x0000000000001122       0x10 contiki-sky.a(phase.o)
 .data          0x0000000000001132        0xa contiki-sky.a(serial-line.o)
                0x0000000000001132                serial_line_process
 .data          0x000000000000113c        0xa contiki-sky.a(etimer.o)
                0x000000000000113c                etimer_process
 .data          0x0000000000001146        0xa contiki-sky.a(ctimer.o)
                0x0000000000001146                ctimer_process
 .data          0x0000000000001150        0x8 contiki-sky.a(nbr-table.o)
 .data          0x0000000000001158       0x18 contiki-sky.a(queuebuf.o)
 .data          0x0000000000001170        0x4 contiki-sky.a(contiki-sky-pla)
                0x0000000000001170                sensors
 .data          0x0000000000001174        0xa contiki-sky.a(sensors.o)
                0x0000000000001174                sensors_process
 .data          0x000000000000117e        0xa contiki-sky.a(cc2420.o)
                0x000000000000117e                cc2420_process
 .data          0x0000000000001188        0x2 contiki-sky.a(msp430.o)
 .data          0x000000000000118a        0x4 /usr/lib/gcc/msp430/4.5.3/../../../../msp430/lib/mmpy-16/libc.a(rand.o)
 *(SORT(.data.*))
                0x000000000000118e                . = ALIGN (0x2)
 *(.gnu.linkonce.d*)
                0x000000000000118e                . = ALIGN (0x2)
                0x000000000000118e                _edata = .
                0x0000000000008fd0                PROVIDE (__data_load_start, LOADADDR (.data))
                0x000000000000008e                PROVIDE (__data_size, SIZEOF (.data))

.bss            0x000000000000118e     0x1378 load address 0x000000000000905e
                0x000000000000118e                PROVIDE (__bss_start, .)
 *(.bss)
 .bss           0x000000000000118e        0xc obj_sky/contiki-sky-main.o
 .bss           0x000000000000119a        0x2 contiki-sky.a(rime.o)
 .bss           0x000000000000119c        0x6 contiki-sky.a(announcement.o)
 .bss           0x00000000000011a2       0x46 contiki-sky.a(broadcast-annou)
 .bss           0x00000000000011e8        0x2 contiki-sky.a(channel.o)
 .bss           0x00000000000011ea      0x126 contiki-sky.a(csma.o)
 .bss           0x0000000000001310       0x78 contiki-sky.a(contikimac.o)
 .bss           0x0000000000001388      0x148 contiki-sky.a(phase.o)
 .bss           0x00000000000014d0       0x42 contiki-sky.a(process.o)
                0x00000000000014d0                process_list
                0x00000000000014d2                process_current
 .bss           0x0000000000001512        0x8 contiki-sky.a(compower.o)
 .bss           0x000000000000151a      0x10a contiki-sky.a(serial-line.o)
 .bss           0x0000000000001624        0x6 contiki-sky.a(etimer.o)
 .bss           0x000000000000162a        0x4 contiki-sky.a(ctimer.o)
 .bss           0x000000000000162e        0x2 contiki-sky.a(rtimer.o)
 .bss           0x0000000000001630       0x4c contiki-sky.a(nbr-table.o)
 .bss           0x000000000000167c       0xba contiki-sky.a(packetbuf.o)
 .bss           0x0000000000001736      0xc4e contiki-sky.a(queuebuf.o)
 .bss           0x0000000000002384        0x8 contiki-sky.a(button-sensor.o)
 .bss           0x000000000000238c        0x2 contiki-sky.a(node-id.o)
                0x000000000000238c                node_id
 .bss           0x000000000000238e        0x6 contiki-sky.a(sensors.o)
 .bss           0x0000000000002394        0xa contiki-sky.a(cc2420.o)
 .bss           0x000000000000239e       0x9a contiki-sky.a(uart1.o)
 .bss           0x0000000000002438        0xa contiki-sky.a(clock.o)
 .bss           0x0000000000002442        0x2 contiki-sky.a(leds.o)
 .bss           0x0000000000002444        0x2 contiki-sky.a(watchdog.o)
 .bss           0x0000000000002446        0x2 contiki-sky.a(framer-802154.o)
 *(SORT(.bss.*))
 *(COMMON)
 COMMON         0x0000000000002448        0x2 contiki-sky.a(rimeaddr.o)
                0x0000000000002448                rimeaddr_node_addr
 COMMON         0x000000000000244a        0x1 contiki-sky.a(process.o)
                0x000000000000244a                process_maxevents
 *fill*         0x000000000000244b        0x1 00
 COMMON         0x000000000000244c        0x8 contiki-sky.a(compower.o)
                0x000000000000244c                compower_idle_activity
 COMMON         0x0000000000002454        0x1 contiki-sky.a(serial-line.o)
                0x0000000000002454                serial_line_event_message
 *fill*         0x0000000000002455        0x1 00
 COMMON         0x0000000000002456       0x56 contiki-sky.a(energest.o)
                0x0000000000002456                energest_total_time
                0x0000000000002486                energest_total_count
                0x0000000000002488                energest_current_mode
                0x0000000000002494                energest_current_time
 COMMON         0x00000000000024ac       0x38 contiki-sky.a(packetbuf.o)
                0x00000000000024ac                packetbuf_addrs
                0x00000000000024b4                packetbuf_attrs
 COMMON         0x00000000000024e4        0x2 contiki-sky.a(contiki-sky-pla)
                0x00000000000024e4                sensors_flags
 COMMON         0x00000000000024e6        0x8 contiki-sky.a(ds2411.o)
                0x00000000000024e6                ds2411_id
 COMMON         0x00000000000024ee        0x1 contiki-sky.a(sensors.o)
                0x00000000000024ee                sensors_event
 *fill*         0x00000000000024ef        0x1 00
 COMMON         0x00000000000024f0       0x14 contiki-sky.a(cc2420.o)
                0x00000000000024f0                cc2420_last_rssi
                0x00000000000024f2                cc2420_packets_read
                0x00000000000024f4                cc2420_packets_seen
                0x00000000000024f6                cc2420_sfd_start_time
                0x00000000000024f8                cc2420_time_of_departure
                0x00000000000024fa                cc2420_time_of_arrival
                0x00000000000024fc                cc2420_last_correlation
                0x00000000000024fe                cc2420_authority_level_of_sender
                0x0000000000002500                cc2420_sfd_counter
                0x0000000000002502                cc2420_sfd_end_time
 COMMON         0x0000000000002504        0x2 contiki-sky.a(msp430.o)
                0x0000000000002504                msp430_dco_required
                0x0000000000002506                PROVIDE (__bss_end, .)
                0x0000000000002506                _end = .
                0x0000000000001378                PROVIDE (__bss_size, SIZEOF (.bss))

.noinit         0x0000000000002506        0x0 load address 0x000000000000905e
                0x0000000000002506                PROVIDE (__noinit_start, .)
 *(.noinit)
 *(.noinit.*)
 *(COMMON)
                0x0000000000002506                PROVIDE (__noinit_end, .)
                0x0000000000002506                _end = .

.infomem        0x0000000000001000        0x0
 *(.infomem)
                0x0000000000001000                . = ALIGN (0x2)
 *(.infomem.*)

.infomemnobits  0x0000000000001000        0x0
                0x0000000000001000                . = ALIGN (0x2)
 *(.infomemnobits)
                0x0000000000001000                . = ALIGN (0x2)
 *(.infomemnobits.*)

.vectors        0x000000000000ffe0       0x20
                0x000000000000ffe0                PROVIDE (__vectors_start, .)
 *(.vectors*)
 .vectors       0x000000000000ffe0       0x20 /usr/lib/gcc/msp430/4.5.3/mmpy-16/crt0ivtbl16.o
                0x000000000000ffe0                __ivtbl_16
                0x0000000000010000                _vectors_end = .

.fartext        0x0000000000000000        0x0
                0x0000000000000000                . = ALIGN (0x2)
 *(.fartext)
                0x0000000000000000                . = ALIGN (0x2)
 *(.fartext.*)
                0x0000000000000000                _efartext = .

.profiler
 *(.profiler)

.stab
 *(.stab)

.stabstr
 *(.stabstr)

.stab.excl
 *(.stab.excl)

.stab.exclstr
 *(.stab.exclstr)

.stab.index
 *(.stab.index)

.stab.indexstr
 *(.stab.indexstr)

.comment
 *(.comment)

.debug
 *(.debug)

.line
 *(.line)

.debug_srcinfo
 *(.debug_srcinfo)

.debug_sfnames
 *(.debug_sfnames)

.debug_aranges  0x0000000000000000      0x154
 *(.debug_aranges)
 .debug_aranges
                0x0000000000000000       0x14 /usr/lib/gcc/msp430/4.5.3/mmpy-16/libgcc.a(_mulsi3.o)
 .debug_aranges
                0x0000000000000014       0x14 /usr/lib/gcc/msp430/4.5.3/mmpy-16/libgcc.a(_udivmodhi4.o)
 .debug_aranges
                0x0000000000000028       0x14 /usr/lib/gcc/msp430/4.5.3/mmpy-16/libgcc.a(_divmodhi4.o)
 .debug_aranges
                0x000000000000003c       0x14 /usr/lib/gcc/msp430/4.5.3/mmpy-16/libgcc.a(_udivmodsi4.o)
 .debug_aranges
                0x0000000000000050       0x14 /usr/lib/gcc/msp430/4.5.3/../../../../msp430/lib/mmpy-16/libc.a(memcmp.o)
 .debug_aranges
                0x0000000000000064       0x14 /usr/lib/gcc/msp430/4.5.3/../../../../msp430/lib/mmpy-16/libc.a(memcpy.o)
 .debug_aranges
                0x0000000000000078       0x14 /usr/lib/gcc/msp430/4.5.3/../../../../msp430/lib/mmpy-16/libc.a(memset.o)
 .debug_aranges
                0x000000000000008c       0x14 /usr/lib/gcc/msp430/4.5.3/../../../../msp430/lib/mmpy-16/libc.a(printf.o)
 .debug_aranges
                0x00000000000000a0       0x14 /usr/lib/gcc/msp430/4.5.3/../../../../msp430/lib/mmpy-16/libc.a(vuprintf.o)
 .debug_aranges
                0x00000000000000b4       0x14 /usr/lib/gcc/msp430/4.5.3/../../../../msp430/lib/mmpy-16/libc.a(puts.o)
 .debug_aranges
                0x00000000000000c8       0x14 /usr/lib/gcc/msp430/4.5.3/../../../../msp430/lib/mmpy-16/libc.a(rand.o)
 .debug_aranges
                0x00000000000000dc       0x14 /usr/lib/gcc/msp430/4.5.3/mmpy-16/libcrt0.a(__init_stack.o)
 .debug_aranges
                0x00000000000000f0       0x14 /usr/lib/gcc/msp430/4.5.3/mmpy-16/libcrt0.a(__low_level_init.o)
 .debug_aranges
                0x0000000000000104       0x14 /usr/lib/gcc/msp430/4.5.3/mmpy-16/libcrt0.a(_copy_data.o)
 .debug_aranges
                0x0000000000000118       0x14 /usr/lib/gcc/msp430/4.5.3/mmpy-16/libcrt0.a(_clear_bss.o)
 .debug_aranges
                0x000000000000012c       0x14 /usr/lib/gcc/msp430/4.5.3/mmpy-16/libcrt0.a(_endless_loop__.o)
 .debug_aranges
                0x0000000000000140       0x14 /usr/lib/gcc/msp430/4.5.3/mmpy-16/libcrt0.a(_unexpected_.o)

.debug_pubnames
                0x0000000000000000       0xea
 *(.debug_pubnames)
 .debug_pubnames
                0x0000000000000000       0x1d /usr/lib/gcc/msp430/4.5.3/../../../../msp430/lib/mmpy-16/libc.a(memcmp.o)
 .debug_pubnames
                0x000000000000001d       0x1d /usr/lib/gcc/msp430/4.5.3/../../../../msp430/lib/mmpy-16/libc.a(memcpy.o)
 .debug_pubnames
                0x000000000000003a       0x1d /usr/lib/gcc/msp430/4.5.3/../../../../msp430/lib/mmpy-16/libc.a(memset.o)
 .debug_pubnames
                0x0000000000000057       0x29 /usr/lib/gcc/msp430/4.5.3/../../../../msp430/lib/mmpy-16/libc.a(printf.o)
 .debug_pubnames
                0x0000000000000080       0x1f /usr/lib/gcc/msp430/4.5.3/../../../../msp430/lib/mmpy-16/libc.a(vuprintf.o)
 .debug_pubnames
                0x000000000000009f       0x1b /usr/lib/gcc/msp430/4.5.3/../../../../msp430/lib/mmpy-16/libc.a(puts.o)
 .debug_pubnames
                0x00000000000000ba       0x30 /usr/lib/gcc/msp430/4.5.3/../../../../msp430/lib/mmpy-16/libc.a(rand.o)

.debug_info     0x0000000000000000     0x1128
 *(.debug_info)
 .debug_info    0x0000000000000000       0xd7 /usr/lib/gcc/msp430/4.5.3/mmpy-16/libgcc.a(_mulsi3.o)
 .debug_info    0x00000000000000d7       0xd7 /usr/lib/gcc/msp430/4.5.3/mmpy-16/libgcc.a(_udivmodhi4.o)
 .debug_info    0x00000000000001ae       0xd7 /usr/lib/gcc/msp430/4.5.3/mmpy-16/libgcc.a(_divmodhi4.o)
 .debug_info    0x0000000000000285       0xd7 /usr/lib/gcc/msp430/4.5.3/mmpy-16/libgcc.a(_udivmodsi4.o)
 .debug_info    0x000000000000035c       0xe2 /usr/lib/gcc/msp430/4.5.3/../../../../msp430/lib/mmpy-16/libc.a(memcmp.o)
 .debug_info    0x000000000000043e      0x111 /usr/lib/gcc/msp430/4.5.3/../../../../msp430/lib/mmpy-16/libc.a(memcpy.o)
 .debug_info    0x000000000000054f       0xfe /usr/lib/gcc/msp430/4.5.3/../../../../msp430/lib/mmpy-16/libc.a(memset.o)
 .debug_info    0x000000000000064d      0x103 /usr/lib/gcc/msp430/4.5.3/../../../../msp430/lib/mmpy-16/libc.a(printf.o)
 .debug_info    0x0000000000000750      0x3b5 /usr/lib/gcc/msp430/4.5.3/../../../../msp430/lib/mmpy-16/libc.a(vuprintf.o)
 .debug_info    0x0000000000000b05       0x96 /usr/lib/gcc/msp430/4.5.3/../../../../msp430/lib/mmpy-16/libc.a(puts.o)
 .debug_info    0x0000000000000b9b      0x137 /usr/lib/gcc/msp430/4.5.3/../../../../msp430/lib/mmpy-16/libc.a(rand.o)
 .debug_info    0x0000000000000cd2       0xb9 /usr/lib/gcc/msp430/4.5.3/mmpy-16/libcrt0.a(__init_stack.o)
 .debug_info    0x0000000000000d8b       0xb9 /usr/lib/gcc/msp430/4.5.3/mmpy-16/libcrt0.a(__low_level_init.o)
 .debug_info    0x0000000000000e44       0xb9 /usr/lib/gcc/msp430/4.5.3/mmpy-16/libcrt0.a(_copy_data.o)
 .debug_info    0x0000000000000efd       0xb9 /usr/lib/gcc/msp430/4.5.3/mmpy-16/libcrt0.a(_clear_bss.o)
 .debug_info    0x0000000000000fb6       0xb9 /usr/lib/gcc/msp430/4.5.3/mmpy-16/libcrt0.a(_endless_loop__.o)
 .debug_info    0x000000000000106f       0xb9 /usr/lib/gcc/msp430/4.5.3/mmpy-16/libcrt0.a(_unexpected_.o)
 *(.gnu.linkonce.wi.*)

.debug_abbrev   0x0000000000000000      0x65a
 *(.debug_abbrev)
 .debug_abbrev  0x0000000000000000       0x14 /usr/lib/gcc/msp430/4.5.3/mmpy-16/libgcc.a(_mulsi3.o)
 .debug_abbrev  0x0000000000000014       0x14 /usr/lib/gcc/msp430/4.5.3/mmpy-16/libgcc.a(_udivmodhi4.o)
 .debug_abbrev  0x0000000000000028       0x14 /usr/lib/gcc/msp430/4.5.3/mmpy-16/libgcc.a(_divmodhi4.o)
 .debug_abbrev  0x000000000000003c       0x14 /usr/lib/gcc/msp430/4.5.3/mmpy-16/libgcc.a(_udivmodsi4.o)
 .debug_abbrev  0x0000000000000050       0x8a /usr/lib/gcc/msp430/4.5.3/../../../../msp430/lib/mmpy-16/libc.a(memcmp.o)
 .debug_abbrev  0x00000000000000da       0xa6 /usr/lib/gcc/msp430/4.5.3/../../../../msp430/lib/mmpy-16/libc.a(memcpy.o)
 .debug_abbrev  0x0000000000000180       0x8d /usr/lib/gcc/msp430/4.5.3/../../../../msp430/lib/mmpy-16/libc.a(memset.o)
 .debug_abbrev  0x000000000000020d       0xce /usr/lib/gcc/msp430/4.5.3/../../../../msp430/lib/mmpy-16/libc.a(printf.o)
 .debug_abbrev  0x00000000000002db      0x1cb /usr/lib/gcc/msp430/4.5.3/../../../../msp430/lib/mmpy-16/libc.a(vuprintf.o)
 .debug_abbrev  0x00000000000004a6       0x60 /usr/lib/gcc/msp430/4.5.3/../../../../msp430/lib/mmpy-16/libc.a(puts.o)
 .debug_abbrev  0x0000000000000506       0xdc /usr/lib/gcc/msp430/4.5.3/../../../../msp430/lib/mmpy-16/libc.a(rand.o)
 .debug_abbrev  0x00000000000005e2       0x14 /usr/lib/gcc/msp430/4.5.3/mmpy-16/libcrt0.a(__init_stack.o)
 .debug_abbrev  0x00000000000005f6       0x14 /usr/lib/gcc/msp430/4.5.3/mmpy-16/libcrt0.a(__low_level_init.o)
 .debug_abbrev  0x000000000000060a       0x14 /usr/lib/gcc/msp430/4.5.3/mmpy-16/libcrt0.a(_copy_data.o)
 .debug_abbrev  0x000000000000061e       0x14 /usr/lib/gcc/msp430/4.5.3/mmpy-16/libcrt0.a(_clear_bss.o)
 .debug_abbrev  0x0000000000000632       0x14 /usr/lib/gcc/msp430/4.5.3/mmpy-16/libcrt0.a(_endless_loop__.o)
 .debug_abbrev  0x0000000000000646       0x14 /usr/lib/gcc/msp430/4.5.3/mmpy-16/libcrt0.a(_unexpected_.o)

.debug_line     0x0000000000000000      0xa6d
 *(.debug_line)
 .debug_line    0x0000000000000000       0x9d /usr/lib/gcc/msp430/4.5.3/mmpy-16/libgcc.a(_mulsi3.o)
 .debug_line    0x000000000000009d       0x9a /usr/lib/gcc/msp430/4.5.3/mmpy-16/libgcc.a(_udivmodhi4.o)
 .debug_line    0x0000000000000137       0xa5 /usr/lib/gcc/msp430/4.5.3/mmpy-16/libgcc.a(_divmodhi4.o)
 .debug_line    0x00000000000001dc       0xa1 /usr/lib/gcc/msp430/4.5.3/mmpy-16/libgcc.a(_udivmodsi4.o)
 .debug_line    0x000000000000027d       0x7c /usr/lib/gcc/msp430/4.5.3/../../../../msp430/lib/mmpy-16/libc.a(memcmp.o)
 .debug_line    0x00000000000002f9       0xf3 /usr/lib/gcc/msp430/4.5.3/../../../../msp430/lib/mmpy-16/libc.a(memcpy.o)
 .debug_line    0x00000000000003ec       0xbd /usr/lib/gcc/msp430/4.5.3/../../../../msp430/lib/mmpy-16/libc.a(memset.o)
 .debug_line    0x00000000000004a9       0x72 /usr/lib/gcc/msp430/4.5.3/../../../../msp430/lib/mmpy-16/libc.a(printf.o)
 .debug_line    0x000000000000051b      0x198 /usr/lib/gcc/msp430/4.5.3/../../../../msp430/lib/mmpy-16/libc.a(vuprintf.o)
 .debug_line    0x00000000000006b3       0x4d /usr/lib/gcc/msp430/4.5.3/../../../../msp430/lib/mmpy-16/libc.a(puts.o)
 .debug_line    0x0000000000000700       0x52 /usr/lib/gcc/msp430/4.5.3/../../../../msp430/lib/mmpy-16/libc.a(rand.o)
 .debug_line    0x0000000000000752       0x82 /usr/lib/gcc/msp430/4.5.3/mmpy-16/libcrt0.a(__init_stack.o)
 .debug_line    0x00000000000007d4       0x84 /usr/lib/gcc/msp430/4.5.3/mmpy-16/libcrt0.a(__low_level_init.o)
 .debug_line    0x0000000000000858       0x88 /usr/lib/gcc/msp430/4.5.3/mmpy-16/libcrt0.a(_copy_data.o)
 .debug_line    0x00000000000008e0       0x88 /usr/lib/gcc/msp430/4.5.3/mmpy-16/libcrt0.a(_clear_bss.o)
 .debug_line    0x0000000000000968       0x83 /usr/lib/gcc/msp430/4.5.3/mmpy-16/libcrt0.a(_endless_loop__.o)
 .debug_line    0x00000000000009eb       0x82 /usr/lib/gcc/msp430/4.5.3/mmpy-16/libcrt0.a(_unexpected_.o)

.debug_frame    0x0000000000000000      0x1ac
 *(.debug_frame)
 .debug_frame   0x0000000000000000       0x28 /usr/lib/gcc/msp430/4.5.3/../../../../msp430/lib/mmpy-16/libc.a(memcmp.o)
 .debug_frame   0x0000000000000028       0x32 /usr/lib/gcc/msp430/4.5.3/../../../../msp430/lib/mmpy-16/libc.a(memcpy.o)
 .debug_frame   0x000000000000005a       0x32 /usr/lib/gcc/msp430/4.5.3/../../../../msp430/lib/mmpy-16/libc.a(memset.o)
 .debug_frame   0x000000000000008c       0x2a /usr/lib/gcc/msp430/4.5.3/../../../../msp430/lib/mmpy-16/libc.a(printf.o)
 .debug_frame   0x00000000000000b6       0x82 /usr/lib/gcc/msp430/4.5.3/../../../../msp430/lib/mmpy-16/libc.a(vuprintf.o)
 .debug_frame   0x0000000000000138       0x24 /usr/lib/gcc/msp430/4.5.3/../../../../msp430/lib/mmpy-16/libc.a(puts.o)
 .debug_frame   0x000000000000015c       0x50 /usr/lib/gcc/msp430/4.5.3/../../../../msp430/lib/mmpy-16/libc.a(rand.o)

.debug_str      0x0000000000000000      0x2e1
 *(.debug_str)
 .debug_str     0x0000000000000000       0x99 /usr/lib/gcc/msp430/4.5.3/../../../../msp430/lib/mmpy-16/libc.a(memcmp.o)
                                         0xd2 (size before relaxing)
 .debug_str     0x0000000000000099       0x34 /usr/lib/gcc/msp430/4.5.3/../../../../msp430/lib/mmpy-16/libc.a(memcpy.o)
                                         0xed (size before relaxing)
 .debug_str     0x00000000000000cd       0x26 /usr/lib/gcc/msp430/4.5.3/../../../../msp430/lib/mmpy-16/libc.a(memset.o)
                                         0xeb (size before relaxing)
 .debug_str     0x00000000000000f3       0x40 /usr/lib/gcc/msp430/4.5.3/../../../../msp430/lib/mmpy-16/libc.a(printf.o)
                                        0x101 (size before relaxing)
 .debug_str     0x0000000000000133      0x16a /usr/lib/gcc/msp430/4.5.3/../../../../msp430/lib/mmpy-16/libc.a(vuprintf.o)
                                        0x25d (size before relaxing)
 .debug_str     0x000000000000029d       0x15 /usr/lib/gcc/msp430/4.5.3/../../../../msp430/lib/mmpy-16/libc.a(puts.o)
                                         0xc7 (size before relaxing)
 .debug_str     0x00000000000002b2       0x2f /usr/lib/gcc/msp430/4.5.3/../../../../msp430/lib/mmpy-16/libc.a(rand.o)
                                         0xe6 (size before relaxing)

.debug_loc      0x0000000000000000      0x847
 *(.debug_loc)
 .debug_loc     0x0000000000000000       0x59 /usr/lib/gcc/msp430/4.5.3/../../../../msp430/lib/mmpy-16/libc.a(memcmp.o)
 .debug_loc     0x0000000000000059      0x1c4 /usr/lib/gcc/msp430/4.5.3/../../../../msp430/lib/mmpy-16/libc.a(memcpy.o)
 .debug_loc     0x000000000000021d       0xf2 /usr/lib/gcc/msp430/4.5.3/../../../../msp430/lib/mmpy-16/libc.a(memset.o)
 .debug_loc     0x000000000000030f       0x24 /usr/lib/gcc/msp430/4.5.3/../../../../msp430/lib/mmpy-16/libc.a(printf.o)
 .debug_loc     0x0000000000000333      0x49c /usr/lib/gcc/msp430/4.5.3/../../../../msp430/lib/mmpy-16/libc.a(vuprintf.o)
 .debug_loc     0x00000000000007cf       0x2d /usr/lib/gcc/msp430/4.5.3/../../../../msp430/lib/mmpy-16/libc.a(puts.o)
 .debug_loc     0x00000000000007fc       0x4b /usr/lib/gcc/msp430/4.5.3/../../../../msp430/lib/mmpy-16/libc.a(rand.o)

.debug_macinfo
 *(.debug_macinfo)

.debug_pubtypes
                0x0000000000000000      0x120
 *(.debug_pubtypes)
 .debug_pubtypes
                0x0000000000000000       0x1d /usr/lib/gcc/msp430/4.5.3/../../../../msp430/lib/mmpy-16/libc.a(memcmp.o)
 .debug_pubtypes
                0x000000000000001d       0x26 /usr/lib/gcc/msp430/4.5.3/../../../../msp430/lib/mmpy-16/libc.a(memcpy.o)
 .debug_pubtypes
                0x0000000000000043       0x32 /usr/lib/gcc/msp430/4.5.3/../../../../msp430/lib/mmpy-16/libc.a(memset.o)
 .debug_pubtypes
                0x0000000000000075       0x31 /usr/lib/gcc/msp430/4.5.3/../../../../msp430/lib/mmpy-16/libc.a(printf.o)
 .debug_pubtypes
                0x00000000000000a6       0x56 /usr/lib/gcc/msp430/4.5.3/../../../../msp430/lib/mmpy-16/libc.a(vuprintf.o)
 .debug_pubtypes
                0x00000000000000fc       0x12 /usr/lib/gcc/msp430/4.5.3/../../../../msp430/lib/mmpy-16/libc.a(puts.o)
 .debug_pubtypes
                0x000000000000010e       0x12 /usr/lib/gcc/msp430/4.5.3/../../../../msp430/lib/mmpy-16/libc.a(rand.o)

.debug_ranges   0x0000000000000000        0xc
 *(.debug_ranges)
 .debug_ranges  0x0000000000000000        0xc /usr/lib/gcc/msp430/4.5.3/../../../../msp430/lib/mmpy-16/libc.a(vuprintf.o)
                0x0000000000003900                PROVIDE (__stack, (ORIGIN (ram) + 0x2800))
                0x0000000000008fd0                PROVIDE (__data_start_rom, _etext)
                0x000000000000905e                PROVIDE (__data_end_rom, (_etext + SIZEOF (.data)))
OUTPUT(hello-world.sky elf32-msp430)
