Archive member included because of file (symbol)

contiki-sky.a(rimeaddr.o)     udp-sender.co (rimeaddr_copy)
contiki-sky.a(csma.o)         obj_sky/contiki-sky-main.o (csma_driver)
contiki-sky.a(contikimac.o)   obj_sky/collect-common.o (contikimac_driver)
contiki-sky.a(phase.o)        contiki-sky.a(contikimac.o) (phase_update)
contiki-sky.a(rpl-dag.o)      udp-sender.co (rpl_get_parent_ipaddr)
contiki-sky.a(rpl-icmp6.o)    contiki-sky.a(rpl-dag.o) (dao_output)
contiki-sky.a(rpl-timers.o)   contiki-sky.a(rpl-dag.o) (rpl_reset_dio_timer)
contiki-sky.a(rpl-mrhof.o)    contiki-sky.a(rpl-dag.o) (rpl_mrhof)
contiki-sky.a(process.o)      udp-sender.co (process_current)
contiki-sky.a(autostart.o)    obj_sky/contiki-sky-main.o (autostart_start)
contiki-sky.a(compower.o)     contiki-sky.a(contikimac.o) (compower_idle_activity)
contiki-sky.a(serial-line.o)  obj_sky/collect-common.o (serial_line_event_message)
contiki-sky.a(memb.o)         contiki-sky.a(csma.o) (memb_init)
contiki-sky.a(timer.o)        obj_sky/contiki-sky-main.o (timer_set)
contiki-sky.a(list.o)         contiki-sky.a(csma.o) (list_init)
contiki-sky.a(etimer.o)       obj_sky/contiki-sky-main.o (etimer_process)
contiki-sky.a(ctimer.o)       obj_sky/contiki-sky-main.o (ctimer_init)
contiki-sky.a(energest.o)     obj_sky/contiki-sky-main.o (energest_init)
contiki-sky.a(rtimer.o)       obj_sky/contiki-sky-main.o (rtimer_init)
contiki-sky.a(stimer.o)       contiki-sky.a(rpl-icmp6.o) (stimer_set)
contiki-sky.a(random.o)       obj_sky/contiki-sky-main.o (random_init)
contiki-sky.a(ringbuf.o)      contiki-sky.a(serial-line.o) (ringbuf_init)
contiki-sky.a(nbr-table.o)    contiki-sky.a(phase.o) (nbr_table_register)
contiki-sky.a(packetbuf.o)    contiki-sky.a(contikimac.o) (packetbuf_hdr_remove)
contiki-sky.a(queuebuf.o)     obj_sky/contiki-sky-main.o (queuebuf_init)
contiki-sky.a(sicslowpan.o)   obj_sky/contiki-sky-main.o (sicslowpan_driver)
contiki-sky.a(tcpip.o)        contiki-sky.a(sicslowpan.o) (tcpip_set_outputfunc)
contiki-sky.a(uip-debug.o)    udp-sender.co (uip_debug_ipaddr_print)
contiki-sky.a(uip-ds6-route.o)
                              contiki-sky.a(rpl-icmp6.o) (uip_ds6_route_nexthop)
contiki-sky.a(uip-ds6-nbr.o)  contiki-sky.a(rpl-icmp6.o) (uip_ds6_nbr_add)
contiki-sky.a(uip-ds6.o)      contiki-sky.a(tcpip.o) (uip_ds6_is_addr_onlink)
contiki-sky.a(uip-icmp6.o)    contiki-sky.a(rpl-icmp6.o) (uip_icmp6_send)
contiki-sky.a(uip-nd6.o)      contiki-sky.a(tcpip.o) (uip_nd6_ns_output)
contiki-sky.a(uip-udp-packet.)
                              udp-sender.co (uip_udp_packet_sendto)
contiki-sky.a(uip6.o)         contiki-sky.a(rpl-icmp6.o) (uip_aligned_buf)
contiki-sky.a(collect-view.o)
                              udp-sender.co (collect_view_construct_message)
contiki-sky.a(collect-view-sk)
                              contiki-sky.a(collect-view.o) (collect_view_arch_read_sensors)
contiki-sky.a(contiki-sky-pla)
                              obj_sky/contiki-sky-main.o (init_platform)
contiki-sky.a(sht11-sensor.o)
                              contiki-sky.a(collect-view-sk) (sht11_sensor)
contiki-sky.a(light-sensor.o)
                              contiki-sky.a(collect-view-sk) (light_sensor)
contiki-sky.a(battery-sensor.)
                              contiki-sky.a(collect-view-sk) (battery_sensor)
contiki-sky.a(button-sensor.o)
                              contiki-sky.a(contiki-sky-pla) (button_sensor)
contiki-sky.a(ds2411.o)       obj_sky/contiki-sky-main.o (ds2411_init)
contiki-sky.a(xmem.o)         obj_sky/contiki-sky-main.o (xmem_init)
contiki-sky.a(node-id.o)      obj_sky/contiki-sky-main.o (node_id_restore)
contiki-sky.a(sensors.o)      contiki-sky.a(button-sensor.o) (sensors_changed)
contiki-sky.a(cc2420.o)       obj_sky/contiki-sky-main.o (cc2420_set_channel)
contiki-sky.a(cc2420-arch.o)  contiki-sky.a(cc2420.o) (cc2420_arch_init)
contiki-sky.a(sky-sensors.o)  contiki-sky.a(light-sensor.o) (sky_sensors_status)
contiki-sky.a(uart1.o)        obj_sky/contiki-sky-main.o (uart1_active)
contiki-sky.a(uart1-putchar.o)
                              udp-sender.co (putchar)
contiki-sky.a(msp430.o)       contiki-sky.a(uart1.o) (msp430_add_lpm_req)
contiki-sky.a(clock.o)        contiki-sky.a(timer.o) (clock_time)
contiki-sky.a(leds.o)         obj_sky/contiki-sky-main.o (leds_init)
contiki-sky.a(leds-arch.o)    contiki-sky.a(leds.o) (leds_arch_init)
contiki-sky.a(watchdog.o)     obj_sky/contiki-sky-main.o (watchdog_start)
contiki-sky.a(rtimer-arch.o)  contiki-sky.a(rtimer.o) (rtimer_arch_init)
contiki-sky.a(mac.o)          contiki-sky.a(csma.o) (mac_call_sent_callback)
contiki-sky.a(framer-802154.o)
                              contiki-sky.a(contikimac.o) (framer_802154)
contiki-sky.a(rpl.o)          contiki-sky.a(rpl-timers.o) (rpl_purge_routes)
contiki-sky.a(rpl-ext-header.)
                              contiki-sky.a(uip6.o) (rpl_verify_header)
contiki-sky.a(sht11.o)        contiki-sky.a(sht11-sensor.o) (sht11_init)
[...]
Memory Configuration

Name             Origin             Length             Attributes
sfr              0x0000000000000000 0x0000000000000010
peripheral_8bit  0x0000000000000010 0x00000000000000f0
peripheral_16bit 0x0000000000000100 0x0000000000000100
infomem          0x0000000000001000 0x0000000000000100
infob            0x0000000000001000 0x0000000000000080
infoa            0x0000000000001080 0x0000000000000080
ram              0x0000000000001100 0x0000000000002800 xw
rom              0x0000000000004000 0x000000000000bfe0 xr
vectors          0x000000000000ffe0 0x0000000000000020
bsl              0x0000000000000000 0x0000000000000000
infoc            0x0000000000000000 0x0000000000000000
infod            0x0000000000000000 0x0000000000000000
far_rom          0x0000000000000000 0x0000000000000000
*default*        0x0000000000000000 0xffffffffffffffff

Linker script and memory map

LOAD /usr/lib/gcc/msp430/4.5.3/mmpy-16/crt0ivtbl16.o
LOAD udp-sender.co
LOAD obj_sky/collect-common.o
LOAD obj_sky/contiki-sky-main.o
LOAD contiki-sky.a
LOAD /usr/lib/gcc/msp430/4.5.3/mmpy-16/libgcc.a
LOAD /usr/lib/gcc/msp430/4.5.3/../../../../msp430/lib/mmpy-16/libc.a
LOAD /usr/lib/gcc/msp430/4.5.3/mmpy-16/libgcc.a
LOAD /usr/lib/gcc/msp430/4.5.3/mmpy-16/libcrt0.a
                0x0000000000000000                __IE1 = 0x0
                0x0000000000000002                __IFG1 = 0x2
                0x0000000000000004                __ME1 = 0x4
                0x0000000000000001                __IE2 = 0x1
                0x0000000000000003                __IFG2 = 0x3
                0x0000000000000005                __ME2 = 0x5
                0x0000000000000120                __WDTCTL = 0x120
                0x0000000000000130                __MPY = 0x130
                0x0000000000000132                __MPYS = 0x132
                0x0000000000000134                __MAC = 0x134
                0x0000000000000136                __MACS = 0x136
                0x0000000000000138                __OP2 = 0x138
                0x000000000000013a                __RESLO = 0x13a
                0x000000000000013c                __RESHI = 0x13c
                0x000000000000013e                __SUMEXT = 0x13e
                0x0000000000000020                __P1IN = 0x20
                0x0000000000000021                __P1OUT = 0x21
                0x0000000000000022                __P1DIR = 0x22
                0x0000000000000023                __P1IFG = 0x23
                0x0000000000000024                __P1IES = 0x24
                0x0000000000000025                __P1IE = 0x25
                0x0000000000000026                __P1SEL = 0x26
                0x0000000000000028                __P2IN = 0x28
                0x0000000000000029                __P2OUT = 0x29
                0x000000000000002a                __P2DIR = 0x2a
                0x000000000000002b                __P2IFG = 0x2b
                0x000000000000002c                __P2IES = 0x2c
                0x000000000000002d                __P2IE = 0x2d
                0x000000000000002e                __P2SEL = 0x2e
                0x0000000000000018                __P3IN = 0x18
                0x0000000000000019                __P3OUT = 0x19
                0x000000000000001a                __P3DIR = 0x1a
                0x000000000000001b                __P3SEL = 0x1b
                0x000000000000001c                __P4IN = 0x1c
                0x000000000000001d                __P4OUT = 0x1d
                0x000000000000001e                __P4DIR = 0x1e
                0x000000000000001f                __P4SEL = 0x1f
                0x0000000000000030                __P5IN = 0x30
                0x0000000000000031                __P5OUT = 0x31
                0x0000000000000032                __P5DIR = 0x32
                0x0000000000000033                __P5SEL = 0x33
                0x0000000000000034                __P6IN = 0x34
                0x0000000000000035                __P6OUT = 0x35
                0x0000000000000036                __P6DIR = 0x36
                0x0000000000000037                __P6SEL = 0x37
                0x0000000000000070                __U0CTL = 0x70
                0x0000000000000071                __U0TCTL = 0x71
                0x0000000000000072                __U0RCTL = 0x72
                0x0000000000000073                __U0MCTL = 0x73
                0x0000000000000074                __U0BR0 = 0x74
                0x0000000000000075                __U0BR1 = 0x75
                0x0000000000000076                __U0RXBUF = 0x76
                0x0000000000000077                __U0TXBUF = 0x77
                0x0000000000000078                __U1CTL = 0x78
                0x0000000000000079                __U1TCTL = 0x79
                0x000000000000007a                __U1RCTL = 0x7a
                0x000000000000007b                __U1MCTL = 0x7b
                0x000000000000007c                __U1BR0 = 0x7c
                0x000000000000007d                __U1BR1 = 0x7d
                0x000000000000007e                __U1RXBUF = 0x7e
                0x000000000000007f                __U1TXBUF = 0x7f
                0x0000000000000050                __I2CIE = 0x50
                0x0000000000000051                __I2CIFG = 0x51
                0x0000000000000052                __I2CNDAT = 0x52
                0x0000000000000071                __I2CTCTL = 0x71
                0x0000000000000072                __I2CDCTL = 0x72
                0x0000000000000073                __I2CPSC = 0x73
                0x0000000000000074                __I2CSCLH = 0x74
                0x0000000000000075                __I2CSCLL = 0x75
                0x0000000000000076                __I2CDRB = 0x76
                0x0000000000000076                __I2CDRW = 0x76
                0x0000000000000118                __I2COA = 0x118
                0x000000000000011a                __I2CSA = 0x11a
                0x000000000000011c                __I2CIV = 0x11c
                0x000000000000012e                __TAIV = 0x12e
                0x0000000000000160                __TACTL = 0x160
                0x0000000000000162                __TACCTL0 = 0x162
                0x0000000000000164                __TACCTL1 = 0x164
                0x0000000000000166                __TACCTL2 = 0x166
                0x0000000000000170                __TAR = 0x170
                0x0000000000000172                __TACCR0 = 0x172
                0x0000000000000174                __TACCR1 = 0x174
                0x0000000000000176                __TACCR2 = 0x176
                0x000000000000011e                __TBIV = 0x11e
                0x0000000000000180                __TBCTL = 0x180
                0x0000000000000182                __TBCCTL0 = 0x182
                0x0000000000000184                __TBCCTL1 = 0x184
                0x0000000000000186                __TBCCTL2 = 0x186
                0x0000000000000188                __TBCCTL3 = 0x188
                0x000000000000018a                __TBCCTL4 = 0x18a
                0x000000000000018c                __TBCCTL5 = 0x18c
                0x000000000000018e                __TBCCTL6 = 0x18e
                0x0000000000000190                __TBR = 0x190
                0x0000000000000192                __TBCCR0 = 0x192
                0x0000000000000194                __TBCCR1 = 0x194
                0x0000000000000196                __TBCCR2 = 0x196
                0x0000000000000198                __TBCCR3 = 0x198
                0x000000000000019a                __TBCCR4 = 0x19a
                0x000000000000019c                __TBCCR5 = 0x19c
                0x000000000000019e                __TBCCR6 = 0x19e
                0x0000000000000056                __DCOCTL = 0x56
                0x0000000000000057                __BCSCTL1 = 0x57
                0x0000000000000058                __BCSCTL2 = 0x58
                0x0000000000000055                __SVSCTL = 0x55
                0x0000000000000128                __FCTL1 = 0x128
                0x000000000000012a                __FCTL2 = 0x12a
                0x000000000000012c                __FCTL3 = 0x12c
                0x0000000000000059                __CACTL1 = 0x59
                0x000000000000005a                __CACTL2 = 0x5a
                0x000000000000005b                __CAPD = 0x5b
                0x00000000000001a0                __ADC12CTL0 = 0x1a0
                0x00000000000001a2                __ADC12CTL1 = 0x1a2
                0x00000000000001a4                __ADC12IFG = 0x1a4
                0x00000000000001a6                __ADC12IE = 0x1a6
                0x00000000000001a8                __ADC12IV = 0x1a8
                0x0000000000000140                __ADC12MEM0 = 0x140
                0x0000000000000142                __ADC12MEM1 = 0x142
                0x0000000000000144                __ADC12MEM2 = 0x144
                0x0000000000000146                __ADC12MEM3 = 0x146
                0x0000000000000148                __ADC12MEM4 = 0x148
                0x000000000000014a                __ADC12MEM5 = 0x14a
                0x000000000000014c                __ADC12MEM6 = 0x14c
                0x000000000000014e                __ADC12MEM7 = 0x14e
                0x0000000000000150                __ADC12MEM8 = 0x150
                0x0000000000000152                __ADC12MEM9 = 0x152
                0x0000000000000154                __ADC12MEM10 = 0x154
                0x0000000000000156                __ADC12MEM11 = 0x156
                0x0000000000000158                __ADC12MEM12 = 0x158
                0x000000000000015a                __ADC12MEM13 = 0x15a
                0x000000000000015c                __ADC12MEM14 = 0x15c
                0x000000000000015e                __ADC12MEM15 = 0x15e
                0x0000000000000080                __ADC12MCTL0 = 0x80
                0x0000000000000081                __ADC12MCTL1 = 0x81
                0x0000000000000082                __ADC12MCTL2 = 0x82
                0x0000000000000083                __ADC12MCTL3 = 0x83
                0x0000000000000084                __ADC12MCTL4 = 0x84
                0x0000000000000085                __ADC12MCTL5 = 0x85
                0x0000000000000086                __ADC12MCTL6 = 0x86
                0x0000000000000087                __ADC12MCTL7 = 0x87
                0x0000000000000088                __ADC12MCTL8 = 0x88
                0x0000000000000089                __ADC12MCTL9 = 0x89
                0x000000000000008a                __ADC12MCTL10 = 0x8a
                0x000000000000008b                __ADC12MCTL11 = 0x8b
                0x000000000000008c                __ADC12MCTL12 = 0x8c
                0x000000000000008d                __ADC12MCTL13 = 0x8d
                0x000000000000008e                __ADC12MCTL14 = 0x8e
                0x000000000000008f                __ADC12MCTL15 = 0x8f
                0x00000000000001c0                __DAC12_0CTL = 0x1c0
                0x00000000000001c2                __DAC12_1CTL = 0x1c2
                0x00000000000001c8                __DAC12_0DAT = 0x1c8
                0x00000000000001ca                __DAC12_1DAT = 0x1ca
                0x0000000000000122                __DMACTL0 = 0x122
                0x0000000000000124                __DMACTL1 = 0x124
                0x00000000000001e0                __DMA0CTL = 0x1e0
                0x00000000000001e8                __DMA1CTL = 0x1e8
                0x00000000000001f0                __DMA2CTL = 0x1f0
                0x00000000000001e2                __DMA0SA = 0x1e2
                0x00000000000001e4                __DMA0DA = 0x1e4
                0x00000000000001e6                __DMA0SZ = 0x1e6
                0x00000000000001ea                __DMA1SA = 0x1ea
                0x00000000000001ec                __DMA1DA = 0x1ec
                0x00000000000001ee                __DMA1SZ = 0x1ee
                0x00000000000001f2                __DMA2SA = 0x1f2
                0x00000000000001f4                __DMA2DA = 0x1f4
                0x00000000000001f6                __DMA2SZ = 0x1f6

.hash
 *(.hash)

.dynsym
 *(.dynsym)

.dynstr
 *(.dynstr)

.gnu.version
 *(.gnu.version)

.gnu.version_d
 *(.gnu.version_d)

.gnu.version_r
 *(.gnu.version_r)

.rel.init
 *(.rel.init)

.rela.init
 *(.rela.init)

.rel.text
 *(.rel.text)
 *(.rel.text.*)
 *(.rel.gnu.linkonce.t*)

.rela.text
 *(.rela.text)
 *(.rela.text.*)
 *(.rela.gnu.linkonce.t*)

.rel.fini
 *(.rel.fini)

.rela.fini
 *(.rela.fini)

.rel.rodata
 *(.rel.rodata)
 *(.rel.rodata.*)
 *(.rel.gnu.linkonce.r*)

.rela.rodata
 *(.rela.rodata)
 *(.rela.rodata.*)
 *(.rela.gnu.linkonce.r*)

.rel.data
 *(.rel.data)
 *(.rel.data.*)
 *(.rel.gnu.linkonce.d*)

.rela.data
 *(.rela.data)
 *(.rela.data.*)
 *(.rela.gnu.linkonce.d*)

.rel.ctors
 *(.rel.ctors)

.rela.ctors
 *(.rela.ctors)

.rel.dtors
 *(.rel.dtors)

.rela.dtors
 *(.rela.dtors)

.rel.got
 *(.rel.got)

.rela.got
 *(.rela.got)

.rel.bss
 *(.rel.bss)

.rela.bss
 *(.rela.bss)

.rel.plt
 *(.rel.plt)

.rela.plt
 *(.rela.plt)

.text           0x0000000000004000     0xb8f6
                0x0000000000004000                . = ALIGN (0x2)
 *(.init)
 *(.init0)
 .init0         0x0000000000004000        0x0 /usr/lib/gcc/msp430/4.5.3/mmpy-16/libcrt0.a(_reset_vector__.o)
                0x0000000000004000                _reset_vector__
 *(.init1)
 *(.init2)
 .init2         0x0000000000004000        0x4 /usr/lib/gcc/msp430/4.5.3/mmpy-16/libcrt0.a(__init_stack.o)
                0x0000000000004000                __init_stack
 *(.init3)
 .init3         0x0000000000004004        0xa /usr/lib/gcc/msp430/4.5.3/mmpy-16/libcrt0.a(__low_level_init.o)
                0x0000000000004004                __low_level_init
 *(.init4)
 .init4         0x000000000000400e       0x16 /usr/lib/gcc/msp430/4.5.3/mmpy-16/libcrt0.a(_copy_data.o)
                0x000000000000400e                __do_copy_data
 .init4         0x0000000000004024       0x14 /usr/lib/gcc/msp430/4.5.3/mmpy-16/libcrt0.a(_clear_bss.o)
                0x0000000000004024                __do_clear_bss
 *(.init5)
 *(.init6)
 *(.init7)
 *(.init8)
 *(.init9)
 .init9         0x0000000000004038      0x368 obj_sky/contiki-sky-main.o
                0x0000000000004038                main
 *(.fini9)
 .fini9         0x00000000000043a0        0x0 /usr/lib/gcc/msp430/4.5.3/mmpy-16/libcrt0.a(__stop_progExec__.o)
                0x00000000000043a0                __stop_progExec__
 *(.fini8)
 *(.fini7)
 *(.fini6)
 *(.fini5)
 *(.fini4)
 *(.fini3)
 *(.fini2)
 *(.fini1)
 *(.fini0)
 .fini0         0x00000000000043a0        0x6 /usr/lib/gcc/msp430/4.5.3/mmpy-16/libcrt0.a(_endless_loop__.o)
                0x00000000000043a0                _endless_loop__
 *(.fini)
                0x00000000000043a6                . = ALIGN (0x2)
                0x00000000000043a6                __ctors_start = .
 *(.ctors)
                0x00000000000043a6                __ctors_end = .
                0x00000000000043a6                __dtors_start = .
 *(.dtors)
                0x00000000000043a6                __dtors_end = .
                0x00000000000043a6                . = ALIGN (0x2)
 *(.text)
 .text          0x00000000000043a6        0x4 /usr/lib/gcc/msp430/4.5.3/mmpy-16/crt0ivtbl16.o
                0x00000000000043a6                __isr_14
                0x00000000000043a6                __isr_11
                0x00000000000043a6                __isr_2
                0x00000000000043a6                __isr_7
                0x00000000000043a6                __isr_0
                0x00000000000043a6                __isr_8
                0x00000000000043a6                __isr_3
                0x00000000000043a6                __isr_12
                0x00000000000043a6                __isr_13
                0x00000000000043a6                __isr_9
 .text          0x00000000000043aa       0xcc udp-sender.co
                0x0000000000004470                autostart_processes
 .text          0x0000000000004476       0xca obj_sky/collect-common.o
 .text          0x0000000000004540      0x10b obj_sky/contiki-sky-main.o
 *fill*         0x000000000000464b        0x1 00
 .text          0x000000000000464c        0x8 contiki-sky.a(rimeaddr.o)
                0x000000000000464c                rimeaddr_null
 .text          0x0000000000004654       0x14 contiki-sky.a(csma.o)
                0x000000000000465a                csma_driver
 .text          0x0000000000004668       0x1c contiki-sky.a(contikimac.o)
                0x0000000000004674                contikimac_driver
 .text          0x0000000000004684        0xe contiki-sky.a(serial-line.o)
 .text          0x0000000000004692        0xc contiki-sky.a(etimer.o)
 .text          0x000000000000469e        0xf contiki-sky.a(ctimer.o)
 *fill*         0x00000000000046ad        0x1 00
 .text          0x00000000000046ae       0x24 contiki-sky.a(sicslowpan.o)
                0x00000000000046ae                unc_llconf
                0x00000000000046b2                unc_ctxconf
                0x00000000000046b6                unc_mxconf
                0x00000000000046ba                llprefix
                0x00000000000046c8                sicslowpan_driver
 .text          0x00000000000046d2        0xd contiki-sky.a(tcpip.o)
 .text          0x00000000000046df       0x1a contiki-sky.a(uip-debug.o)
 *fill*         0x00000000000046f9        0x1 00
 .text          0x00000000000046fa       0x20 contiki-sky.a(uip6.o)
 .text          0x000000000000471a        0xe contiki-sky.a(sht11-sensor.o)
                0x0000000000004720                sht11_sensor
 .text          0x0000000000004728        0xe contiki-sky.a(light-sensor.o)
                0x000000000000472e                light_sensor
 .text          0x0000000000004736       0x10 contiki-sky.a(battery-sensor.)
                0x000000000000473e                battery_sensor
 .text          0x0000000000004746       0x10 contiki-sky.a(button-sensor.o)
                0x000000000000474e                button_sensor
 .text          0x0000000000004756        0x8 contiki-sky.a(sensors.o)
 .text          0x000000000000475e       0x22 contiki-sky.a(cc2420.o)
                0x000000000000476c                cc2420_driver
 .text          0x0000000000004780        0x4 contiki-sky.a(framer-802154.o)
                0x0000000000004780                framer_802154
 .text          0x0000000000004784        0x2 contiki-sky.a(frame802154.o)
 .text          0x0000000000004786       0x30 /usr/lib/gcc/msp430/4.5.3/../../../../msp430/lib/mmpy-16/libc.a(strncmp.o)
                0x0000000000004786                strncmp
 .text          0x00000000000047b6       0x34 /usr/lib/gcc/msp430/4.5.3/../../../../msp430/lib/mmpy-16/libc.a(memcmp.o)
                0x00000000000047b6                memcmp
 .text          0x00000000000047ea      0x104 /usr/lib/gcc/msp430/4.5.3/../../../../msp430/lib/mmpy-16/libc.a(memcpy.o)
                0x00000000000047ea                memcpy
 .text          0x00000000000048ee      0x104 /usr/lib/gcc/msp430/4.5.3/../../../../msp430/lib/mmpy-16/libc.a(memmove.o)
                0x00000000000048ee                memmove
 .text          0x00000000000049f2       0x66 /usr/lib/gcc/msp430/4.5.3/../../../../msp430/lib/mmpy-16/libc.a(memset.o)
                0x00000000000049f2                memset
 .text          0x0000000000004a58       0x20 /usr/lib/gcc/msp430/4.5.3/../../../../msp430/lib/mmpy-16/libc.a(printf.o)
                0x0000000000004a58                printf
                0x0000000000004a6a                vprintf
 .text          0x0000000000004a78      0x476 /usr/lib/gcc/msp430/4.5.3/../../../../msp430/lib/mmpy-16/libc.a(vuprintf.o)
                0x0000000000004b84                vuprintf
 .text          0x0000000000004eee       0x2c /usr/lib/gcc/msp430/4.5.3/../../../../msp430/lib/mmpy-16/libc.a(puts.o)
                0x0000000000004eee                puts
 .text          0x0000000000004f1a      0x134 /usr/lib/gcc/msp430/4.5.3/../../../../msp430/lib/mmpy-16/libc.a(rand.o)
                0x0000000000004f1a                rand_r
                0x0000000000004fae                rand
                0x0000000000005044                srand
                0x000000000000504e                . = ALIGN (0x2)
 *(.text.*)
 .text.process_thread_udp_client_process
                0x000000000000504e      0x17c udp-sender.co
 .text.collect_common_set_sink
                0x00000000000051ca        0x2 udp-sender.co
                0x00000000000051ca                collect_common_set_sink
 .text.collect_common_net_print
                0x00000000000051cc       0x52 udp-sender.co
                0x00000000000051cc                collect_common_net_print
 .text.collect_common_send
                0x000000000000521e      0x2c2 udp-sender.co
                0x000000000000521e                collect_common_send
 .text.collect_common_net_init
                0x00000000000054e0        0xe udp-sender.co
                0x00000000000054e0                collect_common_net_init
 .text.process_thread_collect_common_process
                0x00000000000054ee      0x1fe obj_sky/collect-common.o
 .text.rimeaddr_copy
                0x00000000000056ec        0x8 contiki-sky.a(rimeaddr.o)
                0x00000000000056ec                rimeaddr_copy
 .text.rimeaddr_cmp
                0x00000000000056f4       0x12 contiki-sky.a(rimeaddr.o)
                0x00000000000056f4                rimeaddr_cmp
 .text.rimeaddr_set_node_addr
                0x0000000000005706        0xc contiki-sky.a(rimeaddr.o)
                0x0000000000005706                rimeaddr_set_node_addr
 .text.input_packet
                0x0000000000005712        0x6 contiki-sky.a(csma.o)
 .text.on       0x0000000000005718        0x6 contiki-sky.a(csma.o)
 .text.off      0x000000000000571e        0x6 contiki-sky.a(csma.o)
 .text.channel_check_interval
                0x0000000000005724        0xc contiki-sky.a(csma.o)
 .text.transmit_packet_list
                0x0000000000005730       0x24 contiki-sky.a(csma.o)
 .text.send_packet
                0x0000000000005754      0x166 contiki-sky.a(csma.o)
 .text.free_packet
                0x00000000000058ba       0x94 contiki-sky.a(csma.o)
 .text.packet_sent
                0x000000000000594e      0x12a contiki-sky.a(csma.o)
 .text.init     0x0000000000005a78       0x1a contiki-sky.a(csma.o)
 .text.on       0x0000000000005a92       0x16 contiki-sky.a(contikimac.o)
 .text.off      0x0000000000005aa8       0x1e contiki-sky.a(contikimac.o)
 .text.recv_burst_off
                0x0000000000005ac6        0xa contiki-sky.a(contikimac.o)
 .text.turn_off
                0x0000000000005ad0       0x20 contiki-sky.a(contikimac.o)
 .text.duty_cycle
                0x0000000000005af0        0x6 contiki-sky.a(contikimac.o)
 .text.turn_on  0x0000000000005af6       0x30 contiki-sky.a(contikimac.o)
 .text.schedule_powercycle_fixed
                0x0000000000005b26       0x40 contiki-sky.a(contikimac.o)
 .text.powercycle_turn_radio_off
                0x0000000000005b66       0x2c contiki-sky.a(contikimac.o)
 .text.powercycle
                0x0000000000005b92      0x1c0 contiki-sky.a(contikimac.o)
 .text.input_packet
                0x0000000000005d52      0x108 contiki-sky.a(contikimac.o)
 .text.send_packet
                0x0000000000005e5a      0x2ba contiki-sky.a(contikimac.o)
 .text.qsend_list
                0x0000000000006114       0x86 contiki-sky.a(contikimac.o)
 .text.qsend_packet
                0x000000000000619a       0x28 contiki-sky.a(contikimac.o)
 .text.init     0x00000000000061c2       0x2e contiki-sky.a(contikimac.o)
 .text.send_packet
                0x00000000000061f0       0x44 contiki-sky.a(phase.o)
 .text.phase_update
                0x0000000000006234       0x90 contiki-sky.a(phase.o)
                0x0000000000006234                phase_update
 .text.phase_wait
                0x00000000000062c4      0x112 contiki-sky.a(phase.o)
                0x00000000000062c4                phase_wait
 .text.phase_init
                0x00000000000063d6       0x14 contiki-sky.a(phase.o)
                0x00000000000063d6                phase_init
 .text.lollipop_greater_than
                0x00000000000063ea       0x44 contiki-sky.a(rpl-dag.o)
 .text.find_parent_any_dag_any_instance
                0x000000000000642e       0x14 contiki-sky.a(rpl-dag.o)
 .text.rpl_set_preferred_parent
                0x0000000000006442       0x30 contiki-sky.a(rpl-dag.o)
 .text.set_ip_from_prefix
                0x0000000000006472       0x3a contiki-sky.a(rpl-dag.o)
 .text.check_prefix
                0x00000000000064ac       0x7c contiki-sky.a(rpl-dag.o)
 .text.rpl_dag_init
                0x0000000000006528        0xe contiki-sky.a(rpl-dag.o)
                0x0000000000006528                rpl_dag_init
 .text.rpl_get_parent_ipaddr
                0x0000000000006536       0x10 contiki-sky.a(rpl-dag.o)
                0x0000000000006536                rpl_get_parent_ipaddr
 .text.rpl_set_prefix
                0x0000000000006546       0x90 contiki-sky.a(rpl-dag.o)
                0x0000000000006546                rpl_set_prefix
 .text.rpl_set_default_route
                0x00000000000065d6       0x62 contiki-sky.a(rpl-dag.o)
                0x00000000000065d6                rpl_set_default_route
 .text.rpl_alloc_instance
                0x0000000000006638       0x2c contiki-sky.a(rpl-dag.o)
                0x0000000000006638                rpl_alloc_instance
 .text.rpl_add_parent
                0x0000000000006664       0x38 contiki-sky.a(rpl-dag.o)
                0x0000000000006664                rpl_add_parent
 .text.rpl_find_parent
                0x000000000000669c       0x1a contiki-sky.a(rpl-dag.o)
                0x000000000000669c                rpl_find_parent
 .text.rpl_find_parent_any_dag
                0x00000000000066b6       0x26 contiki-sky.a(rpl-dag.o)
                0x00000000000066b6                rpl_find_parent_any_dag
 .text.rpl_select_parent
                0x00000000000066dc       0x5c contiki-sky.a(rpl-dag.o)
                0x00000000000066dc                rpl_select_parent
 .text.rpl_select_dag
                0x0000000000006738      0x1b4 contiki-sky.a(rpl-dag.o)
                0x0000000000006738                rpl_select_dag
 .text.rpl_nullify_parent
                0x00000000000068ec       0x4e contiki-sky.a(rpl-dag.o)
                0x00000000000068ec                rpl_nullify_parent
 .text.rpl_remove_parent
                0x000000000000693a       0x16 contiki-sky.a(rpl-dag.o)
                0x000000000000693a                rpl_remove_parent
 .text.remove_parents.clone.2
                0x0000000000006950       0x32 contiki-sky.a(rpl-dag.o)
 .text.rpl_free_dag
                0x0000000000006982       0x36 contiki-sky.a(rpl-dag.o)
                0x0000000000006982                rpl_free_dag
 .text.rpl_free_instance
                0x00000000000069b8       0x5c contiki-sky.a(rpl-dag.o)
                0x00000000000069b8                rpl_free_instance
 .text.rpl_move_parent
                0x0000000000006a14       0x6e contiki-sky.a(rpl-dag.o)
                0x0000000000006a14                rpl_move_parent
 .text.rpl_get_any_dag
                0x0000000000006a82       0x18 contiki-sky.a(rpl-dag.o)
                0x0000000000006a82                rpl_get_any_dag
 .text.rpl_get_instance
                0x0000000000006a9a       0x16 contiki-sky.a(rpl-dag.o)
                0x0000000000006a9a                rpl_get_instance
 .text.get_dag  0x0000000000006ab0       0x5c contiki-sky.a(rpl-dag.o)
 .text.rpl_alloc_dag
                0x0000000000006b0c       0x6a contiki-sky.a(rpl-dag.o)
                0x0000000000006b0c                rpl_alloc_dag
 .text.rpl_repair_root
                0x0000000000006b76       0x4c contiki-sky.a(rpl-dag.o)
                0x0000000000006b76                rpl_repair_root
 .text.rpl_find_of
                0x0000000000006bc2       0x10 contiki-sky.a(rpl-dag.o)
                0x0000000000006bc2                rpl_find_of
 .text.rpl_join_instance
                0x0000000000006bd2      0x142 contiki-sky.a(rpl-dag.o)
                0x0000000000006bd2                rpl_join_instance
 .text.rpl_local_repair
                0x0000000000006d14       0x7a contiki-sky.a(rpl-dag.o)
                0x0000000000006d14                rpl_local_repair
 .text.rpl_process_parent_event
                0x0000000000006d8e       0x88 contiki-sky.a(rpl-dag.o)
                0x0000000000006d8e                rpl_process_parent_event
 .text.rpl_recalculate_ranks
                0x0000000000006e16       0x42 contiki-sky.a(rpl-dag.o)
                0x0000000000006e16                rpl_recalculate_ranks
 .text.rpl_add_dag
                0x0000000000006e58      0x116 contiki-sky.a(rpl-dag.o)
                0x0000000000006e58                rpl_add_dag
 .text.rpl_process_dio
                0x0000000000006f6e      0x272 contiki-sky.a(rpl-dag.o)
                0x0000000000006f6e                rpl_process_dio
 .text.get32    0x00000000000071e0       0x46 contiki-sky.a(rpl-icmp6.o)
 .text.set32    0x0000000000007226       0x3c contiki-sky.a(rpl-icmp6.o)
 .text.get16    0x0000000000007262        0xe contiki-sky.a(rpl-icmp6.o)
 .text.set16    0x0000000000007270       0x10 contiki-sky.a(rpl-icmp6.o)
 .text.dis_output
                0x0000000000007280       0x50 contiki-sky.a(rpl-icmp6.o)
                0x0000000000007280                dis_output
 .text.dio_output
                0x00000000000072d0      0x29e contiki-sky.a(rpl-icmp6.o)
                0x00000000000072d0                dio_output
 .text.dao_output_target
                0x000000000000756e       0xde contiki-sky.a(rpl-icmp6.o)
                0x000000000000756e                dao_output_target
 .text.dao_output
                0x000000000000764c       0x7a contiki-sky.a(rpl-icmp6.o)
                0x000000000000764c                dao_output
 .text.dao_ack_output
                0x00000000000076c6       0x3c contiki-sky.a(rpl-icmp6.o)
                0x00000000000076c6                dao_ack_output
 .text.uip_rpl_input
                0x0000000000007702      0x548 contiki-sky.a(rpl-icmp6.o)
                0x0000000000007702                uip_rpl_input
 .text.new_dio_interval
                0x0000000000007c4a       0xb8 contiki-sky.a(rpl-timers.o)
 .text.handle_dao_timer
                0x0000000000007d02       0x50 contiki-sky.a(rpl-timers.o)
 .text.handle_dio_timer
                0x0000000000007d52       0x82 contiki-sky.a(rpl-timers.o)
 .text.handle_periodic_timer
                0x0000000000007dd4       0x2e contiki-sky.a(rpl-timers.o)
 .text.rpl_reset_periodic_timer
                0x0000000000007e02       0x56 contiki-sky.a(rpl-timers.o)
                0x0000000000007e02                rpl_reset_periodic_timer
 .text.rpl_reset_dio_timer
                0x0000000000007e58       0x18 contiki-sky.a(rpl-timers.o)
                0x0000000000007e58                rpl_reset_dio_timer
 .text.rpl_schedule_dao
                0x0000000000007e70       0x48 contiki-sky.a(rpl-timers.o)
                0x0000000000007e70                rpl_schedule_dao
 .text.reset    0x0000000000007eb8        0x2 contiki-sky.a(rpl-mrhof.o)
 .text.neighbor_link_callback
                0x0000000000007eba       0x7e contiki-sky.a(rpl-mrhof.o)
 .text.calculate_rank
                0x0000000000007f38       0x30 contiki-sky.a(rpl-mrhof.o)
 .text.best_dag
                0x0000000000007f68       0x34 contiki-sky.a(rpl-mrhof.o)
 .text.best_parent
                0x0000000000007f9c       0x52 contiki-sky.a(rpl-mrhof.o)
 .text.update_metric_container
                0x0000000000007fee        0x6 contiki-sky.a(rpl-mrhof.o)
 .text.call_process
                0x0000000000007ff4       0x4c contiki-sky.a(process.o)
 .text.exit_process
                0x0000000000008040       0x94 contiki-sky.a(process.o)
 .text.do_poll  0x00000000000080d4       0x30 contiki-sky.a(process.o)
 .text.process_alloc_event
                0x0000000000008104        0xe contiki-sky.a(process.o)
                0x0000000000008104                process_alloc_event
 .text.process_init
                0x0000000000008112       0x1c contiki-sky.a(process.o)
                0x0000000000008112                process_init
 .text.process_run
                0x000000000000812e       0x9c contiki-sky.a(process.o)
                0x000000000000812e                process_run
 .text.process_nevents
                0x00000000000081ca        0xc contiki-sky.a(process.o)
                0x00000000000081ca                process_nevents
 .text.process_post
                0x00000000000081d6       0x54 contiki-sky.a(process.o)
                0x00000000000081d6                process_post
 .text.process_post_synch
                0x000000000000822a       0x12 contiki-sky.a(process.o)
                0x000000000000822a                process_post_synch
 .text.process_start
                0x000000000000823c       0x32 contiki-sky.a(process.o)
                0x000000000000823c                process_start
 .text.process_poll
                0x000000000000826e       0x1a contiki-sky.a(process.o)
                0x000000000000826e                process_poll
 .text.autostart_start
                0x0000000000008288       0x18 contiki-sky.a(autostart.o)
                0x0000000000008288                autostart_start
 .text.compower_accumulate
                0x00000000000082a0       0x72 contiki-sky.a(compower.o)
                0x00000000000082a0                compower_accumulate
 .text.compower_clear
                0x0000000000008312       0x12 contiki-sky.a(compower.o)
                0x0000000000008312                compower_clear
 .text.compower_attrconv
                0x0000000000008324       0x10 contiki-sky.a(compower.o)
                0x0000000000008324                compower_attrconv
 .text.process_thread_serial_line_process
                0x0000000000008334       0xa6 contiki-sky.a(serial-line.o)
 .text.serial_line_input_byte
                0x00000000000083da       0x46 contiki-sky.a(serial-line.o)
                0x00000000000083da                serial_line_input_byte
 .text.serial_line_init
                0x0000000000008420       0x1c contiki-sky.a(serial-line.o)
                0x0000000000008420                serial_line_init
 .text.memb_init
                0x000000000000843c       0x36 contiki-sky.a(memb.o)
                0x000000000000843c                memb_init
 .text.memb_alloc
                0x0000000000008472       0x3e contiki-sky.a(memb.o)
                0x0000000000008472                memb_alloc
 .text.memb_free
                0x00000000000084b0       0x3a contiki-sky.a(memb.o)
                0x00000000000084b0                memb_free
 .text.memb_inmemb
                0x00000000000084ea       0x2e contiki-sky.a(memb.o)
                0x00000000000084ea                memb_inmemb
 .text.timer_set
                0x0000000000008518       0x1c contiki-sky.a(timer.o)
                0x0000000000008518                timer_set
 .text.timer_reset
                0x0000000000008534        0xe contiki-sky.a(timer.o)
                0x0000000000008534                timer_reset
 .text.timer_restart
                0x0000000000008542       0x14 contiki-sky.a(timer.o)
                0x0000000000008542                timer_restart
 .text.timer_expired
                0x0000000000008556       0x2e contiki-sky.a(timer.o)
                0x0000000000008556                timer_expired
 .text.list_init
                0x0000000000008584        0x6 contiki-sky.a(list.o)
                0x0000000000008584                list_init
 .text.list_head
                0x000000000000858a        0x4 contiki-sky.a(list.o)
                0x000000000000858a                list_head
 .text.list_tail
                0x000000000000858e       0x14 contiki-sky.a(list.o)
                0x000000000000858e                list_tail
 .text.list_remove
                0x00000000000085a2       0x2e contiki-sky.a(list.o)
                0x00000000000085a2                list_remove
 .text.list_push
                0x00000000000085d0       0x1a contiki-sky.a(list.o)
                0x00000000000085d0                list_push
 .text.list_add
                0x00000000000085ea       0x2a contiki-sky.a(list.o)
                0x00000000000085ea                list_add
 .text.list_length
                0x0000000000008614       0x10 contiki-sky.a(list.o)
                0x0000000000008614                list_length
 .text.list_item_next
                0x0000000000008624        0x8 contiki-sky.a(list.o)
                0x0000000000008624                list_item_next
 .text.update_time
                0x000000000000862c       0x78 contiki-sky.a(etimer.o)
 .text.etimer_request_poll
                0x00000000000086a4        0xa contiki-sky.a(etimer.o)
                0x00000000000086a4                etimer_request_poll
 .text.process_thread_etimer_process
                0x00000000000086ae       0xce contiki-sky.a(etimer.o)
 .text.add_timer
                0x000000000000877c       0x40 contiki-sky.a(etimer.o)
 .text.etimer_set
                0x00000000000087bc       0x12 contiki-sky.a(etimer.o)
                0x00000000000087bc                etimer_set
 .text.etimer_reset
                0x00000000000087ce       0x12 contiki-sky.a(etimer.o)
                0x00000000000087ce                etimer_reset
 .text.etimer_restart
                0x00000000000087e0       0x12 contiki-sky.a(etimer.o)
                0x00000000000087e0                etimer_restart
 .text.etimer_expired
                0x00000000000087f2        0xe contiki-sky.a(etimer.o)
                0x00000000000087f2                etimer_expired
 .text.etimer_expiration_time
                0x0000000000008800       0x14 contiki-sky.a(etimer.o)
                0x0000000000008800                etimer_expiration_time
 .text.etimer_pending
                0x0000000000008814        0xe contiki-sky.a(etimer.o)
                0x0000000000008814                etimer_pending
 .text.etimer_next_expiration_time
                0x0000000000008822       0x16 contiki-sky.a(etimer.o)
                0x0000000000008822                etimer_next_expiration_time
 .text.etimer_stop
                0x0000000000008838       0x3c contiki-sky.a(etimer.o)
                0x0000000000008838                etimer_stop
 .text.process_thread_ctimer_process
                0x0000000000008874       0xa4 contiki-sky.a(ctimer.o)
 .text.ctimer_init
                0x0000000000008918       0x18 contiki-sky.a(ctimer.o)
                0x0000000000008918                ctimer_init
 .text.ctimer_set
                0x0000000000008930       0x5a contiki-sky.a(ctimer.o)
                0x0000000000008930                ctimer_set
 .text.ctimer_reset
                0x000000000000898a       0x3a contiki-sky.a(ctimer.o)
                0x000000000000898a                ctimer_reset
 .text.ctimer_stop
                0x00000000000089c4       0x28 contiki-sky.a(ctimer.o)
                0x00000000000089c4                ctimer_stop
 .text.energest_init
                0x00000000000089ec       0x2a contiki-sky.a(energest.o)
                0x00000000000089ec                energest_init
 .text.energest_type_time
                0x0000000000008a16       0x44 contiki-sky.a(energest.o)
                0x0000000000008a16                energest_type_time
 .text.energest_type_set
                0x0000000000008a5a        0xe contiki-sky.a(energest.o)
                0x0000000000008a5a                energest_type_set
 .text.energest_flush
                0x0000000000008a68       0x4a contiki-sky.a(energest.o)
                0x0000000000008a68                energest_flush
 .text.rtimer_init
                0x0000000000008ab2        0x6 contiki-sky.a(rtimer.o)
                0x0000000000008ab2                rtimer_init
 .text.rtimer_set
                0x0000000000008ab8       0x24 contiki-sky.a(rtimer.o)
                0x0000000000008ab8                rtimer_set
 .text.rtimer_run_next
                0x0000000000008adc       0x26 contiki-sky.a(rtimer.o)
                0x0000000000008adc                rtimer_run_next
 .text.stimer_set
                0x0000000000008b02       0x1c contiki-sky.a(stimer.o)
                0x0000000000008b02                stimer_set
 .text.stimer_expired
                0x0000000000008b1e       0x42 contiki-sky.a(stimer.o)
                0x0000000000008b1e                stimer_expired
 .text.random_init
                0x0000000000008b60        0x6 contiki-sky.a(random.o)
                0x0000000000008b60                random_init
 .text.random_rand
                0x0000000000008b66        0x6 contiki-sky.a(random.o)
                0x0000000000008b66                random_rand
 .text.ringbuf_init
                0x0000000000008b6c       0x14 contiki-sky.a(ringbuf.o)
                0x0000000000008b6c                ringbuf_init
 .text.ringbuf_put
                0x0000000000008b80       0x3c contiki-sky.a(ringbuf.o)
                0x0000000000008b80                ringbuf_put
 .text.ringbuf_get
                0x0000000000008bbc       0x32 contiki-sky.a(ringbuf.o)
                0x0000000000008bbc                ringbuf_get
 .text.index_from_key
                0x0000000000008bee       0xb4 contiki-sky.a(nbr-table.o)
 .text.item_from_key
                0x0000000000008ca2       0x38 contiki-sky.a(nbr-table.o)
 .text.key_from_item
                0x0000000000008cda       0x3a contiki-sky.a(nbr-table.o)
 .text.nbr_set_bit
                0x0000000000008d14       0x6e contiki-sky.a(nbr-table.o)
 .text.index_from_lladdr
                0x0000000000008d82       0x42 contiki-sky.a(nbr-table.o)
 .text.nbr_get_bit.clone.0
                0x0000000000008dc4       0x40 contiki-sky.a(nbr-table.o)
 .text.nbr_table_register
                0x0000000000008e04       0x26 contiki-sky.a(nbr-table.o)
                0x0000000000008e04                nbr_table_register
 .text.nbr_table_next
                0x0000000000008e2a       0x36 contiki-sky.a(nbr-table.o)
                0x0000000000008e2a                nbr_table_next
 .text.nbr_table_head
                0x0000000000008e60       0x36 contiki-sky.a(nbr-table.o)
                0x0000000000008e60                nbr_table_head
 .text.nbr_table_add_lladdr
                0x0000000000008e96      0x13e contiki-sky.a(nbr-table.o)
                0x0000000000008e96                nbr_table_add_lladdr
 .text.nbr_table_get_from_lladdr
                0x0000000000008fd4       0x4c contiki-sky.a(nbr-table.o)
                0x0000000000008fd4                nbr_table_get_from_lladdr
 .text.nbr_table_remove
                0x0000000000009020       0x32 contiki-sky.a(nbr-table.o)
                0x0000000000009020                nbr_table_remove
 .text.nbr_table_lock
                0x0000000000009052       0x10 contiki-sky.a(nbr-table.o)
                0x0000000000009052                nbr_table_lock
 .text.nbr_table_unlock
                0x0000000000009062       0x10 contiki-sky.a(nbr-table.o)
                0x0000000000009062                nbr_table_unlock
 .text.nbr_table_get_lladdr
                0x0000000000009072        0xc contiki-sky.a(nbr-table.o)
                0x0000000000009072                nbr_table_get_lladdr
 .text.packetbuf_copyto_hdr
                0x000000000000907e       0x1c contiki-sky.a(packetbuf.o)
                0x000000000000907e                packetbuf_copyto_hdr
 .text.packetbuf_copyto
                0x000000000000909a       0x52 contiki-sky.a(packetbuf.o)
                0x000000000000909a                packetbuf_copyto
 .text.packetbuf_hdr_remove
                0x00000000000090ec        0x6 contiki-sky.a(packetbuf.o)
                0x00000000000090ec                packetbuf_hdr_remove
 .text.packetbuf_hdrreduce
                0x00000000000090f2       0x1a contiki-sky.a(packetbuf.o)
                0x00000000000090f2                packetbuf_hdrreduce
 .text.packetbuf_set_datalen
                0x000000000000910c        0x6 contiki-sky.a(packetbuf.o)
                0x000000000000910c                packetbuf_set_datalen
 .text.packetbuf_dataptr
                0x0000000000009112        0xa contiki-sky.a(packetbuf.o)
                0x0000000000009112                packetbuf_dataptr
 .text.packetbuf_hdrptr
                0x000000000000911c        0xa contiki-sky.a(packetbuf.o)
                0x000000000000911c                packetbuf_hdrptr
 .text.packetbuf_is_reference
                0x0000000000009126        0xe contiki-sky.a(packetbuf.o)
                0x0000000000009126                packetbuf_is_reference
 .text.packetbuf_compact
                0x0000000000009134       0x48 contiki-sky.a(packetbuf.o)
                0x0000000000009134                packetbuf_compact
 .text.packetbuf_reference_ptr
                0x000000000000917c        0x6 contiki-sky.a(packetbuf.o)
                0x000000000000917c                packetbuf_reference_ptr
 .text.packetbuf_datalen
                0x0000000000009182        0x6 contiki-sky.a(packetbuf.o)
                0x0000000000009182                packetbuf_datalen
 .text.packetbuf_totlen
                0x0000000000009188       0x10 contiki-sky.a(packetbuf.o)
                0x0000000000009188                packetbuf_totlen
 .text.packetbuf_hdralloc
                0x0000000000009198       0x2e contiki-sky.a(packetbuf.o)
                0x0000000000009198                packetbuf_hdralloc
 .text.packetbuf_attr_clear
                0x00000000000091c6       0x32 contiki-sky.a(packetbuf.o)
                0x00000000000091c6                packetbuf_attr_clear
 .text.packetbuf_clear
                0x00000000000091f8       0x20 contiki-sky.a(packetbuf.o)
                0x00000000000091f8                packetbuf_clear
 .text.packetbuf_copyfrom
                0x0000000000009218       0x2e contiki-sky.a(packetbuf.o)
                0x0000000000009218                packetbuf_copyfrom
 .text.packetbuf_attr_copyto
                0x0000000000009246       0x22 contiki-sky.a(packetbuf.o)
                0x0000000000009246                packetbuf_attr_copyto
 .text.packetbuf_attr_copyfrom
                0x0000000000009268       0x24 contiki-sky.a(packetbuf.o)
                0x0000000000009268                packetbuf_attr_copyfrom
 .text.queuebuf_init
                0x000000000000928c       0x1a contiki-sky.a(queuebuf.o)
                0x000000000000928c                queuebuf_init
 .text.queuebuf_new_from_packetbuf
                0x00000000000092a6       0x80 contiki-sky.a(queuebuf.o)
                0x00000000000092a6                queuebuf_new_from_packetbuf
 .text.queuebuf_update_attr_from_packetbuf
                0x0000000000009326       0x12 contiki-sky.a(queuebuf.o)
                0x0000000000009326                queuebuf_update_attr_from_packetbuf
 .text.queuebuf_free
                0x0000000000009338       0x46 contiki-sky.a(queuebuf.o)
                0x0000000000009338                queuebuf_free
 .text.queuebuf_to_packetbuf
                0x000000000000937e       0x70 contiki-sky.a(queuebuf.o)
                0x000000000000937e                queuebuf_to_packetbuf
 .text.queuebuf_attr
                0x00000000000093ee        0xe contiki-sky.a(queuebuf.o)
                0x00000000000093ee                queuebuf_attr
 .text.set_packet_attrs
                0x00000000000093fc       0x44 contiki-sky.a(sicslowpan.o)
 .text.addr_context_lookup_by_number
                0x0000000000009440       0x36 contiki-sky.a(sicslowpan.o)
 .text.compress_addr_64
                0x0000000000009476       0x92 contiki-sky.a(sicslowpan.o)
 .text.uncompress_addr
                0x0000000000009508       0xae contiki-sky.a(sicslowpan.o)
 .text.input    0x00000000000095b6      0x646 contiki-sky.a(sicslowpan.o)
 .text.sicslowpan_init
                0x0000000000009bfc       0x26 contiki-sky.a(sicslowpan.o)
                0x0000000000009bfc                sicslowpan_init
 .text.addr_context_lookup_by_prefix
                0x0000000000009c22       0x4c contiki-sky.a(sicslowpan.o)
 .text.send_packet
                0x0000000000009c6e       0x1a contiki-sky.a(sicslowpan.o)
 .text.output   0x0000000000009c88      0x6ea contiki-sky.a(sicslowpan.o)
 .text.packet_sent
                0x000000000000a372       0x22 contiki-sky.a(sicslowpan.o)
 .text.start_periodic_tcp_timer
                0x000000000000a394       0x16 contiki-sky.a(tcpip.o)
 .text.tcpip_output
                0x000000000000a3aa       0x10 contiki-sky.a(tcpip.o)
                0x000000000000a3aa                tcpip_output
 .text.tcpip_set_outputfunc
                0x000000000000a3ba        0x6 contiki-sky.a(tcpip.o)
                0x000000000000a3ba                tcpip_set_outputfunc
 .text.udp_new  0x000000000000a3c0       0x1a contiki-sky.a(tcpip.o)
                0x000000000000a3c0                udp_new
 .text.tcpip_input
                0x000000000000a3da       0x16 contiki-sky.a(tcpip.o)
                0x000000000000a3da                tcpip_input
 .text.tcpip_ipv6_output
                0x000000000000a3f0      0x166 contiki-sky.a(tcpip.o)
                0x000000000000a3f0                tcpip_ipv6_output
 .text.process_thread_tcpip_process
                0x000000000000a556      0x1d8 contiki-sky.a(tcpip.o)
 .text.tcpip_uipcall
                0x000000000000a72e       0x7c contiki-sky.a(tcpip.o)
                0x000000000000a72e                tcpip_uipcall
 .text.uip_debug_ipaddr_print
                0x000000000000a7aa       0x82 contiki-sky.a(uip-debug.o)
                0x000000000000a7aa                uip_debug_ipaddr_print
 .text.call_route_callback
                0x000000000000a82c       0x54 contiki-sky.a(uip-ds6-route.o)
 .text.uip_ds6_route_init
                0x000000000000a880       0x2e contiki-sky.a(uip-ds6-route.o)
                0x000000000000a880                uip_ds6_route_init
 .text.uip_ds6_route_nexthop
                0x000000000000a8ae       0x16 contiki-sky.a(uip-ds6-route.o)
                0x000000000000a8ae                uip_ds6_route_nexthop
 .text.uip_ds6_route_head
                0x000000000000a8c4       0x26 contiki-sky.a(uip-ds6-route.o)
                0x000000000000a8c4                uip_ds6_route_head
 .text.uip_ds6_route_next
                0x000000000000a8ea       0x3a contiki-sky.a(uip-ds6-route.o)
                0x000000000000a8ea                uip_ds6_route_next
 .text.uip_ds6_route_lookup
                0x000000000000a924       0x5a contiki-sky.a(uip-ds6-route.o)
                0x000000000000a924                uip_ds6_route_lookup
 .text.uip_ds6_route_add
                0x000000000000a97e       0xba contiki-sky.a(uip-ds6-route.o)
                0x000000000000a97e                uip_ds6_route_add
 .text.uip_ds6_route_rm
                0x000000000000aa38       0x60 contiki-sky.a(uip-ds6-route.o)
                0x000000000000aa38                uip_ds6_route_rm
 .text.rm_routelist
                0x000000000000aa98       0x30 contiki-sky.a(uip-ds6-route.o)
 .text.rm_routelist_callback
                0x000000000000aac8        0x6 contiki-sky.a(uip-ds6-route.o)
 .text.uip_ds6_defrt_rm
                0x000000000000aace       0x48 contiki-sky.a(uip-ds6-route.o)
                0x000000000000aace                uip_ds6_defrt_rm
 .text.uip_ds6_defrt_lookup
                0x000000000000ab16       0x36 contiki-sky.a(uip-ds6-route.o)
                0x000000000000ab16                uip_ds6_defrt_lookup
 .text.uip_ds6_defrt_add
                0x000000000000ab4c       0x74 contiki-sky.a(uip-ds6-route.o)
                0x000000000000ab4c                uip_ds6_defrt_add
 .text.uip_ds6_defrt_choose
                0x000000000000abc0       0x3a contiki-sky.a(uip-ds6-route.o)
                0x000000000000abc0                uip_ds6_defrt_choose
 .text.uip_ds6_defrt_periodic
                0x000000000000abfa       0x38 contiki-sky.a(uip-ds6-route.o)
                0x000000000000abfa                uip_ds6_defrt_periodic
 .text.uip_ds6_nbr_rm
                0x000000000000ac32       0x1a contiki-sky.a(uip-ds6-nbr.o)
                0x000000000000ac32                uip_ds6_nbr_rm
 .text.uip_ds6_neighbors_init
                0x000000000000ac4c        0xe contiki-sky.a(uip-ds6-nbr.o)
                0x000000000000ac4c                uip_ds6_neighbors_init
 .text.uip_ds6_nbr_add
                0x000000000000ac5a       0x60 contiki-sky.a(uip-ds6-nbr.o)
                0x000000000000ac5a                uip_ds6_nbr_add
 .text.uip_ds6_nbr_get_ll
                0x000000000000acba        0xc contiki-sky.a(uip-ds6-nbr.o)
                0x000000000000acba                uip_ds6_nbr_get_ll
 .text.uip_ds6_nbr_lookup
                0x000000000000acc6       0x40 contiki-sky.a(uip-ds6-nbr.o)
                0x000000000000acc6                uip_ds6_nbr_lookup
 .text.uip_ds6_nbr_ll_lookup
                0x000000000000ad06        0xc contiki-sky.a(uip-ds6-nbr.o)
                0x000000000000ad06                uip_ds6_nbr_ll_lookup
 .text.uip_ds6_nbr_ipaddr_from_lladdr
                0x000000000000ad12        0x6 contiki-sky.a(uip-ds6-nbr.o)
                0x000000000000ad12                uip_ds6_nbr_ipaddr_from_lladdr
 .text.uip_ds6_nbr_lladdr_from_ipaddr
                0x000000000000ad18       0x10 contiki-sky.a(uip-ds6-nbr.o)
                0x000000000000ad18                uip_ds6_nbr_lladdr_from_ipaddr
 .text.uip_ds6_link_neighbor_callback
                0x000000000000ad28       0x2a contiki-sky.a(uip-ds6-nbr.o)
                0x000000000000ad28                uip_ds6_link_neighbor_callback
 .text.uip_ds6_neighbor_periodic
                0x000000000000ad52      0x114 contiki-sky.a(uip-ds6-nbr.o)
                0x000000000000ad52                uip_ds6_neighbor_periodic
 .text.uip_ds6_list_loop
                0x000000000000ae66       0x82 contiki-sky.a(uip-ds6.o)
                0x000000000000ae66                uip_ds6_list_loop
 .text.uip_ds6_prefix_add
                0x000000000000aee8       0x80 contiki-sky.a(uip-ds6.o)
                0x000000000000aee8                uip_ds6_prefix_add
 .text.uip_ds6_is_addr_onlink
                0x000000000000af68       0x50 contiki-sky.a(uip-ds6.o)
                0x000000000000af68                uip_ds6_is_addr_onlink
 .text.uip_ds6_addr_lookup
                0x000000000000afb8       0x2a contiki-sky.a(uip-ds6.o)
                0x000000000000afb8                uip_ds6_addr_lookup
 .text.uip_ds6_get_link_local
                0x000000000000afe2       0x3e contiki-sky.a(uip-ds6.o)
                0x000000000000afe2                uip_ds6_get_link_local
 .text.uip_ds6_maddr_add
                0x000000000000b020       0x4c contiki-sky.a(uip-ds6.o)
                0x000000000000b020                uip_ds6_maddr_add
 .text.uip_ds6_addr_add
                0x000000000000b06c       0xca contiki-sky.a(uip-ds6.o)
                0x000000000000b06c                uip_ds6_addr_add
 .text.uip_ds6_maddr_lookup
                0x000000000000b136       0x2a contiki-sky.a(uip-ds6.o)
                0x000000000000b136                uip_ds6_maddr_lookup
 .text.uip_ds6_addr_rm
                0x000000000000b160       0x54 contiki-sky.a(uip-ds6.o)
                0x000000000000b160                uip_ds6_addr_rm
 .text.uip_ds6_periodic
                0x000000000000b1b4       0x4a contiki-sky.a(uip-ds6.o)
                0x000000000000b1b4                uip_ds6_periodic
 .text.uip_ds6_set_addr_iid
                0x000000000000b1fe       0x14 contiki-sky.a(uip-ds6.o)
                0x000000000000b1fe                uip_ds6_set_addr_iid
 .text.get_match_length
                0x000000000000b212       0x46 contiki-sky.a(uip-ds6.o)
                0x000000000000b212                get_match_length
 .text.uip_ds6_select_src
                0x000000000000b258       0xaa contiki-sky.a(uip-ds6.o)
                0x000000000000b258                uip_ds6_select_src
 .text.uip_ds6_compute_reachable_time
                0x000000000000b302       0x4a contiki-sky.a(uip-ds6.o)
                0x000000000000b302                uip_ds6_compute_reachable_time
 .text.uip_ds6_init
                0x000000000000b34c      0x15a contiki-sky.a(uip-ds6.o)
                0x000000000000b34c                uip_ds6_init
 .text.uip_icmp6_echo_request_input
                0x000000000000b4a6      0x122 contiki-sky.a(uip-icmp6.o)
                0x000000000000b4a6                uip_icmp6_echo_request_input
 .text.uip_icmp6_error_output
                0x000000000000b5c8      0x16a contiki-sky.a(uip-icmp6.o)
                0x000000000000b5c8                uip_icmp6_error_output
 .text.uip_icmp6_send
                0x000000000000b732       0x94 contiki-sky.a(uip-icmp6.o)
                0x000000000000b732                uip_icmp6_send
 .text.create_llao
                0x000000000000b7c6       0x2c contiki-sky.a(uip-nd6.o)
 .text.uip_nd6_ns_input
                0x000000000000b7f2      0x236 contiki-sky.a(uip-nd6.o)
                0x000000000000b7f2                uip_nd6_ns_input
 .text.uip_nd6_ns_output
                0x000000000000ba28      0x16c contiki-sky.a(uip-nd6.o)
                0x000000000000ba28                uip_nd6_ns_output
 .text.uip_nd6_na_input
                0x000000000000bb94      0x1b8 contiki-sky.a(uip-nd6.o)
                0x000000000000bb94                uip_nd6_na_input
 .text.uip_udp_packet_send
                0x000000000000bd4c       0x2e contiki-sky.a(uip-udp-packet.)
                0x000000000000bd4c                uip_udp_packet_send
 .text.uip_udp_packet_sendto
                0x000000000000bd7a       0x66 contiki-sky.a(uip-udp-packet.)
                0x000000000000bd7a                uip_udp_packet_sendto
 .text.chksum   0x000000000000bde0       0x34 contiki-sky.a(uip6.o)
 .text.upper_layer_chksum
                0x000000000000be14       0x54 contiki-sky.a(uip6.o)
 .text.ext_hdr_options_process
                0x000000000000be68       0xe0 contiki-sky.a(uip6.o)
 .text.uip_add32
                0x000000000000bf48       0x72 contiki-sky.a(uip6.o)
                0x000000000000bf48                uip_add32
 .text.uip_add_rcv_nxt
                0x000000000000bfba       0x2e contiki-sky.a(uip6.o)
 .text.uip_icmp6chksum
                0x000000000000bfe8        0xa contiki-sky.a(uip6.o)
                0x000000000000bfe8                uip_icmp6chksum
 .text.uip_tcpchksum
                0x000000000000bff2        0xa contiki-sky.a(uip6.o)
                0x000000000000bff2                uip_tcpchksum
 .text.uip_udpchksum
                0x000000000000bffc        0xa contiki-sky.a(uip6.o)
                0x000000000000bffc                uip_udpchksum
 .text.uip_init
                0x000000000000c006       0x6c contiki-sky.a(uip6.o)
                0x000000000000c006                uip_init
 .text.remove_ext_hdr
                0x000000000000c072       0x58 contiki-sky.a(uip6.o)
                0x000000000000c072                remove_ext_hdr
 .text.uip_udp_new
                0x000000000000c0ca       0xee contiki-sky.a(uip6.o)
                0x000000000000c0ca                uip_udp_new
 .text.uip_unlisten
                0x000000000000c1b8       0x32 contiki-sky.a(uip6.o)
                0x000000000000c1b8                uip_unlisten
 .text.uip_process
                0x000000000000c1ea      0xece contiki-sky.a(uip6.o)
                0x000000000000c1ea                uip_process
 .text.uip_htonl
                0x000000000000d0b8       0x3e contiki-sky.a(uip6.o)
                0x000000000000d0b8                uip_htonl
 .text.collect_view_construct_message
                0x000000000000d0f6      0x15a contiki-sky.a(collect-view.o)
                0x000000000000d0f6                collect_view_construct_message
 .text.collect_view_arch_read_sensors
                0x000000000000d250       0x98 contiki-sky.a(collect-view-sk)
                0x000000000000d250                collect_view_arch_read_sensors
 .text.init_platform
                0x000000000000d2e8        0xc contiki-sky.a(contiki-sky-pla)
                0x000000000000d2e8                init_platform
 .text.status   0x000000000000d2f4       0x1a contiki-sky.a(sht11-sensor.o)
 .text.configure
                0x000000000000d30e       0x40 contiki-sky.a(sht11-sensor.o)
 .text.value    0x000000000000d34e       0x30 contiki-sky.a(sht11-sensor.o)
 .text.value    0x000000000000d37e       0x1a contiki-sky.a(light-sensor.o)
 .text.status   0x000000000000d398        0xc contiki-sky.a(light-sensor.o)
 .text.configure
                0x000000000000d3a4       0x10 contiki-sky.a(light-sensor.o)
 .text.value    0x000000000000d3b4        0x6 contiki-sky.a(battery-sensor.)
 .text.status   0x000000000000d3ba        0xc contiki-sky.a(battery-sensor.)
 .text.configure
                0x000000000000d3c6       0x12 contiki-sky.a(battery-sensor.)
 .text.status   0x000000000000d3d8       0x16 contiki-sky.a(button-sensor.o)
 .text.configure
                0x000000000000d3ee       0x4a contiki-sky.a(button-sensor.o)
 .text.value    0x000000000000d438       0x26 contiki-sky.a(button-sensor.o)
 .text.irq_p2   0x000000000000d45e       0x92 contiki-sky.a(button-sensor.o)
                0x000000000000d45e                irq_p2
                0x000000000000d45e                __isr_1
 .text.crc8_add
                0x000000000000d4f0       0x1a contiki-sky.a(ds2411.o)
 .text.owreadb  0x000000000000d50a       0x56 contiki-sky.a(ds2411.o)
 .text.ds2411_init
                0x000000000000d560      0x10a contiki-sky.a(ds2411.o)
                0x000000000000d560                ds2411_init
 .text.wait_ready
                0x000000000000d66a       0x4e contiki-sky.a(xmem.o)
 .text.xmem_init
                0x000000000000d6b8       0x3c contiki-sky.a(xmem.o)
                0x000000000000d6b8                xmem_init
 .text.xmem_pread
                0x000000000000d6f4       0xdc contiki-sky.a(xmem.o)
                0x000000000000d6f4                xmem_pread
 .text.node_id_restore
                0x000000000000d7d0       0x38 contiki-sky.a(node-id.o)
                0x000000000000d7d0                node_id_restore
 .text.get_sensor_index
                0x000000000000d808       0x22 contiki-sky.a(sensors.o)
 .text.process_thread_sensors_process
                0x000000000000d82a       0xc2 contiki-sky.a(sensors.o)
 .text.sensors_changed
                0x000000000000d8ec       0x14 contiki-sky.a(sensors.o)
                0x000000000000d8ec                sensors_changed
 .text.strobe   0x000000000000d900       0x1e contiki-sky.a(cc2420.o)
 .text.status   0x000000000000d91e       0x24 contiki-sky.a(cc2420.o)
 .text.getreg   0x000000000000d942       0x50 contiki-sky.a(cc2420.o)
 .text.setreg   0x000000000000d992       0x48 contiki-sky.a(cc2420.o)
 .text.set_txpower
                0x000000000000d9da       0x2a contiki-sky.a(cc2420.o)
 .text.cc2420_receiving_packet
                0x000000000000da04       0x10 contiki-sky.a(cc2420.o)
 .text.pending_packet
                0x000000000000da14        0x8 contiki-sky.a(cc2420.o)
 .text.on       0x000000000000da1c       0x46 contiki-sky.a(cc2420.o)
 .text.flushrx  0x000000000000da62       0x74 contiki-sky.a(cc2420.o)
 .text.off      0x000000000000dad6       0x78 contiki-sky.a(cc2420.o)
 .text.RELEASE_LOCK
                0x000000000000db4e       0x28 contiki-sky.a(cc2420.o)
 .text.cc2420_prepare
                0x000000000000db76       0x82 contiki-sky.a(cc2420.o)
 .text.cc2420_on
                0x000000000000dbf8       0x22 contiki-sky.a(cc2420.o)
                0x000000000000dbf8                cc2420_on
 .text.cc2420_off
                0x000000000000dc1a       0x30 contiki-sky.a(cc2420.o)
                0x000000000000dc1a                cc2420_off
 .text.cc2420_cca
                0x000000000000dc4a       0x7a contiki-sky.a(cc2420.o)
 .text.getrxdata
                0x000000000000dcc4       0x4e contiki-sky.a(cc2420.o)
 .text.cc2420_read
                0x000000000000dd12       0xe6 contiki-sky.a(cc2420.o)
 .text.process_thread_cc2420_process
                0x000000000000ddf8       0x50 contiki-sky.a(cc2420.o)
 .text.cc2420_set_channel
                0x000000000000de48       0x7a contiki-sky.a(cc2420.o)
                0x000000000000de48                cc2420_set_channel
 .text.cc2420_set_pan_addr
                0x000000000000dec2      0x13a contiki-sky.a(cc2420.o)
                0x000000000000dec2                cc2420_set_pan_addr
 .text.cc2420_init
                0x000000000000dffc       0xd4 contiki-sky.a(cc2420.o)
                0x000000000000dffc                cc2420_init
 .text.cc2420_interrupt
                0x000000000000e0d0       0x20 contiki-sky.a(cc2420.o)
                0x000000000000e0d0                cc2420_interrupt
 .text.cc2420_get_txpower
                0x000000000000e0f0       0x1e contiki-sky.a(cc2420.o)
                0x000000000000e0f0                cc2420_get_txpower
 .text.cc2420_transmit
                0x000000000000e10e      0x1a4 contiki-sky.a(cc2420.o)
 .text.cc2420_send
                0x000000000000e2b2       0x12 contiki-sky.a(cc2420.o)
 .text.cc2420_port1_interrupt
                0x000000000000e2c4       0x6a contiki-sky.a(cc2420-arch.o)
                0x000000000000e2c4                __isr_4
                0x000000000000e2c4                cc2420_port1_interrupt
 .text.cc2420_arch_init
                0x000000000000e32e       0x1a contiki-sky.a(cc2420-arch.o)
                0x000000000000e32e                cc2420_arch_init
 .text.sky_sensors_status
                0x000000000000e348       0x3c contiki-sky.a(sky-sensors.o)
                0x000000000000e348                sky_sensors_status
 .text.sky_sensors_configure
                0x000000000000e384       0xf6 contiki-sky.a(sky-sensors.o)
                0x000000000000e384                sky_sensors_configure
 .text.handle_rxdma_timer
                0x000000000000e47a       0x42 contiki-sky.a(uart1.o)
 .text.uart1_active
                0x000000000000e4bc       0x18 contiki-sky.a(uart1.o)
                0x000000000000e4bc                uart1_active
 .text.uart1_set_input
                0x000000000000e4d4       0x20 contiki-sky.a(uart1.o)
                0x000000000000e4d4                uart1_set_input
 .text.uart1_writeb
                0x000000000000e4f4       0x1a contiki-sky.a(uart1.o)
                0x000000000000e4f4                uart1_writeb
 .text.uart1_init
                0x000000000000e50e       0xee contiki-sky.a(uart1.o)
                0x000000000000e50e                uart1_init
 .text.putchar  0x000000000000e5fc        0xe contiki-sky.a(uart1-putchar.o)
                0x000000000000e5fc                putchar
 .text.msp430_init_dco
                0x000000000000e60a       0x74 contiki-sky.a(msp430.o)
                0x000000000000e60a                msp430_init_dco
 .text.msp430_add_lpm_req
                0x000000000000e67e        0xa contiki-sky.a(msp430.o)
                0x000000000000e67e                msp430_add_lpm_req
 .text.msp430_cpu_init
                0x000000000000e688       0x2a contiki-sky.a(msp430.o)
                0x000000000000e688                msp430_cpu_init
 .text.splhigh_
                0x000000000000e6b2        0x8 contiki-sky.a(msp430.o)
                0x000000000000e6b2                splhigh_
 .text.msp430_sync_dco
                0x000000000000e6ba       0x60 contiki-sky.a(msp430.o)
                0x000000000000e6ba                msp430_sync_dco
 .text.timera1  0x000000000000e71a       0xee contiki-sky.a(clock.o)
                0x000000000000e71a                __isr_5
                0x000000000000e71a                timera1
 .text.clock_time
                0x000000000000e808       0x1a contiki-sky.a(clock.o)
                0x000000000000e808                clock_time
 .text.clock_init
                0x000000000000e822       0x28 contiki-sky.a(clock.o)
                0x000000000000e822                clock_init
 .text.clock_delay
                0x000000000000e84a        0xc contiki-sky.a(clock.o)
                0x000000000000e84a                clock_delay
 .text.clock_wait
                0x000000000000e856       0x36 contiki-sky.a(clock.o)
                0x000000000000e856                clock_wait
 .text.clock_seconds
                0x000000000000e88c       0x1a contiki-sky.a(clock.o)
                0x000000000000e88c                clock_seconds
 .text.show_leds
                0x000000000000e8a6      0x10c contiki-sky.a(leds.o)
 .text.leds_init
                0x000000000000e9b2        0xe contiki-sky.a(leds.o)
                0x000000000000e9b2                leds_init
 .text.leds_on  0x000000000000e9c0       0x14 contiki-sky.a(leds.o)
                0x000000000000e9c0                leds_on
 .text.leds_off
                0x000000000000e9d4       0x14 contiki-sky.a(leds.o)
                0x000000000000e9d4                leds_off
 .text.leds_arch_init
                0x000000000000e9e8        0xe contiki-sky.a(leds-arch.o)
                0x000000000000e9e8                leds_arch_init
 .text.leds_arch_set
                0x000000000000e9f6       0x3a contiki-sky.a(leds-arch.o)
                0x000000000000e9f6                leds_arch_set
 .text.watchdog_interrupt
                0x000000000000ea30        0x6 contiki-sky.a(watchdog.o)
                0x000000000000ea30                __isr_10
                0x000000000000ea30                watchdog_interrupt
 .text.watchdog_start
                0x000000000000ea36       0x14 contiki-sky.a(watchdog.o)
                0x000000000000ea36                watchdog_start
 .text.watchdog_periodic
                0x000000000000ea4a       0x12 contiki-sky.a(watchdog.o)
                0x000000000000ea4a                watchdog_periodic
 .text.watchdog_stop
                0x000000000000ea5c       0x16 contiki-sky.a(watchdog.o)
                0x000000000000ea5c                watchdog_stop
 .text.watchdog_init
                0x000000000000ea72       0x14 contiki-sky.a(watchdog.o)
                0x000000000000ea72                watchdog_init
 .text.rtimer_arch_init
                0x000000000000ea86        0xe contiki-sky.a(rtimer-arch.o)
                0x000000000000ea86                rtimer_arch_init
 .text.rtimer_arch_now
                0x000000000000ea94        0xe contiki-sky.a(rtimer-arch.o)
                0x000000000000ea94                rtimer_arch_now
 .text.timera0  0x000000000000eaa2       0x76 contiki-sky.a(rtimer-arch.o)
                0x000000000000eaa2                __isr_6
                0x000000000000eaa2                timera0
 .text.rtimer_arch_schedule
                0x000000000000eb18        0x6 contiki-sky.a(rtimer-arch.o)
                0x000000000000eb18                rtimer_arch_schedule
 .text.mac_call_sent_callback
                0x000000000000eb1e       0x14 contiki-sky.a(mac.o)
                0x000000000000eb1e                mac_call_sent_callback
 .text.parse    0x000000000000eb32       0xa8 contiki-sky.a(framer-802154.o)
 .text.create   0x000000000000ebda      0x10a contiki-sky.a(framer-802154.o)
 .text.rpl_purge_routes
                0x000000000000ece4       0x96 contiki-sky.a(rpl.o)
                0x000000000000ece4                rpl_purge_routes
 .text.rpl_remove_routes
                0x000000000000ed7a       0x22 contiki-sky.a(rpl.o)
                0x000000000000ed7a                rpl_remove_routes
 .text.rpl_remove_routes_by_nexthop
                0x000000000000ed9c       0x46 contiki-sky.a(rpl.o)
                0x000000000000ed9c                rpl_remove_routes_by_nexthop
 .text.rpl_add_route
                0x000000000000ede2       0x46 contiki-sky.a(rpl.o)
                0x000000000000ede2                rpl_add_route
 .text.rpl_link_neighbor_callback
                0x000000000000ee28       0x6a contiki-sky.a(rpl.o)
                0x000000000000ee28                rpl_link_neighbor_callback
 .text.rpl_ipv6_neighbor_callback
                0x000000000000ee92       0x1e contiki-sky.a(rpl.o)
                0x000000000000ee92                rpl_ipv6_neighbor_callback
 .text.rpl_init
                0x000000000000eeb0       0x40 contiki-sky.a(rpl.o)
                0x000000000000eeb0                rpl_init
 .text.rpl_verify_header
                0x000000000000eef0       0xae contiki-sky.a(rpl-ext-header.)
                0x000000000000eef0                rpl_verify_header
 .text.rpl_update_header_empty
                0x000000000000ef9e       0xf8 contiki-sky.a(rpl-ext-header.)
                0x000000000000ef9e                rpl_update_header_empty
 .text.rpl_update_header_final
                0x000000000000f096       0x84 contiki-sky.a(rpl-ext-header.)
                0x000000000000f096                rpl_update_header_final
 .text.rpl_invert_header
                0x000000000000f11a       0x5c contiki-sky.a(rpl-ext-header.)
                0x000000000000f11a                rpl_invert_header
 .text.rpl_insert_header
                0x000000000000f176       0x18 contiki-sky.a(rpl-ext-header.)
                0x000000000000f176                rpl_insert_header
 .text.rev8bits
                0x000000000000f18e       0x2c contiki-sky.a(sht11.o)
 .text.crc8_add
                0x000000000000f1ba       0x1c contiki-sky.a(sht11.o)
 .text.sstart   0x000000000000f1d6       0x3e contiki-sky.a(sht11.o)
 .text.swrite   0x000000000000f214       0x52 contiki-sky.a(sht11.o)
 .text.sread    0x000000000000f266       0x4e contiki-sky.a(sht11.o)
 .text.sreset   0x000000000000f2b4       0x2a contiki-sky.a(sht11.o)
 .text.scmd     0x000000000000f2de       0x98 contiki-sky.a(sht11.o)
 .text.sht11_init
                0x000000000000f376       0x1a contiki-sky.a(sht11.o)
                0x000000000000f376                sht11_init
 .text.sht11_off
                0x000000000000f390       0x14 contiki-sky.a(sht11.o)
                0x000000000000f390                sht11_off
 .text.sht11_temp
                0x000000000000f3a4        0xa contiki-sky.a(sht11.o)
                0x000000000000f3a4                sht11_temp
 .text.sht11_humidity
                0x000000000000f3ae        0xa contiki-sky.a(sht11.o)
                0x000000000000f3ae                sht11_humidity
 .text.sht11_sreg
                0x000000000000f3b8       0x54 contiki-sky.a(sht11.o)
                0x000000000000f3b8                sht11_sreg
 .text.spi_init
                0x000000000000f40c       0x32 contiki-sky.a(spi.o)
                0x000000000000f40c                spi_init
 .text.field_len
                0x000000000000f43e       0x98 contiki-sky.a(frame802154.o)
 .text.frame802154_hdrlen
                0x000000000000f4d6       0x2e contiki-sky.a(frame802154.o)
                0x000000000000f4d6                frame802154_hdrlen
 .text.frame802154_create
                0x000000000000f504      0x16c contiki-sky.a(frame802154.o)
                0x000000000000f504                frame802154_create
 .text.frame802154_parse
                0x000000000000f670      0x19e contiki-sky.a(frame802154.o)
                0x000000000000f670                frame802154_parse
 .text.libgcc   0x000000000000f80e       0x20 /usr/lib/gcc/msp430/4.5.3/mmpy-16/libgcc.a(_mulsi3.o)
                0x000000000000f80e                __mulsi3
 .text.libgcc   0x000000000000f82e       0x1c /usr/lib/gcc/msp430/4.5.3/mmpy-16/libgcc.a(_udivmodhi4.o)
                0x000000000000f82e                __udivmodhi4
 .text.libgcc   0x000000000000f84a       0x36 /usr/lib/gcc/msp430/4.5.3/mmpy-16/libgcc.a(_divmodhi4.o)
                0x000000000000f84a                __divmodhi4
 .text.libgcc   0x000000000000f880       0x2a /usr/lib/gcc/msp430/4.5.3/mmpy-16/libgcc.a(_udivmodsi4.o)
                0x000000000000f880                __udivmodsi4
 .text.libgcc   0x000000000000f8aa       0x4a /usr/lib/gcc/msp430/4.5.3/mmpy-16/libgcc.a(_divmodsi4.o)
                0x000000000000f8aa                __divmodsi4
 .text.crt0     0x000000000000f8f4        0x2 /usr/lib/gcc/msp430/4.5.3/mmpy-16/libcrt0.a(_unexpected_.o)
                0x000000000000f8f4                _unexpected_

.rodata         0x000000000000f8f6        0x0
                0x000000000000f8f6                . = ALIGN (0x2)
 *(.rodata .rodata.* .gnu.linkonce.r.*)
                0x000000000000f8f6                . = ALIGN (0x2)
                0x000000000000f8f6                _etext = .

.data           0x0000000000001100       0xe0 load address 0x000000000000f8f6
                0x0000000000001100                . = ALIGN (0x2)
                0x0000000000001100                PROVIDE (__data_start, .)
 *(.data)
 .data          0x0000000000001100        0xa udp-sender.co
                0x0000000000001100                udp_client_process
 .data          0x000000000000110a        0xc obj_sky/collect-common.o
                0x000000000000110a                collect_common_process
 .data          0x0000000000001116       0x18 contiki-sky.a(csma.o)
 .data          0x000000000000112e       0x10 contiki-sky.a(phase.o)
 .data          0x000000000000113e        0x8 contiki-sky.a(rpl-dag.o)
 .data          0x0000000000001146        0x1 contiki-sky.a(rpl-icmp6.o)
 *fill*         0x0000000000001147        0x1 00
 .data          0x0000000000001148        0xe contiki-sky.a(rpl-mrhof.o)
                0x0000000000001148                rpl_mrhof
 .data          0x0000000000001156        0xa contiki-sky.a(serial-line.o)
                0x0000000000001156                serial_line_process
 .data          0x0000000000001160        0xa contiki-sky.a(etimer.o)
                0x0000000000001160                etimer_process
 .data          0x000000000000116a        0xa contiki-sky.a(ctimer.o)
                0x000000000000116a                ctimer_process
 .data          0x0000000000001174        0x8 contiki-sky.a(nbr-table.o)
 .data          0x000000000000117c       0x18 contiki-sky.a(queuebuf.o)
 .data          0x0000000000001194        0xa contiki-sky.a(tcpip.o)
                0x0000000000001194                tcpip_process
 .data          0x000000000000119e       0x18 contiki-sky.a(uip-ds6-route.o)
 .data          0x00000000000011b6        0xa contiki-sky.a(uip-ds6-nbr.o)
                0x00000000000011b6                ds6_neighbors
 .data          0x00000000000011c0        0x4 contiki-sky.a(contiki-sky-pla)
                0x00000000000011c0                sensors
 .data          0x00000000000011c4        0x1 contiki-sky.a(sht11-sensor.o)
 *fill*         0x00000000000011c5        0x1 00
 .data          0x00000000000011c6        0xa contiki-sky.a(sensors.o)
                0x00000000000011c6                sensors_process
 .data          0x00000000000011d0        0xa contiki-sky.a(cc2420.o)
                0x00000000000011d0                cc2420_process
 .data          0x00000000000011da        0x2 contiki-sky.a(msp430.o)
 .data          0x00000000000011dc        0x4 /usr/lib/gcc/msp430/4.5.3/../../../../msp430/lib/mmpy-16/libc.a(rand.o)
 *(SORT(.data.*))
                0x00000000000011e0                . = ALIGN (0x2)
 *(.gnu.linkonce.d*)
                0x00000000000011e0                . = ALIGN (0x2)
                0x00000000000011e0                _edata = .
                0x000000000000f8f6                PROVIDE (__data_load_start, LOADADDR (.data))
                0x00000000000000e0                PROVIDE (__data_size, SIZEOF (.data))

.bss            0x00000000000011e0     0x1d2a load address 0x000000000000f9d6
                0x00000000000011e0                PROVIDE (__bss_start, .)
 *(.bss)
 .bss           0x00000000000011e0       0x1e udp-sender.co
 .bss           0x00000000000011fe       0x1c obj_sky/collect-common.o
 .bss           0x000000000000121a        0xc obj_sky/contiki-sky-main.o
 .bss           0x0000000000001226       0xc2 contiki-sky.a(csma.o)
 .bss           0x00000000000012e8       0xd8 contiki-sky.a(contikimac.o)
 .bss           0x00000000000013c0      0x1d8 contiki-sky.a(phase.o)
 .bss           0x0000000000001598       0xc8 contiki-sky.a(rpl-dag.o)
 .bss           0x0000000000001660       0x18 contiki-sky.a(rpl-timers.o)
 .bss           0x0000000000001678       0x42 contiki-sky.a(process.o)
                0x0000000000001678                process_list
                0x000000000000167a                process_current
 .bss           0x00000000000016ba        0x8 contiki-sky.a(compower.o)
 .bss           0x00000000000016c2      0x10a contiki-sky.a(serial-line.o)
 .bss           0x00000000000017cc        0x6 contiki-sky.a(etimer.o)
 .bss           0x00000000000017d2        0x4 contiki-sky.a(ctimer.o)
 .bss           0x00000000000017d6        0x2 contiki-sky.a(rtimer.o)
 .bss           0x00000000000017d8      0x118 contiki-sky.a(nbr-table.o)
 .bss           0x00000000000018f0       0xba contiki-sky.a(packetbuf.o)
 .bss           0x00000000000019aa      0x71e contiki-sky.a(queuebuf.o)
 .bss           0x00000000000020c8      0x122 contiki-sky.a(sicslowpan.o)
 .bss           0x00000000000021ea       0x36 contiki-sky.a(tcpip.o)
 .bss           0x0000000000002220      0x2fc contiki-sky.a(uip-ds6-route.o)
 .bss           0x000000000000251c      0x2d0 contiki-sky.a(uip-ds6-nbr.o)
 .bss           0x00000000000027ec       0x18 contiki-sky.a(uip-ds6.o)
 .bss           0x0000000000002804       0x10 contiki-sky.a(uip-icmp6.o)
 .bss           0x0000000000002814        0xa contiki-sky.a(uip-nd6.o)
 .bss           0x000000000000281e       0x10 contiki-sky.a(uip6.o)
                0x000000000000281e                uip_ext_bitmap
                0x0000000000002820                uip_ext_len
                0x0000000000002822                uip_ext_opt_offset
 .bss           0x000000000000282e       0x10 contiki-sky.a(collect-view.o)
 .bss           0x000000000000283e        0x8 contiki-sky.a(button-sensor.o)
 .bss           0x0000000000002846        0x2 contiki-sky.a(node-id.o)
                0x0000000000002846                node_id
 .bss           0x0000000000002848        0x6 contiki-sky.a(sensors.o)
 .bss           0x000000000000284e        0xa contiki-sky.a(cc2420.o)
 .bss           0x0000000000002858        0x4 contiki-sky.a(sky-sensors.o)
 .bss           0x000000000000285c       0x9a contiki-sky.a(uart1.o)
 .bss           0x00000000000028f6        0xa contiki-sky.a(clock.o)
 .bss           0x0000000000002900        0x2 contiki-sky.a(leds.o)
 .bss           0x0000000000002902        0x2 contiki-sky.a(watchdog.o)
 .bss           0x0000000000002904        0x2 contiki-sky.a(framer-802154.o)
 *(SORT(.bss.*))
 *(COMMON)
 COMMON         0x0000000000002906        0x8 contiki-sky.a(rimeaddr.o)
                0x0000000000002906                rimeaddr_node_addr
 COMMON         0x000000000000290e       0xbe contiki-sky.a(rpl-dag.o)
                0x000000000000290e                default_instance
                0x0000000000002910                instance_table
 COMMON         0x00000000000029cc        0x1 contiki-sky.a(process.o)
                0x00000000000029cc                process_maxevents
 *fill*         0x00000000000029cd        0x1 00
 COMMON         0x00000000000029ce        0x8 contiki-sky.a(compower.o)
                0x00000000000029ce                compower_idle_activity
 COMMON         0x00000000000029d6        0x1 contiki-sky.a(serial-line.o)
                0x00000000000029d6                serial_line_event_message
 *fill*         0x00000000000029d7        0x1 00
 COMMON         0x00000000000029d8       0x56 contiki-sky.a(energest.o)
                0x00000000000029d8                energest_total_time
                0x0000000000002a08                energest_total_count
                0x0000000000002a0a                energest_current_mode
                0x0000000000002a16                energest_current_time
 COMMON         0x0000000000002a2e       0x50 contiki-sky.a(packetbuf.o)
                0x0000000000002a2e                packetbuf_addrs
                0x0000000000002a4e                packetbuf_attrs
 COMMON         0x0000000000002a7e        0x8 contiki-sky.a(sicslowpan.o)
                0x0000000000002a7e                frag_sender
 COMMON         0x0000000000002a86        0x1 contiki-sky.a(tcpip.o)
                0x0000000000002a86                tcpip_event
 *fill*         0x0000000000002a87        0x1 00
 COMMON         0x0000000000002a88      0x15c contiki-sky.a(uip-ds6.o)
                0x0000000000002a88                uip_ds6_timer_ra
                0x0000000000002a90                uip_ds6_if
                0x0000000000002b7c                uip_ds6_netif_addr_list_offset
                0x0000000000002b7d                uip_ds6_addr_size
                0x0000000000002b7e                uip_ds6_prefix_list
                0x0000000000002bd8                uip_ds6_timer_periodic
 COMMON         0x0000000000002be4      0x304 contiki-sky.a(uip6.o)
                0x0000000000002be4                uip_len
                0x0000000000002be6                uip_sappdata
                0x0000000000002be8                uip_acc32
                0x0000000000002bec                uip_lladdr
                0x0000000000002bf4                uip_aligned_buf
                0x0000000000002ce4                uip_flags
                0x0000000000002ce6                uip_next_hdr
                0x0000000000002ce8                uip_udp_conn
                0x0000000000002cea                uip_appdata
                0x0000000000002cec                uip_conn
                0x0000000000002cee                uip_conns
                0x0000000000002d9e                uip_listenports
                0x0000000000002dae                uip_slen
                0x0000000000002db0                uip_udp_conns
 COMMON         0x0000000000002ee8        0x2 contiki-sky.a(contiki-sky-pla)
                0x0000000000002ee8                sensors_flags
 COMMON         0x0000000000002eea        0x8 contiki-sky.a(ds2411.o)
                0x0000000000002eea                ds2411_id
 COMMON         0x0000000000002ef2        0x1 contiki-sky.a(sensors.o)
                0x0000000000002ef2                sensors_event
 *fill*         0x0000000000002ef3        0x1 00
 COMMON         0x0000000000002ef4       0x14 contiki-sky.a(cc2420.o)
                0x0000000000002ef4                cc2420_last_rssi
                0x0000000000002ef6                cc2420_packets_read
                0x0000000000002ef8                cc2420_packets_seen
                0x0000000000002efa                cc2420_sfd_start_time
                0x0000000000002efc                cc2420_time_of_departure
                0x0000000000002efe                cc2420_time_of_arrival
                0x0000000000002f00                cc2420_last_correlation
                0x0000000000002f02                cc2420_authority_level_of_sender
                0x0000000000002f04                cc2420_sfd_counter
                0x0000000000002f06                cc2420_sfd_end_time
 COMMON         0x0000000000002f08        0x2 contiki-sky.a(msp430.o)
                0x0000000000002f08                msp430_dco_required
                0x0000000000002f0a                PROVIDE (__bss_end, .)
                0x0000000000002f0a                _end = .
                0x0000000000001d2a                PROVIDE (__bss_size, SIZEOF (.bss))

.noinit         0x0000000000002f0a        0x0 load address 0x000000000000f9d6
                0x0000000000002f0a                PROVIDE (__noinit_start, .)
 *(.noinit)
 *(.noinit.*)
 *(COMMON)
                0x0000000000002f0a                PROVIDE (__noinit_end, .)
                0x0000000000002f0a                _end = .

.infomem        0x0000000000001000        0x0
 *(.infomem)
                0x0000000000001000                . = ALIGN (0x2)
 *(.infomem.*)

.infomemnobits  0x0000000000001000        0x0
                0x0000000000001000                . = ALIGN (0x2)
 *(.infomemnobits)
                0x0000000000001000                . = ALIGN (0x2)
 *(.infomemnobits.*)

.vectors        0x000000000000ffe0       0x20
                0x000000000000ffe0                PROVIDE (__vectors_start, .)
 *(.vectors*)
 .vectors       0x000000000000ffe0       0x20 /usr/lib/gcc/msp430/4.5.3/mmpy-16/crt0ivtbl16.o
                0x000000000000ffe0                __ivtbl_16
                0x0000000000010000                _vectors_end = .

.fartext        0x0000000000000000        0x0
                0x0000000000000000                . = ALIGN (0x2)
 *(.fartext)
                0x0000000000000000                . = ALIGN (0x2)
 *(.fartext.*)
                0x0000000000000000                _efartext = .

.profiler
 *(.profiler)

.stab
 *(.stab)

.stabstr
 *(.stabstr)

.stab.excl
 *(.stab.excl)

.stab.exclstr
 *(.stab.exclstr)

.stab.index
 *(.stab.index)

.stab.indexstr
 *(.stab.indexstr)

.comment
 *(.comment)

.debug
 *(.debug)

.line
 *(.line)

.debug_srcinfo
 *(.debug_srcinfo)

.debug_sfnames
 *(.debug_sfnames)

.debug_aranges  0x0000000000000000      0x190
 *(.debug_aranges)
 .debug_aranges
                0x0000000000000000       0x14 /usr/lib/gcc/msp430/4.5.3/mmpy-16/libgcc.a(_mulsi3.o)
 .debug_aranges
                0x0000000000000014       0x14 /usr/lib/gcc/msp430/4.5.3/mmpy-16/libgcc.a(_udivmodhi4.o)
 .debug_aranges
                0x0000000000000028       0x14 /usr/lib/gcc/msp430/4.5.3/mmpy-16/libgcc.a(_divmodhi4.o)
 .debug_aranges
                0x000000000000003c       0x14 /usr/lib/gcc/msp430/4.5.3/mmpy-16/libgcc.a(_udivmodsi4.o)
 .debug_aranges
                0x0000000000000050       0x14 /usr/lib/gcc/msp430/4.5.3/mmpy-16/libgcc.a(_divmodsi4.o)
 .debug_aranges
                0x0000000000000064       0x14 /usr/lib/gcc/msp430/4.5.3/../../../../msp430/lib/mmpy-16/libc.a(strncmp.o)
 .debug_aranges
                0x0000000000000078       0x14 /usr/lib/gcc/msp430/4.5.3/../../../../msp430/lib/mmpy-16/libc.a(memcmp.o)
 .debug_aranges
                0x000000000000008c       0x14 /usr/lib/gcc/msp430/4.5.3/../../../../msp430/lib/mmpy-16/libc.a(memcpy.o)
 .debug_aranges
                0x00000000000000a0       0x14 /usr/lib/gcc/msp430/4.5.3/../../../../msp430/lib/mmpy-16/libc.a(memmove.o)
 .debug_aranges
                0x00000000000000b4       0x14 /usr/lib/gcc/msp430/4.5.3/../../../../msp430/lib/mmpy-16/libc.a(memset.o)
 .debug_aranges
                0x00000000000000c8       0x14 /usr/lib/gcc/msp430/4.5.3/../../../../msp430/lib/mmpy-16/libc.a(printf.o)
 .debug_aranges
                0x00000000000000dc       0x14 /usr/lib/gcc/msp430/4.5.3/../../../../msp430/lib/mmpy-16/libc.a(vuprintf.o)
 .debug_aranges
                0x00000000000000f0       0x14 /usr/lib/gcc/msp430/4.5.3/../../../../msp430/lib/mmpy-16/libc.a(puts.o)
 .debug_aranges
                0x0000000000000104       0x14 /usr/lib/gcc/msp430/4.5.3/../../../../msp430/lib/mmpy-16/libc.a(rand.o)
 .debug_aranges
                0x0000000000000118       0x14 /usr/lib/gcc/msp430/4.5.3/mmpy-16/libcrt0.a(__init_stack.o)
 .debug_aranges
                0x000000000000012c       0x14 /usr/lib/gcc/msp430/4.5.3/mmpy-16/libcrt0.a(__low_level_init.o)
 .debug_aranges
                0x0000000000000140       0x14 /usr/lib/gcc/msp430/4.5.3/mmpy-16/libcrt0.a(_copy_data.o)
 .debug_aranges
                0x0000000000000154       0x14 /usr/lib/gcc/msp430/4.5.3/mmpy-16/libcrt0.a(_clear_bss.o)
 .debug_aranges
                0x0000000000000168       0x14 /usr/lib/gcc/msp430/4.5.3/mmpy-16/libcrt0.a(_endless_loop__.o)
 .debug_aranges
                0x000000000000017c       0x14 /usr/lib/gcc/msp430/4.5.3/mmpy-16/libcrt0.a(_unexpected_.o)

.debug_pubnames
                0x0000000000000000      0x126
 *(.debug_pubnames)
 .debug_pubnames
                0x0000000000000000       0x1e /usr/lib/gcc/msp430/4.5.3/../../../../msp430/lib/mmpy-16/libc.a(strncmp.o)
 .debug_pubnames
                0x000000000000001e       0x1d /usr/lib/gcc/msp430/4.5.3/../../../../msp430/lib/mmpy-16/libc.a(memcmp.o)
 .debug_pubnames
                0x000000000000003b       0x1d /usr/lib/gcc/msp430/4.5.3/../../../../msp430/lib/mmpy-16/libc.a(memcpy.o)
 .debug_pubnames
                0x0000000000000058       0x1e /usr/lib/gcc/msp430/4.5.3/../../../../msp430/lib/mmpy-16/libc.a(memmove.o)
 .debug_pubnames
                0x0000000000000076       0x1d /usr/lib/gcc/msp430/4.5.3/../../../../msp430/lib/mmpy-16/libc.a(memset.o)
 .debug_pubnames
                0x0000000000000093       0x29 /usr/lib/gcc/msp430/4.5.3/../../../../msp430/lib/mmpy-16/libc.a(printf.o)
 .debug_pubnames
                0x00000000000000bc       0x1f /usr/lib/gcc/msp430/4.5.3/../../../../msp430/lib/mmpy-16/libc.a(vuprintf.o)
 .debug_pubnames
                0x00000000000000db       0x1b /usr/lib/gcc/msp430/4.5.3/../../../../msp430/lib/mmpy-16/libc.a(puts.o)
 .debug_pubnames
                0x00000000000000f6       0x30 /usr/lib/gcc/msp430/4.5.3/../../../../msp430/lib/mmpy-16/libc.a(rand.o)

.debug_info     0x0000000000000000     0x13cd
 *(.debug_info)
 .debug_info    0x0000000000000000       0xd7 /usr/lib/gcc/msp430/4.5.3/mmpy-16/libgcc.a(_mulsi3.o)
 .debug_info    0x00000000000000d7       0xd7 /usr/lib/gcc/msp430/4.5.3/mmpy-16/libgcc.a(_udivmodhi4.o)
 .debug_info    0x00000000000001ae       0xd7 /usr/lib/gcc/msp430/4.5.3/mmpy-16/libgcc.a(_divmodhi4.o)
 .debug_info    0x0000000000000285       0xd7 /usr/lib/gcc/msp430/4.5.3/mmpy-16/libgcc.a(_udivmodsi4.o)
 .debug_info    0x000000000000035c       0xd7 /usr/lib/gcc/msp430/4.5.3/mmpy-16/libgcc.a(_divmodsi4.o)
 .debug_info    0x0000000000000433       0xbd /usr/lib/gcc/msp430/4.5.3/../../../../msp430/lib/mmpy-16/libc.a(strncmp.o)
 .debug_info    0x00000000000004f0       0xe2 /usr/lib/gcc/msp430/4.5.3/../../../../msp430/lib/mmpy-16/libc.a(memcmp.o)
 .debug_info    0x00000000000005d2      0x111 /usr/lib/gcc/msp430/4.5.3/../../../../msp430/lib/mmpy-16/libc.a(memcpy.o)
 .debug_info    0x00000000000006e3      0x111 /usr/lib/gcc/msp430/4.5.3/../../../../msp430/lib/mmpy-16/libc.a(memmove.o)
 .debug_info    0x00000000000007f4       0xfe /usr/lib/gcc/msp430/4.5.3/../../../../msp430/lib/mmpy-16/libc.a(memset.o)
 .debug_info    0x00000000000008f2      0x103 /usr/lib/gcc/msp430/4.5.3/../../../../msp430/lib/mmpy-16/libc.a(printf.o)
 .debug_info    0x00000000000009f5      0x3b5 /usr/lib/gcc/msp430/4.5.3/../../../../msp430/lib/mmpy-16/libc.a(vuprintf.o)
 .debug_info    0x0000000000000daa       0x96 /usr/lib/gcc/msp430/4.5.3/../../../../msp430/lib/mmpy-16/libc.a(puts.o)